detergent_data.csv
store,week,sales,price,promoflag
14,1,42,8.682858,1
14,2,29,8.686552,0
14,3,58,8.721034,0
14,4,166,8.720723,0
14,5,86,6.99,1
14,6,43,8.79,1
14,7,66,9.09303,1
14,8,60,8.906667,1
14,9,59,8.984915,1
14,10,74,8.958919,0
14,11,43,9.638837,0
14,12,62,9.419032,0
14,13,50,10.12,1
14,14,75,9.512667,1
14,15,65,9.437693,1
14,16,74,9.326487,1
14,17,508,8.008583,1
14,18,60,9.34,0
14,19,97,9.027113,0
14,20,425,7.184118,1
14,21,96,7.2775,1
14,22,48,8.862917,0
14,23,64,8.891562,1
14,24,51,8.721373,1
14,25,64,8.766562,1
14,26,42,8.742381,1
14,27,59,9.095085,0
14,28,220,7.179545,1
14,29,69,7.437826,1
14,31,76,9.026842,0
14,32,95,9.395263,0
14,33,71,9.254788,0
14,34,84,9.307858,0
14,35,76,9.191316,0
14,36,90,9.812222,1
14,37,58,10.07448,1
14,38,68,10.00323,1
14,39,70,9.947143,1
14,40,55,10.09909,1
14,41,58,9.996897,1
14,42,52,10.03039,1
14,43,69,9.007391,1
14,44,54,9.79,0
14,45,31,9.854516,1
14,46,37,9.817027,1
14,47,44,10.04,1
14,48,23,10.02913,0
14,49,39,9.982307,0
14,50,48,9.550417,1
14,51,52,9.616923,1
14,52,38,9.145263,1
14,53,71,9.184366,1
14,54,256,7.009922,1
14,55,52,7.330385,1
14,56,18,8.734445,1
14,57,28,8.575714,0
14,58,54,8.404815,1
14,59,54,8.549259,0
14,60,56,8.657143,1
14,61,216,7.031667,1
14,62,116,6.998621,1
14,63,58,8.191724,1
14,64,61,8.364754,0
14,65,37,8.448108,1
14,66,50,8.482,1
14,67,55,8.751819,1
14,68,64,8.624375,1
14,69,72,8.495556,1
14,70,64,8.950937,1
14,71,76,9.093947,1
14,72,99,9.135253,1
14,73,343,6.969825,1
14,74,84,6.99,1
14,75,57,9.147895,1
14,76,62,9.135484,1
14,77,59,9.163559,1
14,78,71,10.20859,1
14,79,271,7.286088,1
14,81,86,9.685349,1
14,82,81,8.949506,1
14,83,79,8.977342,1
14,84,433,7.012171,1
14,85,75,9.663867,1
14,86,75,9.192933,1
14,88,113,7.30062,1
14,89,64,9.056562,1
14,90,73,8.394383,1
14,91,43,9.21093,1
14,92,69,9.068986,1
14,93,67,9.113731,1
14,94,53,9.031887,1
14,95,52,9.417308,1
14,96,37,9.348919,1
14,97,47,9.426808,1
14,98,40,9.328,0
14,99,46,9.378478,0
14,100,35,9.401714,1
14,101,47,9.426808,0
14,102,55,9.398364,1
14,103,50,9.2506,0
14,104,59,9.288644,1
14,105,399,8.076992,1
14,106,278,8.115611,1
14,107,70,8.332429,1
14,108,89,9.136404,0
14,109,53,9.56132,1
14,110,54,9.432777,0
14,111,89,8.216742,1
14,112,53,9.09717,1
14,113,337,8.072522,1
14,114,185,8.513783,1
14,115,80,8.55125,1
14,116,50,8.7458,1
14,117,81,8.822593,1
14,118,60,8.743167,1
14,119,67,8.734478,1
14,120,78,8.672565,1
14,121,56,9.421429,1
14,122,142,7.16169,1
14,123,63,7.496508,1
14,124,33,9.547273,1
14,125,38,9.19921,1
14,126,73,9.086438,1
14,127,393,6.352163,1
14,128,68,7.13103,1
14,129,40,9.34025,1
14,130,48,9.236667,1
14,131,40,9.32575,1
14,132,56,9.348572,1
14,133,40,9.24525,1
14,134,46,9.468478,1
14,135,72,9.489583,1
14,136,128,7.374375,1
14,137,57,8.035263,1
14,138,56,9.483393,1
14,139,114,7.750965,1
14,140,86,8.133605,1
14,141,63,8.478254,1
14,143,181,7.389006,1
14,144,40,9.46375,1
14,145,48,9.279375,1
14,146,69,9.356956,1
14,147,42,9.25,1
14,148,95,8.712211,1
14,149,75,8.7808,1
14,150,42,9.537143,1
14,151,35,9.537429,1
14,152,52,9.502115,1
14,153,33,9.474242,0
14,154,123,8.239349,1
14,155,56,9.408215,1
14,157,319,7.986207,1
14,158,202,8.100297,1
14,159,38,9.421053,1
14,160,49,9.444081,1
14,161,1220,7.001697,1
14,162,86,9.323837,1
14,163,43,9.490232,1
14,164,38,9.34579,1
14,165,18,9.320556,0
14,166,29,9.116897,1
14,167,37,9.181622,1
14,168,37,8.733514,1
14,169,109,8.671193,1
14,170,37,8.877027,1
14,171,37,8.877027,1
14,172,35,8.792286,1
14,173,34,9.05853,1
14,174,190,8.298684,0
14,175,87,8.188966,0
14,176,22,8.750909,1
14,177,26,8.79423,1
14,178,919,7.001001,1
14,179,158,7.053988,1
14,180,21,8.927143,0
14,181,17,9.527059,1
14,182,19,9.05579,1
14,183,24,8.95875,1
14,184,18,8.983334,1
14,185,60,7.270833,1
14,186,95,6.22,1
14,187,26,8.726153,1
18,1,55,7.95,1
18,2,60,7.456666,0
18,3,80,7.59,0
18,4,160,7.583125,0
18,7,49,8.039796,1
18,8,61,8.187049,1
18,9,57,8.127894,0
18,10,74,8.052432,0
18,11,43,8.457907,0
18,12,66,8.768788,0
18,13,69,9.261884,1
18,14,86,9.021163,1
18,15,87,8.585173,1
18,16,117,8.712051,1
18,17,463,7.980972,1
18,18,56,8.328571,0
18,19,76,8.09,0
18,20,523,7.048126,1
18,21,105,7.292095,1
18,22,51,7.929216,1
18,23,54,7.948148,1
18,37,90,9.025333,1
18,38,101,9.075743,1
18,39,87,8.985862,1
18,40,89,9.068427,1
18,41,78,9.078462,1
18,42,87,8.845173,1
18,43,76,8.849211,1
18,44,49,8.606326,0
18,45,56,8.623929,1
18,46,57,8.536667,1
18,47,55,8.903818,1
18,48,40,8.931,0
18,49,45,8.879333,0
18,50,47,8.567872,1
18,51,54,8.452222,1
18,52,51,8.548823,1
18,53,82,7.85439,1
18,54,351,7.04943,1
18,55,181,7.142597,1
18,56,67,7.569403,1
18,57,37,7.385676,0
18,58,49,7.38347,0
18,59,67,7.410298,0
18,60,79,7.484937,1
18,61,222,6.999009,1
18,62,142,7.05338,1
18,63,56,7.407857,1
18,64,39,7.441282,0
18,65,50,7.46,1
18,66,73,7.740685,1
18,67,61,8.544098,1
18,68,98,8.846123,1
18,69,98,8.434898,1
18,70,68,8.990588,1
18,71,68,8.860588,1
18,72,101,8.928614,1
18,73,417,6.99,1
18,74,95,6.99,1
18,75,69,8.91029,1
18,76,63,8.888412,1
18,77,57,8.872457,1
18,78,77,9.275714,1
18,79,231,7.310952,1
18,80,78,7.994872,1
18,81,82,8.997805,1
18,82,80,8.80475,1
18,83,85,8.812118,1
18,84,613,6.999788,1
18,85,53,9.027358,1
18,86,78,8.637179,1
18,87,93,7.442688,1
18,88,157,7.272802,1
18,89,77,8.451689,1
18,90,74,7.896081,1
18,91,50,8.539,1
18,92,51,8.372353,1
18,93,55,8.430909,1
18,94,59,8.545932,1
18,95,44,8.54,1
18,96,45,8.778889,1
18,97,44,8.715,1
18,98,54,8.575185,0
18,99,56,8.682858,0
18,100,48,8.725417,1
18,101,60,8.711667,0
18,102,50,8.774,1
18,104,59,8.662881,1
18,105,425,8.070235,1
18,106,317,8.064448,1
18,107,47,8.511276,1
18,108,75,8.698,0
18,109,59,8.972373,1
18,110,51,9.079412,0
18,111,88,8.035455,1
18,112,62,8.890967,1
18,113,398,8.053568,1
18,114,257,8.242529,1
18,115,77,8.581169,1
18,116,60,8.578167,1
18,117,64,8.67875,1
18,118,72,8.44625,1
18,119,73,8.62548,1
18,120,87,8.582759,1
18,121,76,8.8,1
18,122,267,7.12558,1
18,123,68,7.544412,1
18,124,38,8.804211,1
18,125,41,8.849512,1
18,126,75,8.564667,1
18,127,445,6.475393,1
18,128,58,7.641724,1
18,129,42,8.851905,1
18,130,54,8.762222,1
18,131,48,8.83375,1
18,132,68,8.776765,1
18,133,61,8.783442,1
18,134,51,8.776275,1
18,135,68,8.619411,1
18,136,240,7.33625,1
18,137,69,8.143623,1
18,138,53,8.74849,1
18,139,95,7.802631,1
18,140,97,8.282784,1
18,141,62,8.330322,1
18,142,78,8.532308,1
18,143,182,7.158681,1
18,144,53,8.69,1
18,145,98,6.699796,1
18,146,106,6.640849,1
18,147,61,8.671639,1
18,148,218,6.812386,1
18,150,43,8.831861,1
18,151,46,8.774782,1
18,152,60,8.733334,1
18,153,47,8.681489,0
18,154,121,8.232149,1
18,155,62,8.710968,1
18,156,55,8.666909,1
18,157,537,7.943147,1
18,158,290,7.863689,1
18,159,46,8.798696,1
18,160,33,8.866364,1
18,161,2107,7.007475,1
18,162,24,8.776667,1
18,163,29,9.22069,1
18,164,34,8.989706,1
18,165,29,9.098966,0
18,166,23,9.402174,1
18,167,42,9.064285,1
18,168,28,8.435,1
18,169,90,6.096334,1
18,170,40,8.3805,1
18,171,37,8.302432,1
18,172,41,8.102683,1
18,173,55,8.207091,1
18,174,138,7.968986,0
18,175,100,8.0426,0
18,176,19,8.693158,1
18,177,35,8.201428,1
18,178,1042,7.019558,1
18,179,170,7.116824,1
18,180,43,8.194186,0
18,181,27,8.293704,1
18,182,19,8.463684,1
18,183,28,8.512857,1
18,184,20,8.435,1
18,185,56,7.375,1
18,186,198,6.09303,1
18,187,30,8.398666,1
18,188,47,8.261064,0
21,1,28,7.382857,1
21,2,43,7.408605,0
21,3,56,7.561429,0
21,4,128,7.497812,0
21,5,108,7.027037,1
21,6,50,7.942,1
21,8,69,7.868841,1
21,9,43,8.067209,1
21,10,72,7.974167,0
21,11,55,8.567091,0
21,12,54,8.315556,0
21,13,38,8.663157,1
21,14,57,8.744386,1
21,15,69,8.403044,1
21,16,98,8.35653,1
21,17,352,7.98517,1
21,18,37,8.29,0
21,19,86,8.015117,0
21,20,271,7.03428,1
21,21,84,7.156667,1
21,24,49,7.592041,1
21,25,64,7.513437,1
21,26,54,7.573333,1
21,27,37,8.327838,0
21,28,156,7.038077,1
21,29,145,7.06931,1
21,30,44,7.603636,0
21,31,31,8.006129,0
21,32,66,8.118788,0
21,33,61,7.621148,0
21,34,72,7.781667,0
21,35,47,7.958085,1
21,36,54,8.388148,1
21,37,41,8.697317,1
21,38,59,8.600169,1
21,39,49,8.683878,1
21,40,47,8.681489,1
21,41,40,8.66,1
21,43,45,8.745556,1
21,44,32,8.818125,0
21,45,40,8.8275,1
21,46,34,8.784118,1
21,47,41,8.648537,1
21,48,25,8.57,0
21,49,21,8.704286,0
21,50,33,8.550606,1
21,51,35,8.418571,1
21,52,32,8.161875,1
21,53,42,7.692381,1
21,54,155,7.006774,1
21,55,45,7.434444,1
21,56,38,7.187368,1
21,57,45,7.123333,0
21,58,32,6.99,0
21,59,45,7.123333,0
21,60,44,7.274091,1
21,61,108,7.017778,1
21,62,48,7.031667,1
21,63,45,7.045556,1
21,64,49,7.092041,0
21,65,31,7.006129,1
21,66,55,7.662727,1
21,67,36,8.559444,1
21,68,46,8.870435,1
21,69,43,8.152791,1
21,70,43,8.850465,1
21,71,45,8.843333,1
21,72,49,8.900204,1
21,73,231,6.997792,1
21,74,63,7.004286,1
21,75,30,8.696667,1
21,76,37,8.781892,1
21,77,33,8.856667,1
21,78,51,8.83902,1
21,79,148,7.218379,1
21,80,48,7.565,1
21,81,60,8.641666,1
21,82,74,8.662973,1
21,83,56,8.754286,1
21,84,273,7.003187,1
21,85,41,8.829024,1
21,86,63,8.41381,1
21,87,74,7.452162,1
21,88,80,7.23375,1
21,89,53,8.24283,1
21,90,65,7.920769,1
21,91,52,8.291924,1
21,92,48,8.210834,1
21,93,59,8.132373,1
21,94,43,8.273721,1
21,95,37,8.187297,1
21,96,43,8.248139,1
21,97,42,8.230476,1
21,98,38,8.266315,0
21,99,32,8.199375,0
21,100,22,7.89,1
21,101,28,8.204286,0
21,102,37,8.217027,1
21,103,34,8.245882,0
21,104,40,8.165,1
21,105,202,7.960792,1
21,106,120,8.051666,0
21,107,30,8.323334,1
21,108,60,8.405,1
21,109,27,8.507778,1
21,110,47,8.456808,0
21,111,63,7.797936,1
21,112,39,8.663846,1
21,113,185,7.98027,1
21,114,144,8.1275,1
21,115,42,8.349524,1
21,116,36,8.598333,1
21,117,44,8.533182,1
21,118,32,8.431875,1
21,119,35,8.412857,1
21,120,46,8.296087,1
21,121,57,7.897719,1
21,122,100,7.106,1
21,123,53,7.755661,1
21,124,32,8.380625,1
21,125,25,8.3764,1
21,126,38,7.652105,0
21,127,197,6.24736,1
21,128,47,7.116808,1
21,129,29,8.421035,1
21,130,25,8.286,0
21,131,39,8.172051,0
21,132,39,8.425898,0
21,133,28,8.322143,0
21,134,29,8.307241,1
21,135,48,8.031042,1
21,136,111,7.231351,1
21,137,42,7.74,1
21,138,31,8.259678,1
21,139,64,7.829062,1
21,140,37,8.281351,1
21,141,29,8.476207,1
21,142,30,8.375,1
21,143,94,7.375106,1
21,144,24,8.294167,1
21,145,37,8.276486,1
21,146,29,8.403793,1
21,147,31,8.431935,1
21,148,86,8.11093,1
21,149,60,7.7215,1
21,150,73,6.754384,0
21,151,35,6.961429,1
21,152,24,8.1225,1
21,153,31,8.383549,0
21,154,55,8.242727,1
21,155,31,8.298064,0
21,156,38,8.423947,1
21,157,192,8.023021,1
21,158,99,8.114243,1
21,159,30,8.569667,1
21,160,30,8.363334,1
21,161,1178,7.004159,1
21,162,32,8.641875,1
21,163,24,8.475833,1
21,164,48,6.21125,1
21,165,19,9.127894,0
21,166,19,9.071579,1
21,167,23,8.531739,1
21,168,19,8.304737,1
21,169,36,8.218333,1
21,170,27,8.327778,1
21,171,25,8.284,1
21,172,35,8.284,1
21,173,17,8.121765,1
21,174,79,7.989747,0
21,175,78,8.092052,0
21,176,27,8.254815,1
21,177,25,8.3628,1
21,178,655,7.003145,1
21,179,144,7.053958,1
21,180,24,8.218333,0
21,181,37,8.369189,1
21,182,26,8.268847,1
21,183,23,8.146956,1
21,184,22,8.158636,1
21,185,47,7.356383,1
21,186,112,6.128214,1
21,187,21,8.359048,1
21,188,19,8.512105,0
28,1,25,8.4708,1
28,2,16,7.85,0
28,3,31,7.854516,0
28,4,148,7.834865,0
28,5,144,6.99,1
28,6,14,7.838572,1
28,7,39,7.979743,1
28,8,37,8.080811,1
28,9,41,8.12122,1
28,10,38,7.941579,0
28,11,31,8.424839,0
28,12,34,8.394117,0
28,13,22,8.620909,1
28,14,51,8.897451,1
28,15,44,8.540455,1
28,16,71,8.509437,1
28,17,226,7.980089,1
28,18,35,8.845428,0
28,19,43,8.471395,0
28,20,354,7.153672,1
28,21,87,7.076207,1
28,22,34,8.136471,0
28,23,33,8.226363,1
28,24,23,8.024782,1
28,25,35,8.002,1
28,26,22,7.977273,1
28,27,30,8.356667,0
28,28,176,7.048182,1
28,30,43,8.066744,0
28,31,35,8.100857,0
28,32,33,8.039091,0
28,33,38,8.326316,0
28,34,31,8.212581,0
28,35,26,8.366154,1
28,36,35,8.867714,1
28,37,38,9.195263,1
28,38,31,9.11129,1
28,39,39,9.177179,1
28,40,36,9.165,1
28,41,32,9.103125,1
28,42,32,8.724375,1
28,43,29,8.801724,1
28,44,17,9.231176,0
28,45,35,8.807143,1
28,46,24,8.97,1
28,47,24,9.135,1
28,48,23,9.230869,0
28,49,21,9.001429,0
28,50,27,9.067778,1
28,51,17,8.684117,1
28,52,23,8.643913,1
28,53,34,8.192941,1
28,54,128,6.997031,1
28,55,105,7.069809,1
28,56,18,7.607778,1
28,57,42,8.763333,0
28,58,49,8.575714,0
28,59,34,8.088823,0
28,60,40,8.515,1
28,61,96,7.026458,1
28,62,47,7.096383,1
28,63,27,7.401111,1
28,64,32,8.0775,0
28,65,34,7.64,1
28,66,30,7.736667,1
28,67,36,8.54,1
28,68,43,8.92907,1
28,69,53,8.059812,1
28,70,33,8.880909,1
28,71,40,8.765,1
28,72,41,8.885122,1
28,73,225,7.007333,1
28,74,44,7.078636,1
28,75,32,8.87125,1
28,76,27,8.89,1
28,77,29,8.858966,1
28,78,44,9.29,1
28,79,116,7.246724,1
28,80,70,7.466286,1
28,81,49,9.212857,1
28,82,45,8.840667,1
28,83,33,8.823939,1
28,84,149,7.006107,1
28,85,44,9.240455,1
28,86,47,8.53766,1
28,87,54,7.727037,1
28,88,118,7.256949,1
28,89,40,8.4975,1
28,90,52,8.106346,1
28,91,30,8.641666,1
28,92,33,8.405151,1
28,93,44,8.553637,1
28,94,32,8.474375,1
28,95,22,8.74,1
28,96,21,8.761429,1
28,97,26,8.755384,1
28,98,23,8.720435,0
28,99,29,8.517586,0
28,100,21,8.604285,1
28,101,29,8.555517,0
28,102,21,8.709047,1
28,103,27,8.575185,0
28,104,20,8.565,1
28,105,223,8.063094,1
28,106,167,8.043892,1
28,107,42,8.226905,1
28,110,31,8.740322,0
28,111,30,8.34,1
28,112,34,8.715882,1
28,113,121,8.032148,1
28,114,90,8.192223,1
28,115,31,8.741612,1
28,116,21,8.599524,1
28,117,23,8.585652,1
28,118,32,8.52875,1
28,119,28,8.52,1
28,120,41,8.362195,1
28,121,28,8.717857,1
28,122,99,7.161717,1
28,123,31,7.383548,1
28,124,28,8.842857,1
28,125,22,8.696363,1
28,126,33,8.532424,1
28,127,172,6.391163,1
28,128,24,6.731667,1
28,129,19,8.684737,1
28,130,18,8.501111,1
28,131,22,8.821818,1
28,132,23,8.868261,1
28,133,20,8.62,1
28,134,23,8.603044,1
28,135,26,8.655385,1
28,136,85,7.239412,1
28,137,32,7.661875,1
28,138,24,8.606667,1
28,140,79,8.050759,1
28,141,21,8.19,1
28,143,54,7.330741,1
28,144,21,8.432858,1
28,145,23,8.411739,1
28,146,17,8.454706,1
28,147,16,8.465,1
28,148,73,8.180411,1
28,149,39,8.13359,1
28,150,15,8.423333,1
28,151,22,8.608182,1
28,152,18,8.567778,1
28,153,22,8.608182,0
28,154,49,8.122653,1
28,155,29,8.393448,1
28,156,17,8.457647,1
28,157,197,7.923604,1
28,158,89,8.002247,1
28,159,17,8.466471,1
28,160,14,8.79,1
28,161,669,6.99,1
28,162,24,8.40875,1
28,163,20,8.746,1
28,164,19,8.609473,1
28,165,24,8.673333,1
28,166,12,8.79,1
28,167,17,8.79,1
28,168,20,7.89,1
28,169,25,7.89,1
28,170,18,7.89,1
28,171,19,7.89,1
28,172,15,7.943333,1
28,173,11,7.89,1
28,174,105,7.89,0
28,175,47,7.89,0
28,176,12,7.89,1
28,177,11,7.89,1
28,178,398,6.99,1
28,179,77,6.99,1
28,180,13,7.89,0
28,181,9,7.89,1
28,182,15,7.89,1
28,183,14,7.89,1
28,184,6,7.89,1
28,185,11,6.99,1
28,186,64,5.99,1
28,187,17,7.89,1
32,1,56,8.754286,1
32,2,43,8.755116,0
32,3,82,8.81439,0
32,4,284,8.756549,0
32,7,108,8.882592,1
32,8,76,8.882105,1
32,9,77,8.893896,0
32,10,100,9.085,0
32,11,43,9.383023,0
32,12,76,9.553158,0
32,13,62,10.09645,1
32,14,85,9.881764,1
32,15,81,9.285062,1
32,18,70,9.782857,0
32,19,137,9.074672,0
32,23,61,9.019508,1
32,37,97,10.04773,1
32,38,80,9.98375,1
32,39,79,10.03684,1
32,40,74,10.10757,1
32,41,72,10.00528,1
32,42,112,9.339108,1
32,43,79,9.587468,1
32,44,50,9.72,0
32,45,57,9.29,1
32,46,41,10.16805,1
32,47,39,9.80282,1
32,48,36,10.17889,0
32,49,42,10.00429,0
32,50,38,9.882105,1
32,51,42,9.706667,1
32,52,52,9.703462,1
32,53,101,8.948416,1
32,54,390,7.016923,1
32,55,155,7.129355,1
32,56,34,8.29,1
32,57,73,8.481781,0
32,58,66,8.570303,0
32,59,72,8.456667,0
32,60,92,8.314782,1
32,61,323,7.003932,1
32,62,94,7.069787,1
32,63,57,8.163684,1
32,64,61,8.388197,0
32,65,49,8.371428,1
32,66,71,8.430845,1
32,67,48,9.015,1
32,68,87,8.939425,1
32,69,153,7.971046,1
32,70,78,9.273334,1
32,71,86,9.124651,1
32,72,123,9.13504,1
32,73,500,7.00248,1
32,74,105,7.049428,1
32,75,48,9.1325,1
32,76,74,9.139189,1
32,77,62,9.157742,1
32,78,113,10.13832,1
32,79,324,7.244197,1
32,80,168,7.504762,1
32,81,92,9.601956,1
32,82,90,8.849556,1
32,83,74,8.923513,1
32,84,505,7.018515,1
32,85,73,9.654384,1
32,86,71,9.250281,1
32,87,126,8.130318,1
32,88,207,7.305942,1
32,89,102,8.980588,1
32,90,144,8.155486,1
32,91,63,9.121111,1
32,92,88,9.1425,1
32,93,80,9.1685,1
32,94,83,9.320361,1
32,95,45,9.299334,1
32,96,50,9.4828,1
32,97,48,9.419375,1
32,98,41,9.384634,0
32,99,63,9.540953,0
32,100,51,9.398824,1
32,101,65,9.466923,0
32,102,46,9.378478,1
32,103,48,9.44625,0
32,104,49,9.491224,1
32,105,418,8.07921,1
32,106,236,8.273898,1
32,107,83,8.566747,1
32,108,101,9.210495,0
32,109,43,9.595349,1
32,110,54,9.368889,0
32,111,139,7.746259,1
32,112,65,8.85677,1
32,113,383,8.059243,1
32,114,189,8.373015,1
32,115,81,8.916667,1
32,116,60,8.870167,1
32,117,71,8.851268,1
32,118,75,8.699467,1
32,119,55,8.750546,1
32,120,88,8.782272,1
32,121,83,9.34494,1
32,122,290,7.101758,1
32,123,81,7.441482,1
32,124,30,9.520333,1
32,125,46,9.198695,1
32,126,94,9.199574,1
32,127,392,6.271735,1
32,128,177,6.837853,1
32,129,47,9.180426,1
32,130,43,9.493488,1
32,131,47,9.558511,1
32,132,45,9.413555,1
32,133,39,9.392564,1
32,134,48,9.475208,1
32,135,63,9.399206,1
32,136,228,7.145439,1
32,137,77,7.718701,1
32,138,54,9.46037,1
32,139,122,7.803935,1
32,140,88,8.082841,1
32,141,83,8.799518,1
32,142,80,8.631375,1
32,143,285,7.232772,1
32,144,43,9.664418,1
32,146,35,9.422286,1
32,147,85,9.305058,1
32,148,135,8.762222,1
32,149,84,8.7625,1
32,150,39,9.928205,1
32,151,62,9.578065,1
32,152,50,9.5846,1
32,153,39,9.531282,0
32,154,171,8.333041,1
32,155,34,9.419412,1
32,156,31,9.401613,1
32,157,351,8.061937,1
32,158,211,8.283934,1
32,159,56,9.535536,1
32,160,61,9.607541,1
32,161,1923,7.014685,1
32,162,62,9.34129,1
32,163,30,9.615334,1
32,164,25,9.4908,1
32,165,28,9.688214,1
32,166,30,9.589334,1
32,167,33,9.207879,1
32,168,38,9.05579,1
32,169,57,8.931579,1
32,170,31,9.218064,1
32,171,34,9.266765,1
32,172,35,9.247429,1
32,173,48,8.885,1
32,174,193,8.428964,0
32,175,117,8.488975,0
32,176,28,9.158929,1
32,177,47,8.853617,1
32,178,1009,7.02006,1
32,179,117,7.335641,1
32,180,34,9.006471,0
32,181,30,9.003,1
32,182,27,8.983334,1
32,183,34,9.110588,1
32,184,18,8.885,1
32,185,18,7.738889,1
32,186,159,6.319811,1
32,187,31,9.218064,1
