detergent_data.csv
store,week,sales,price,promoflag
33,1,15,9.09,1
33,2,9,8.901111,0
33,3,11,8.880909,0
33,4,68,8.804706,0
33,5,19,6.99,1
33,6,9,9.178889,1
33,7,16,8.665,1
33,8,21,9.099524,1
33,9,18,9.04,1
33,10,20,9.065,0
33,11,6,9.79,0
33,12,13,9.866923,0
33,13,19,10.15842,1
33,14,10,9.39,1
33,15,15,9.33,1
33,16,25,9.262,1
33,17,127,8.059607,1
33,18,13,9.366923,0
33,19,18,9.706667,0
33,20,127,7.183701,1
33,21,36,7.348333,1
33,22,15,8.856667,1
33,23,16,9.32125,1
33,24,8,9.04,1
33,25,13,9.136154,1
33,26,12,9.165,1
33,27,18,9.206667,0
33,28,52,7.278461,1
33,29,20,8.04,1
33,30,13,9.482307,0
33,33,12,9.54,0
33,34,14,9.54,0
33,35,10,9.09,0
33,36,7,9.647142,1
33,37,9,10.29,1
33,38,5,10.29,1
33,39,11,10.19909,1
33,40,7,10.29,1
33,41,9,10.29,1
33,42,17,9.231176,1
33,43,23,9.376957,1
33,44,9,9.29,0
33,45,11,10.01727,1
33,46,12,10.04,1
33,47,16,9.79,1
33,48,19,9.816316,0
33,49,13,9.328462,0
33,50,11,9.562727,1
33,51,7,9.147142,1
33,52,14,9.897142,1
33,53,11,8.79,1
33,54,67,7.021343,1
33,55,15,7.15,1
33,56,7,8.29,1
33,57,6,8.623333,0
33,58,2,8.29,0
33,59,2,8.29,0
33,60,12,8.48,1
33,61,58,7.041724,1
33,62,1,7.49,0
33,63,2,7.49,1
33,64,5,8.86,0
33,65,1,8.86,1
33,66,3,7.49,1
33,68,10,9.09,1
33,69,10,8.33,1
33,70,9,9.134444,1
33,71,7,8.99,1
33,72,8,8.99,1
33,73,44,6.99,1
33,74,15,6.99,1
33,75,4,8.99,1
33,76,10,8.99,1
33,77,11,8.99,1
33,78,10,10.325,1
33,79,120,7.060667,1
33,80,50,7.3716,1
33,81,13,9.200769,1
33,82,97,9.001134,0
33,83,6,9.11,1
33,84,57,6.99,1
33,85,5,9.61,1
33,86,11,9.61,1
33,87,15,6.99,1
33,88,31,7.270645,1
33,92,9,8.57,1
33,93,13,8.57,1
33,104,5,9.07,1
33,105,36,7.99,1
33,106,69,8.058696,0
33,107,4,10.36,0
33,108,7,10.36,0
33,109,7,8.868571,1
33,110,5,9.844,0
33,111,19,8.180527,1
33,112,11,9.890909,1
33,113,63,8.246667,1
33,114,33,8.254545,1
33,115,10,8.841,1
33,116,3,9.636666,1
33,117,2,10.36,1
33,118,2,10.36,1
33,120,5,10.36,1
33,121,7,8.434286,1
33,122,61,7.26623,1
33,123,36,7.505833,1
33,124,13,8.286154,1
33,125,6,8.78,1
33,126,4,9.7675,1
33,127,51,6.450392,1
33,128,3,10.36,1
33,129,4,10.36,1
33,130,4,10.36,0
33,131,4,10.36,0
33,132,1,10.36,0
33,133,3,10.36,1
33,134,7,10.36,1
33,135,6,10.36,1
33,136,8,9.09625,1
33,137,4,10.36,1
33,138,4,10.36,1
33,139,15,7.439333,1
33,140,16,8.698125,1
33,141,8,10.0375,1
33,142,8,9.675,1
33,143,31,7.642258,1
33,144,1,10.36,1
33,145,4,10.36,1
33,146,7,10.36,1
33,147,10,9.844,1
33,148,22,9.020909,1
33,149,12,9.285,1
33,150,19,8.356316,0
33,151,2,6.99,1
33,152,7,6.99,1
33,153,1,6.99,0
33,154,5,7.99,1
33,155,5,9.294,0
33,156,5,9.22,1
33,157,99,8.092222,1
33,158,58,8.241035,1
33,159,5,9.518,1
33,160,11,9.138182,1
33,161,775,7.000735,1
33,162,11,9.160909,1
33,163,7,7.687143,1
33,164,2,9.195,1
33,165,7,8.904285,0
33,166,15,8.916667,1
33,167,22,8.853182,1
33,168,16,8.59,1
33,169,13,8.59,1
33,170,12,8.59,1
33,171,16,8.59,1
33,172,19,8.59,1
33,173,18,8.59,1
33,174,88,8.194546,1
33,175,50,8.2614,1
33,176,16,8.59,1
33,177,20,8.59,1
33,178,399,6.99,1
33,179,97,7.131855,1
33,180,7,8.59,0
33,181,10,8.59,1
33,182,9,8.59,1
33,183,16,8.59,1
33,184,9,8.59,1
33,185,24,7.056667,1
33,186,83,5.99,1
33,187,13,8.59,1
40,1,28,7.400714,1
40,2,39,7.336154,0
40,4,167,7.597785,0
40,5,114,7.187368,1
40,6,83,7.839397,1
40,7,77,7.982208,1
40,8,55,7.701636,1
40,9,50,7.9352,1
40,10,60,7.963666,0
40,15,54,8.290741,1
40,16,75,8.2868,0
40,17,661,7.93947,1
40,18,62,7.95258,0
40,19,84,7.970238,0
40,20,543,7.03604,1
40,21,100,7.085,1
40,22,27,7.527037,1
40,23,41,7.575366,1
40,24,41,7.575366,1
40,25,30,7.723333,1
40,26,31,7.748065,1
40,27,46,7.903043,0
40,28,176,7.035455,1
40,29,121,7.056116,1
40,30,50,7.55,0
40,31,50,7.85,0
40,32,49,7.979796,0
40,33,42,7.775714,0
40,34,59,7.710339,0
40,35,53,7.952264,1
40,36,58,8.395172,1
40,38,49,8.683878,1
40,39,40,8.715,0
40,40,59,8.727288,1
40,41,37,8.719729,1
40,42,46,8.674783,1
40,43,43,8.49,1
40,50,27,8.304814,1
40,51,29,7.921034,1
40,52,33,8.459697,1
40,53,60,7.59,1
40,54,296,7.012297,1
40,55,108,7.064074,1
40,56,36,7.323333,1
40,57,49,7.173674,0
40,58,42,7.037619,1
40,59,58,7.093448,0
40,60,62,6.99,1
40,61,139,6.99,1
40,62,158,6.99,1
40,63,74,6.99,1
40,64,41,6.99,0
40,65,53,7.018302,1
40,66,46,7.22913,1
40,67,56,8.186429,1
40,68,44,8.637728,1
40,69,75,7.999333,1
40,70,47,8.734681,1
40,71,42,8.516191,1
40,72,80,8.57625,1
40,73,378,7.004286,1
40,74,70,7.08,1
40,75,45,8.616667,1
40,78,74,8.671082,1
40,79,195,7.163846,1
40,80,63,7.509048,1
40,81,64,8.904062,1
40,82,47,8.919787,1
40,83,54,8.888148,1
40,84,327,6.998257,1
40,85,74,8.900811,1
40,86,67,8.382537,1
40,87,111,7.517027,1
40,88,112,7.247143,1
40,89,49,8.204286,1
40,90,75,8.015333,1
40,91,49,8.181837,1
40,92,49,8.271632,1
40,93,47,8.358085,1
40,94,61,8.21459,1
40,95,46,8.344348,1
40,96,36,8.44,1
40,97,45,8.256667,1
40,98,55,8.31,0
40,99,31,8.351291,0
40,100,34,8.342941,1
40,101,39,8.284872,0
40,102,32,8.37125,1
40,103,40,8.22,0
40,104,68,8.197353,1
40,105,371,7.934474,1
40,106,198,7.977374,0
40,107,50,8.373,1
40,108,75,8.512667,1
40,109,37,8.519189,1
40,110,33,8.425152,0
40,111,65,7.861538,1
40,112,38,8.648948,1
40,113,288,7.949028,1
40,114,206,8.024951,1
40,115,57,8.511053,1
40,116,45,8.796667,1
40,117,36,8.636111,1
40,118,37,8.454595,1
40,119,41,8.398781,1
40,120,40,8.4665,1
40,121,58,7.864138,1
40,122,142,7.201972,1
40,123,47,7.595957,1
40,124,29,8.812758,1
40,125,37,8.552162,1
40,126,56,7.376786,0
40,127,243,6.181769,1
40,128,80,6.91575,1
40,129,52,8.524615,1
40,130,28,8.322143,0
40,131,39,8.172051,0
40,132,47,8.311276,0
40,133,37,8.454865,0
40,134,37,8.335946,0
40,135,53,7.993396,0
40,136,122,7.487541,1
40,137,63,7.835238,1
40,138,48,8.317083,1
40,139,51,7.701765,1
40,140,53,8.318302,1
40,141,46,8.285652,1
40,142,48,8.4475,1
40,143,83,7.341807,1
40,144,35,8.512857,1
40,145,65,6.256154,1
40,146,58,6.454655,1
40,147,40,8.2575,1
40,148,251,6.034422,1
40,149,51,8.337059,1
40,150,38,8.418947,0
40,151,34,8.418235,1
40,152,40,8.4425,1
40,153,39,8.631025,0
40,154,43,8.385349,1
40,155,40,8.65,0
40,156,24,8.702084,1
40,157,232,8.000517,1
40,158,129,7.834341,1
40,159,38,8.334737,1
40,160,23,8.496522,1
40,161,1788,6.996851,1
40,162,39,7.043846,1
40,163,17,8.163529,1
40,164,13,7.536923,1
40,165,19,8.742632,0
40,166,23,9.044348,1
40,167,24,8.77125,1
40,168,15,8.096666,1
40,169,64,5.819687,1
40,170,14,8.000714,1
40,171,20,7.89,1
40,172,16,7.89,1
40,173,24,7.89,1
40,174,101,7.89,0
40,175,58,7.89,0
40,176,12,7.89,1
40,177,11,7.89,1
40,178,560,6.99,1
40,179,160,7.03925,1
40,180,13,7.89,0
40,181,18,7.725555,1
40,182,17,7.89,1
40,183,18,7.89,1
40,184,11,7.89,1
40,185,22,6.99,1
40,186,62,5.99,1
40,187,16,7.89,1
40,188,10,7.89,0
40,189,15,7.89,0
44,1,35,8.126572,1
44,2,46,7.79087,0
44,3,55,7.962,0
44,4,169,7.869408,0
44,5,228,6.99,1
44,6,63,7.876032,1
44,7,65,7.890615,1
44,8,108,8.051481,1
44,9,93,8.082043,1
44,10,82,8.042195,0
44,11,49,8.993673,0
44,12,73,8.686986,0
44,14,60,9.044,1
44,15,101,8.81099,1
44,16,85,8.562942,1
44,17,291,7.955154,1
44,18,76,8.403158,0
44,19,121,8.208843,0
44,20,441,7.037664,1
44,21,112,7.177679,1
44,22,72,8.061111,1
44,23,65,8.061077,1
44,24,77,8.166364,1
44,25,68,8.160588,1
44,28,169,7.198521,1
44,30,69,8.071739,0
44,31,60,8.558333,0
44,32,70,8.615143,0
44,33,95,8.404527,0
44,34,75,8.277734,0
44,35,85,8.423882,0
44,36,71,8.770282,1
44,37,89,9.210449,1
44,38,52,9.1,1
44,40,59,9.206949,1
44,41,65,9.043846,1
44,42,84,8.761429,1
44,43,69,9.011739,1
44,44,53,9.039057,0
44,45,66,9.144546,1
44,46,57,8.847895,1
44,47,58,9.362069,1
44,48,28,9.06,0
44,49,42,9.218572,0
44,50,59,8.775763,1
44,51,69,8.523044,1
44,52,55,8.783455,1
44,53,76,8.287106,1
44,54,428,7.022617,1
44,55,95,7.433579,1
44,56,58,7.454828,1
44,57,84,7.481905,0
44,58,87,7.46931,1
44,59,96,7.725417,1
44,60,99,7.859697,1
44,61,312,7.00282,1
44,62,117,7.084017,1
44,63,75,7.403333,1
44,65,60,7.49,1
44,66,89,7.863034,1
44,67,98,8.716531,1
44,68,107,8.873551,1
44,71,117,8.784018,1
44,72,134,8.883284,1
44,73,499,7.003026,1
44,74,102,7.142941,1
44,75,90,8.842222,1
44,76,106,8.886227,1
44,77,80,8.85,1
44,78,94,9.261276,1
44,79,357,7.219524,1
44,80,122,7.677377,1
44,81,89,8.931348,1
44,82,115,8.878174,1
44,83,123,8.820244,1
44,84,414,7.018985,1
44,85,102,9.128431,1
44,86,107,8.523084,1
44,87,201,7.472587,1
44,88,201,7.292985,1
44,89,110,8.377273,1
44,90,109,7.87211,1
44,91,65,8.109231,1
44,92,77,8.075714,1
44,93,69,8.079855,1
44,94,72,8.095555,1
44,95,61,8.29,1
44,96,34,8.29,1
44,97,47,8.29,1
44,98,58,8.29,0
44,99,44,8.29,0
44,100,46,8.29,1
44,101,56,8.29,0
44,102,67,8.29,1
44,103,68,8.29,0
44,104,63,8.29,1
44,105,422,8.000664,1
44,106,269,8.059517,0
44,107,71,8.211972,1
44,108,107,8.529252,1
44,109,56,8.645,1
44,110,80,8.561875,0
44,111,113,7.984513,1
44,112,69,8.608261,1
44,113,374,8.038931,1
44,114,225,8.242978,1
44,115,99,8.48596,1
44,116,74,8.338649,1
44,117,85,8.514706,1
44,118,104,8.346539,1
44,119,100,8.407,1
44,120,96,8.527708,1
44,121,103,7.895631,1
44,122,319,7.095643,1
44,123,101,7.688812,1
44,124,59,8.705933,1
44,125,73,8.607261,1
44,126,81,7.524815,1
44,127,375,6.2732,1
44,128,86,7.237558,1
44,129,68,8.467941,1
44,130,69,8.533479,1
44,131,75,8.448667,1
44,132,80,8.505,1
44,133,68,8.521176,1
44,134,69,8.608841,1
44,135,99,8.130909,1
44,136,239,7.139372,1
44,137,79,7.755823,1
44,138,73,8.502329,1
44,139,167,7.703773,1
44,140,111,8.111081,1
44,141,92,8.29,1
44,142,96,8.366875,1
44,143,287,7.195227,1
44,144,75,8.603066,1
44,145,80,8.5815,1
44,146,84,8.495,1
44,147,92,8.525217,1
44,148,256,8.254258,1
44,149,86,8.308837,1
44,150,62,8.623871,0
44,151,70,8.584286,1
44,152,61,8.522787,1
44,153,65,8.508462,0
44,154,204,8.166961,1
44,155,83,8.59,0
44,156,76,8.522237,1
44,157,374,8.00123,1
44,158,270,8.039148,1
44,159,58,8.603793,1
44,160,61,8.50541,1
44,161,888,7.014887,1
44,162,106,8.054623,1
44,163,27,8.778889,1
44,164,57,8.779649,1
44,165,47,8.814256,0
44,166,48,8.84,1
44,167,51,8.443726,1
44,168,37,8.165676,1
44,169,56,7.950714,1
44,170,46,8.111739,1
44,171,52,8.053461,1
44,172,41,8.221707,1
44,173,56,8.041785,1
44,174,181,7.946353,0
44,175,140,7.914286,0
44,176,45,8.267777,1
44,177,36,8.173333,1
44,178,852,7.002207,1
44,179,151,7.103377,1
44,180,39,8.064359,0
44,181,36,8.031667,1
44,182,41,8.263171,1
44,183,36,7.984445,1
44,184,30,8.23,1
44,185,38,7.332105,1
44,186,132,6.017273,1
44,187,31,8.054516,1
44,188,55,8.044545,0
45,1,29,8.344482,1
45,2,27,7.930741,0
45,3,24,7.796667,0
45,4,89,7.865281,0
45,5,57,6.99,1
45,6,34,7.981176,1
45,7,33,8.183333,1
45,8,40,8.0375,1
45,9,31,8.019032,1
45,10,31,8.212581,0
45,11,17,8.920588,0
45,12,38,8.397368,0
45,13,16,9.0975,1
45,14,37,8.826756,1
45,15,46,8.652174,1
45,16,51,8.718627,1
45,17,155,8.026,1
45,18,21,8.769048,0
45,19,45,8.947333,0
45,20,149,7.400336,1
45,21,48,7.040833,1
45,22,25,8.2708,1
45,23,30,8.091333,1
45,24,22,8.123636,1
45,25,32,8.11,1
45,26,21,8.13,1
45,27,18,8.332222,0
45,28,94,7.128085,1
45,30,31,8.017742,0
45,31,37,8.139189,0
45,32,35,8.339143,0
45,33,25,8.1436,0
45,34,27,8.355926,0
45,35,32,8.333125,1
45,36,44,8.565909,1
45,37,31,9.082903,1
45,38,30,8.877334,1
45,39,39,9.082821,1
45,40,36,9.09,1
45,41,22,8.983636,1
45,42,25,9.114,1
45,43,24,9.115,1
45,44,19,8.853158,0
45,45,24,9.1025,1
45,46,19,8.938421,1
45,47,13,9.108461,1
45,48,21,9.267143,0
45,49,17,9.03,0
45,50,20,9.057,1
45,51,19,8.91,1
45,52,24,8.2825,1
45,53,36,8.193334,1
45,54,122,7.009672,1
45,55,38,7.645263,1
45,56,15,7.384666,1
45,57,27,7.441111,0
45,58,50,7.7096,0
45,59,27,7.549259,0
45,60,46,7.661739,1
45,61,164,7.005244,1
45,62,52,7.153461,1
45,63,37,7.398108,1
45,64,40,7.49,0
45,65,21,7.580476,1
45,66,24,7.819167,1
45,67,45,8.043333,1
45,68,41,8.407073,1
45,69,67,8.070597,1
45,70,47,8.726596,1
45,71,39,8.782308,1
45,72,54,8.845555,1
45,73,196,7.036428,1
45,74,50,7.094,1
45,75,34,8.919412,1
45,76,42,8.880476,1
45,77,38,8.766315,1
45,78,43,9.21093,1
45,79,174,7.296092,1
45,80,64,7.865,1
45,81,48,9.2525,1
45,82,45,8.769555,1
45,83,32,8.7775,1
45,84,216,7.017778,1
45,85,46,9.185218,1
45,86,38,8.566842,1
45,87,48,7.485833,1
45,88,92,7.29,1
45,89,49,8.44102,1
45,90,57,8.026842,1
45,91,26,8.611154,1
45,92,38,8.525526,1
45,93,45,8.607778,1
45,94,33,8.420303,1
45,95,38,8.550527,1
45,96,19,8.868947,1
45,97,26,8.501538,1
45,98,28,8.643572,0
45,99,34,8.742941,0
45,100,30,8.62,1
45,101,21,8.709047,0
45,102,27,8.615926,1
45,103,35,8.541429,0
45,104,30,8.62,1
45,105,142,8.148451,1
45,106,102,8.13951,1
45,107,28,8.516786,1
45,108,55,8.664545,0
45,109,21,8.87,1
45,110,39,8.801795,0
45,111,49,8.047143,1
45,112,28,8.813571,1
45,113,139,8.07777,1
45,114,68,8.259118,1
45,115,33,8.720303,1
45,116,33,8.605151,1
45,117,33,8.656667,1
45,118,30,8.564667,1
45,119,21,8.522381,1
45,120,47,8.421915,1
45,121,24,8.780833,1
45,122,130,7.056923,1
45,123,34,7.457647,1
45,124,24,9.03,1
45,125,22,8.607273,1
45,126,31,8.441613,1
45,127,137,6.48781,1
45,128,37,7.217027,1
45,129,25,8.682,1
45,130,17,8.454706,1
45,131,20,8.515,1
45,132,25,8.502,1
45,133,23,8.729131,1
45,134,14,8.747143,1
45,135,30,8.54,1
45,136,84,7.317381,1
45,137,27,7.938148,1
45,138,22,8.758182,1
45,139,47,7.75383,1
45,140,28,8.247143,1
45,141,29,8.327931,1
45,142,34,8.328236,1
45,144,16,8.4775,1
45,145,27,7.983704,1
45,146,25,7.8464,1
45,147,36,8.414444,1
45,148,74,7.788919,1
45,149,51,8.317451,1
45,150,19,8.500526,1
45,151,30,8.29,1
45,152,19,8.500526,1
45,153,19,8.553158,0
45,154,49,8.069592,1
45,155,30,8.356667,1
45,156,15,8.366,1
45,157,128,7.947969,1
45,158,101,7.889703,1
45,159,21,8.337619,1
45,160,23,8.507391,1
45,161,605,7.002892,1
45,162,27,8.501111,1
45,163,14,8.615714,1
45,164,6,8.765,1
45,165,30,8.439667,1
45,166,12,8.581667,1
45,167,17,8.79,1
45,168,13,7.89,1
45,169,23,7.076957,1
45,170,13,7.89,1
45,171,18,7.89,1
45,172,15,7.89,1
45,173,10,7.89,1
45,174,73,7.89,0
45,175,44,7.89,0
45,176,9,7.89,1
45,177,14,7.89,1
45,178,441,6.99,1
45,179,68,6.99,1
45,180,14,7.89,0
45,181,14,7.89,1
45,182,8,7.89,1
45,183,12,7.89,1
45,184,12,7.89,1
45,185,28,6.99,1
45,186,65,5.99,1
45,187,15,7.89,1
45,188,7,7.89,0
47,1,12,7.948333,1
47,2,19,8.099474,0
47,3,19,8.054211,0
47,4,55,7.860182,0
47,5,67,7.062836,1
47,6,37,7.918649,1
47,10,31,7.817742,0
47,11,8,7.5675,0
47,12,7,8.29,0
47,14,23,8.766521,1
47,15,31,8.580322,1
47,16,50,8.6628,1
47,17,233,8.032575,1
47,19,61,8.441803,0
47,20,477,7.07021,1
47,26,25,8.4228,1
47,27,24,8.230833,0
47,28,106,7.103585,1
47,29,99,7.264748,1
47,30,84,8.002619,0
47,31,43,8.241163,0
47,32,62,8.160968,0
47,33,27,8.351481,0
47,34,25,8.4364,0
47,35,23,8.717826,1
47,36,35,8.478572,1
47,37,51,8.620196,1
47,38,51,8.893922,1
47,39,24,8.8475,1
47,40,39,8.978205,1
47,41,26,8.616923,1
47,42,28,8.865,1
47,43,21,8.99,1
47,44,20,8.867,0
47,45,16,8.715,1
47,46,19,8.335263,1
47,47,22,9.113636,1
47,48,14,9.354285,0
47,49,9,9.15,0
47,50,20,8.88,1
47,51,17,8.91,1
47,52,21,8.41,1
47,53,25,8.7068,1
47,54,126,7.014127,1
47,55,66,7.142424,1
47,56,30,7.64,1
47,57,16,7.60125,0
47,58,16,7.47375,0
47,59,26,7.800769,0
47,60,33,7.708182,1
47,61,94,7.021915,1
47,62,64,7.060312,1
47,63,46,7.403043,1
47,64,27,7.482593,0
47,65,23,7.411739,1
47,66,36,7.603889,1
47,67,46,8.481304,1
47,68,43,8.671395,1
47,69,70,8.128572,1
47,70,54,9.012963,1
47,71,35,8.712857,1
47,72,59,8.856102,1
47,73,192,7.001458,1
47,74,71,7.02662,1
47,75,25,8.826,1
47,76,42,8.797143,1
47,77,30,8.786667,1
47,78,32,9.218125,1
47,79,95,7.319263,1
47,80,83,7.362771,1
47,81,51,8.851568,1
47,82,42,8.772857,1
47,83,35,8.690572,1
47,84,194,7.020928,1
47,85,30,9.076,1
47,86,59,8.675763,1
47,90,47,7.915532,1
47,91,48,8.07125,1
47,92,54,8.072408,1
47,93,31,8.11258,1
47,94,39,8.104102,1
47,95,28,8.29,1
47,96,23,8.433478,1
47,97,23,8.624783,1
47,98,25,8.774,0
47,99,27,8.493704,0
47,100,22,8.69,1
47,101,26,8.501538,0
47,102,34,8.581177,1
47,103,13,8.374616,0
47,104,29,8.745173,1
47,105,195,8.042308,1
47,106,128,8.159922,1
47,107,23,8.596521,1
47,108,35,8.661428,0
47,109,22,8.79,1
47,110,29,8.645862,0
47,111,48,7.9525,1
47,112,29,8.559655,1
47,113,207,8.033479,1
47,114,124,8.118226,1
47,116,37,8.549459,1
47,117,28,8.650714,1
47,118,34,8.432353,1
47,119,26,8.501538,1
47,120,33,8.563334,1
47,121,28,8.712143,1
47,122,120,7.224167,1
47,123,66,7.34303,1
47,124,29,8.672069,1
47,125,28,8.797143,1
47,126,30,8.443334,1
47,127,165,6.463939,1
47,128,38,7.232105,1
47,129,28,8.536428,1
47,130,22,8.544545,1
47,131,24,8.773334,1
47,132,26,8.59,1
47,133,24,8.456667,1
47,134,27,8.997407,1
47,135,34,8.598824,1
47,136,93,7.388925,1
47,137,39,8.261795,1
47,138,22,8.712728,1
47,139,53,7.852264,1
47,140,47,8.221915,1
47,141,32,8.4025,1
47,142,42,8.430476,1
47,144,24,8.74,1
47,145,31,8.327097,1
47,146,26,8.269615,1
47,147,25,8.8876,1
47,148,58,7.843103,1
47,149,43,8.434186,1
47,150,16,8.6775,1
47,151,29,8.883103,1
47,152,23,8.663913,1
47,153,24,8.7275,0
47,154,42,8.297143,1
47,155,31,8.854516,1
47,156,19,8.790526,1
47,157,183,8.05929,1
47,158,96,8.155416,1
47,159,24,8.835834,1
47,160,27,8.93074,1
47,161,549,7.032623,1
47,162,34,8.955294,1
47,163,9,8.895555,1
47,164,23,9.130435,1
47,165,15,9.003333,0
47,166,21,8.942381,1
47,167,12,8.856667,1
47,168,24,8.385834,1
47,169,38,7.286053,1
47,170,16,8.20875,1
47,171,29,8.417586,1
47,172,20,8.4,1
47,173,22,8.276363,1
47,174,76,8.001842,0
47,175,65,8.073077,0
47,176,28,8.072143,1
47,177,16,8.315,1
47,178,420,7.039524,1
47,179,51,7.346863,1
47,180,13,8.151539,0
47,181,15,8.456667,1
47,182,16,8.42125,1
47,183,18,8.173333,1
47,184,15,8.456667,1
47,185,28,7.547143,1
47,186,96,6.065,1
47,187,30,8.23,1
47,188,18,8.267777,0
