detergent_data.csv
store,week,sales,price,promoflag
48,1,18,8.025556,1
48,2,34,7.949412,0
48,3,24,7.743333,0
48,4,57,7.817719,0
48,5,107,6.99,1
48,6,31,7.875161,1
48,7,53,7.930377,1
48,8,54,7.93037,1
48,9,34,8.275883,1
48,10,29,7.79,0
48,11,22,7.719091,0
48,12,30,8.144667,0
48,13,28,9.388572,1
48,14,35,9.141429,1
48,15,47,8.907022,1
48,16,73,8.901233,1
48,17,234,8.006154,1
48,18,34,8.458236,0
48,19,51,8.451961,0
48,20,249,7.078916,1
48,21,54,7.281852,1
48,22,39,7.932564,0
48,23,29,8.203794,1
48,24,36,8.067223,1
48,25,33,8.034243,1
48,26,21,8.326191,1
48,27,36,8.085,0
48,28,112,7.185,1
48,29,56,7.315,1
48,31,42,8.299047,0
48,32,28,8.382857,0
48,33,39,8.461282,0
48,34,31,8.133225,0
48,36,38,8.867895,1
48,37,35,8.988286,1
48,38,46,9.195652,1
48,39,35,9.122,1
48,40,37,9.127297,1
48,41,33,9.079091,1
48,42,34,9.237059,1
48,43,30,9.021334,1
48,44,29,9.245173,0
48,45,23,8.998695,1
48,46,27,9.092222,1
48,47,25,9.0492,1
48,48,12,8.835,0
48,49,17,9.142941,0
48,50,29,8.812758,1
48,51,22,8.615455,1
48,52,21,8.195714,1
48,53,30,8.251333,1
48,54,192,7.032813,1
48,55,33,7.611818,1
48,56,17,7.505294,1
48,57,26,7.93,0
48,58,27,7.385556,0
48,59,40,7.556,0
48,60,25,7.69,1
48,61,123,7.018456,1
48,62,39,7.066923,1
48,63,24,7.398334,1
48,64,36,7.431667,0
48,65,26,7.486154,1
48,66,36,8.326111,1
48,67,43,7.973721,1
48,68,38,8.776842,1
48,69,74,7.950811,1
48,70,41,8.929512,1
48,71,43,8.880697,1
48,72,52,8.809231,1
48,73,157,7.023121,1
48,74,59,7.078135,1
48,75,45,8.732223,1
48,76,27,8.860371,1
48,77,55,8.662727,1
48,78,26,9.220769,1
48,79,182,7.121648,1
48,80,58,7.807931,1
48,81,39,8.967949,1
48,82,54,8.787037,1
48,83,37,8.765135,1
48,84,160,7.0275,1
48,85,29,9.134828,1
48,86,58,8.524483,1
48,87,56,7.488214,1
48,88,127,7.230945,1
48,89,65,8.436923,1
48,90,62,8.214193,1
48,91,38,8.625526,1
48,92,52,8.401539,1
48,93,36,8.421945,1
48,94,46,8.465,1
48,95,24,8.656667,1
48,96,38,8.724211,1
48,97,24,8.794167,1
48,98,27,8.493704,0
48,99,24,8.656667,0
48,100,27,8.452963,1
48,101,25,8.686,0
48,102,27,8.615926,1
48,103,27,8.452963,0
48,104,25,8.642,1
48,105,136,8.075294,1
48,106,106,8.129622,1
48,107,39,8.507949,1
48,108,37,8.873784,0
48,109,25,8.7196,1
48,110,36,8.893888,0
48,111,54,7.751111,1
48,112,30,8.715333,1
48,113,136,8.075294,1
48,114,91,8.326263,1
48,118,36,8.616111,1
48,119,35,8.420286,1
48,120,48,8.840417,1
48,121,35,8.965428,1
48,122,140,7.094285,1
48,123,35,7.444286,1
48,124,24,8.935,0
48,125,20,8.909,1
48,126,31,8.622258,1
48,127,136,6.403235,1
48,128,37,7.195405,1
48,129,26,8.713077,1
48,130,30,8.69,1
48,131,22,8.730909,1
48,132,17,8.51353,1
48,133,26,8.674616,1
48,134,17,8.925294,1
48,135,28,8.700714,1
48,136,83,7.350241,1
48,137,28,7.965,1
48,138,21,8.69,1
48,139,41,8.03878,1
48,140,38,8.061052,1
48,141,27,8.456667,1
48,142,38,8.216316,1
48,143,60,7.328333,1
48,144,25,8.53,1
48,145,36,6.998333,1
48,146,30,7.287333,1
48,147,23,8.411739,1
48,148,83,6.989518,1
48,149,25,8.134,1
48,150,24,8.456667,1
48,151,18,8.623333,1
48,152,15,8.556666,1
48,153,9,8.623333,0
48,154,42,8.178095,1
48,155,18,8.623333,1
48,156,23,8.562609,1
48,157,103,7.991942,1
48,158,51,7.933725,1
48,159,30,8.556666,1
48,160,22,8.699091,1
48,161,858,6.994545,1
48,162,22,8.393637,1
48,163,13,8.684615,1
48,164,10,8.689,1
48,165,7,8.86,1
48,166,14,8.79,1
48,167,21,8.79,1
48,168,20,7.89,1
48,169,47,6.370851,1
48,170,15,7.89,1
48,172,41,7.89,1
48,173,16,7.89,1
48,174,79,7.89,0
48,175,46,7.89,0
48,176,12,7.89,1
48,177,17,7.89,1
48,178,424,6.99,1
48,179,67,6.99,1
48,180,16,7.89,0
48,181,12,7.89,1
48,182,15,7.89,1
48,183,10,7.89,1
48,184,15,7.89,1
48,185,21,6.99,1
48,186,74,5.99,1
48,187,9,7.89,1
48,188,15,7.89,0
48,212,25,6.7212,1
49,1,19,7.976316,1
49,2,20,7.909,0
49,3,30,7.809333,0
49,4,76,7.879474,0
49,5,71,6.99,1
49,6,24,7.85,1
49,9,23,7.843913,1
49,10,33,7.908182,0
49,11,17,7.881765,0
49,12,23,8.586522,1
49,13,20,9.285,1
49,14,24,9,1
49,15,32,8.82625,1
49,16,34,8.784706,1
49,17,256,7.986875,1
49,18,28,8.844286,0
49,19,58,8.46069,0
49,20,248,7.117823,1
49,21,37,7.360271,1
49,22,14,8.085714,1
49,23,23,8.155217,1
49,24,26,8.12923,1
49,25,31,7.858387,1
49,26,14,8.071428,1
49,27,29,8.099655,0
49,28,129,7.098217,1
49,30,42,7.961429,0
49,31,33,8.168181,0
49,32,36,8.221111,0
49,33,24,7.819167,0
49,34,29,8.118276,0
49,35,25,8.022,0
49,36,30,8.803333,1
49,37,27,9.14037,1
49,38,29,9.186552,1
49,39,24,8.8475,1
49,40,30,9.066,1
49,41,18,8.986667,1
49,42,35,8.738571,1
49,43,33,8.908182,1
49,44,17,8.951177,0
49,45,24,8.2025,1
49,46,19,8.219474,1
49,47,19,8.87,1
49,48,23,9.181304,0
49,49,21,8.975715,0
49,50,12,8.88,1
49,51,21,8.618571,1
49,52,17,8.564117,1
49,53,26,7.920769,1
49,54,117,7.059915,1
49,55,40,7.3105,1
49,56,21,7.384286,1
49,57,20,7.484,0
49,58,31,7.343548,1
49,59,33,7.380303,0
49,60,41,7.463171,1
49,61,114,6.994386,1
49,62,63,7.037619,1
49,63,25,7.394,1
49,64,24,7.494167,0
49,65,24,7.494167,1
49,66,30,7.48,1
49,67,37,8.606216,1
49,68,52,8.766923,1
49,69,38,8.468947,1
49,70,37,8.989459,1
49,71,46,8.894348,1
49,72,42,8.894762,1
49,73,201,6.986517,1
49,74,56,6.99,1
49,75,23,8.885653,1
49,76,37,8.917027,1
49,77,28,8.747143,1
49,78,27,9.227037,1
49,79,133,7.39406,1
49,80,41,7.597805,1
49,81,50,8.9012,1
49,82,32,8.748125,1
49,83,39,8.896153,1
49,84,191,7.015131,1
49,85,28,9.028571,1
49,86,40,8.707,1
49,87,69,7.398695,1
49,88,84,7.182857,1
49,90,54,8.334444,1
49,91,26,8.568846,1
49,92,32,8.45875,1
49,93,37,8.611622,1
49,94,31,8.796452,1
49,95,16,8.565,1
49,96,20,8.785,1
49,97,22,8.59,1
49,98,22,8.74,0
49,99,17,8.613529,0
49,100,14,8.84,1
49,101,19,8.637368,0
49,102,19,8.637368,1
49,103,22,8.74,0
49,104,19,8.695263,1
49,105,128,8.113438,1
49,106,141,8.134326,1
49,107,37,8.253513,1
49,108,34,8.831177,0
49,109,25,9.146,1
49,110,24,8.966666,0
49,111,54,7.836296,1
49,112,29,8.64931,1
49,113,169,8.024911,1
49,114,115,8.063913,1
49,115,36,8.681666,1
49,116,29,8.983104,1
49,117,19,8.711053,1
49,118,33,8.839091,1
49,119,28,8.54,1
49,120,34,8.727647,1
49,121,30,8.828,1
49,122,101,7.052376,1
49,123,27,7.667778,1
49,124,18,8.901111,1
49,125,20,8.799,1
49,126,23,8.698695,1
49,127,104,6.632308,1
49,128,22,7.408182,1
49,129,28,8.765,1
49,130,18,8.856667,1
49,131,24,8.719167,1
49,132,26,8.828462,1
49,133,15,8.71,1
49,134,14,9.047143,1
49,135,34,8.69,1
49,136,44,7.592273,1
49,137,27,8.045555,1
49,138,21,8.780477,1
49,139,58,8.172759,1
49,140,40,8.37,1
49,141,26,8.463077,1
49,143,52,7.372692,1
49,144,18,8.762222,1
49,145,30,8.732667,1
49,146,30,8.658,1
49,147,36,8.705556,1
49,148,72,8.310833,1
49,149,37,8.376487,1
49,150,35,8.892858,1
49,151,21,8.642381,1
49,152,17,8.984118,1
49,153,18,8.745556,0
49,154,50,8.312,1
49,155,30,8.88,1
49,156,32,8.729688,1
49,157,102,8.072059,1
49,158,109,8.073578,1
49,159,15,8.903334,1
49,160,34,8.732647,1
49,161,907,6.998435,1
49,162,35,8.732,1
49,163,39,8.890512,1
49,164,27,8.861852,1
49,165,15,8.895333,1
49,166,9,9.062222,1
49,167,11,8.908182,1
49,168,18,8.406667,1
49,169,82,8.003415,1
49,170,37,8.09946,1
49,171,17,8.437058,1
49,172,16,8.08375,1
49,173,22,8.242272,1
49,174,74,7.99473,0
49,175,60,8.019167,0
49,176,19,8.216316,1
49,177,19,8.053158,1
49,178,482,7.015415,1
49,179,116,7.011121,1
49,180,18,8.148334,0
49,181,17,8.437058,1
49,182,9,8.406667,1
49,183,14,8.332857,1
49,185,25,7.48,1
49,186,98,6.201224,1
49,187,22,8.101363,1
49,188,11,8.171818,0
50,3,26,7.482308,0
50,4,97,7.483196,0
50,5,93,7.016237,1
50,6,19,7.87421,1
50,7,30,7.923333,1
50,8,35,7.820286,1
50,9,28,8.073571,1
50,10,34,7.898824,0
50,11,22,8.684546,0
50,12,34,8.285882,0
50,13,15,9.252666,1
50,14,29,9.084483,1
50,15,41,8.579268,1
50,16,45,8.591778,1
50,17,240,7.998083,1
50,18,34,8.448236,0
50,19,43,8.320698,0
50,20,250,7.09576,1
50,21,65,7.036154,1
50,22,29,8.175517,1
50,23,20,7.831,1
50,37,20,8.893,1
50,38,42,8.800952,1
50,39,28,9.047857,1
50,40,18,8.976666,1
50,41,25,8.8044,1
50,42,42,8.632857,1
50,43,24,8.6525,1
50,44,19,8.663684,0
50,45,18,9.006667,1
50,46,17,8.532353,1
50,47,17,8.43,1
50,48,17,9.174706,0
50,49,17,8.846471,0
50,50,15,8.374,1
50,51,15,8.218,1
50,52,13,8.425385,1
50,53,25,8.494,1
50,54,168,7.000714,1
50,55,67,7.216866,1
50,56,24,7.471667,1
50,57,25,7.6084,0
50,58,32,7.666875,1
50,59,13,7.616154,1
50,60,32,7.5775,1
50,61,115,7.024783,1
50,62,46,7.066087,1
50,63,22,7.403636,1
50,64,34,7.448823,0
50,65,15,7.623333,1
50,66,27,7.638148,1
50,67,41,8.521708,1
50,68,46,8.561739,1
50,69,54,8.21037,1
50,70,60,9.248,1
50,71,40,8.8025,1
50,72,47,8.930426,1
50,73,250,7.0316,1
50,74,73,7.079041,1
50,75,37,8.808919,1
50,76,37,8.752162,1
50,77,30,8.846666,1
50,78,33,9.123333,1
50,79,166,7.251446,1
50,80,67,7.513881,1
50,81,27,9.186296,1
50,82,38,8.816842,1
50,83,22,8.760909,1
50,84,169,6.997101,1
50,85,21,9.172857,1
50,86,36,8.727222,1
50,87,50,7.422,1
50,88,76,7.29,1
50,89,31,8.622258,1
50,90,46,8.307391,1
50,91,29,8.688276,1
50,92,26,8.64,1
50,93,24,8.679584,1
50,94,29,8.772758,1
50,95,22,8.69,1
50,96,15,8.656667,1
50,97,30,8.803333,1
50,98,21,8.656667,0
50,99,14,8.918571,0
50,100,21,8.709047,1
50,101,21,8.813809,0
50,102,26,8.755384,1
50,103,21,8.709047,0
50,104,24,8.473333,1
50,105,193,8.074456,1
50,106,137,8.121022,1
50,107,40,8.69125,1
50,108,41,8.797318,0
50,109,24,8.825833,1
50,110,30,9.076667,0
50,111,53,7.735283,1
50,112,17,8.891176,1
50,113,188,8.078298,1
50,114,83,8.394819,1
50,115,29,8.927931,1
50,116,28,8.922143,1
50,117,25,8.63,1
50,118,30,9.177333,1
50,119,27,8.775186,1
50,120,17,8.520588,1
50,121,31,8.882903,1
50,122,89,7.124832,1
50,123,31,7.186774,1
50,124,13,8.83,1
50,126,24,8.898334,1
50,127,227,6.177665,1
50,128,54,6.752963,1
50,129,15,8.91,1
50,130,21,8.809048,1
50,131,25,8.67,1
50,132,14,8.861428,1
50,133,7,8.89,1
50,134,15,8.77,1
50,135,29,8.73138,1
50,136,99,7.230404,1
50,137,56,7.2275,1
50,138,18,8.701111,1
50,139,29,7.838276,1
50,140,23,8.272609,1
50,141,19,8.474211,1
50,142,22,8.494545,1
50,143,43,7.187675,1
50,144,21,8.837619,1
50,145,18,8.813334,1
50,146,24,8.705833,1
50,147,19,8.523685,1
50,148,67,8.191492,1
50,149,38,8.234736,1
50,150,19,8.605789,0
50,151,30,8.49,1
50,152,14,8.432858,1
50,154,40,8.09,1
50,155,20,8.39,1
50,156,11,8.445455,1
50,157,180,7.957334,1
50,158,114,8.109824,1
50,159,16,8.74,1
50,160,18,8.64,1
50,161,466,7.01661,1
50,162,46,8.539348,1
50,163,18,8.800555,1
50,164,12,8.950833,1
50,165,8,9.03375,0
50,166,13,9.051538,1
50,167,15,8.876667,1
50,168,13,8.486154,1
50,169,34,7.981176,1
50,170,12,8.535833,1
50,171,19,8.461053,1
50,172,13,8.247692,1
50,173,24,8.600417,1
50,174,101,7.936039,0
50,175,63,8.037619,0
50,176,22,8.453636,1
50,177,12,8.535833,1
50,178,394,7.014873,1
50,179,57,7.290877,1
50,180,18,8.492778,0
50,181,23,8.429131,1
50,182,10,8.51,1
50,183,15,8.2,1
50,184,11,8.594545,1
50,185,24,7.500417,1
50,186,5,7.37,1
50,187,6,8.923333,1
50,188,15,8.613334,0
50,189,13,8.009231,0
51,1,27,8.041852,1
51,2,52,8.263077,0
51,5,123,6.99,1
51,6,42,8.382857,1
51,7,56,8.497143,1
51,8,65,8.542308,1
51,9,61,8.630983,0
51,12,55,9.022727,0
51,13,46,9.55087,1
51,14,78,9.259231,1
51,15,63,9.009048,1
51,16,77,8.943247,1
51,17,365,8.062164,1
51,18,73,8.79274,0
51,20,547,7.03808,1
51,37,62,9.429355,1
51,38,60,9.394,1
51,39,48,9.405,1
51,40,40,9.398,1
51,41,55,9.411091,1
51,42,56,9.063571,1
51,43,58,8.952414,1
51,44,44,9.208181,0
51,45,39,9.108974,1
51,46,37,9.098649,1
51,47,21,9.115714,1
51,48,21,9.281428,0
51,49,26,8.994616,0
51,50,32,9.141875,1
51,51,39,9.191539,1
51,52,36,8.303333,1
51,53,40,8.7495,1
51,54,222,7.037838,1
51,55,69,7.477536,1
51,56,47,7.637234,1
51,57,47,7.829575,0
51,58,51,7.838627,1
51,59,50,7.9624,0
51,60,74,7.887838,1
51,61,178,7.004045,1
51,62,68,7.063529,1
51,63,54,7.521111,1
51,64,58,7.61069,0
51,65,52,7.640769,1
51,66,49,8.012449,1
51,67,63,8.440794,1
51,68,76,8.879474,1
51,69,90,8.364223,1
51,70,69,9.020434,1
51,71,81,8.888271,1
51,72,98,8.908979,1
51,73,323,6.99,1
51,74,62,6.99,1
51,75,53,8.976415,1
51,78,68,9.359118,1
51,79,236,7.24,1
51,85,57,9.151754,1
51,86,66,8.66,1
51,87,86,7.56907,1
51,88,123,7.270488,1
51,89,61,8.385901,1
51,90,89,8.04,1
51,91,40,8.59,1
51,92,53,8.597548,1
51,93,46,8.612826,1
51,94,53,8.611698,1
51,95,37,8.714324,1
51,96,33,8.662727,1
51,97,33,8.662727,1
51,98,42,8.651905,0
51,99,37,8.687297,0
51,100,32,8.67125,1
51,101,35,8.79,0
51,102,45,8.567778,1
51,103,38,8.70579,0
51,104,44,8.549091,1
51,105,192,8.072291,1
51,106,217,8.137696,1
51,107,57,8.572456,1
51,108,76,8.771579,0
51,109,36,8.912222,1
51,110,56,8.981428,0
51,111,70,8.001429,1
51,112,52,8.963846,1
51,113,184,8.122609,1
51,114,147,8.275714,1
51,115,76,8.879474,1
51,116,48,8.773334,1
51,117,52,8.743846,1
51,118,40,8.7,1
51,119,61,8.664754,1
51,120,58,8.743793,1
51,121,71,8.817042,1
51,122,165,7.140303,1
51,123,87,7.36931,1
51,124,34,8.875882,1
51,125,49,8.852858,1
51,126,58,8.560345,1
51,127,224,6.488214,1
51,128,47,7.436809,1
51,129,40,8.97,1
51,130,35,8.939714,1
51,131,41,8.749024,1
51,132,39,9.040257,1
51,133,44,8.884545,1
51,134,28,8.828571,1
51,135,39,8.859743,1
51,136,147,7.226462,1
51,137,65,8.018923,1
51,138,49,8.84551,1
51,139,76,7.686053,1
51,140,67,8.163135,1
51,141,42,8.316191,1
51,142,40,8.535,1
51,143,86,7.494651,1
51,144,28,9.008572,1
51,146,46,8.678696,1
51,147,42,8.826191,1
51,148,117,8.287436,1
51,149,52,8.535384,1
51,150,24,8.965,1
51,151,32,9.08,1
51,152,38,8.981579,1
51,153,26,8.731539,0
51,154,69,8.28855,1
51,155,36,9.016666,1
51,156,30,9.029,1
51,157,239,8.021214,1
51,158,131,8.182672,1
51,159,31,8.942258,1
51,160,27,8.955926,1
51,161,564,7.020851,1
51,162,22,9.018637,1
51,163,31,9.230968,1
51,164,21,9.251429,1
51,165,28,8.917857,1
51,166,21,8.942381,1
51,167,29,8.900345,1
51,168,25,8.706,1
51,169,54,8.567778,1
51,170,24,8.669167,1
51,171,15,8.676666,1
51,172,21,8.742381,1
51,173,28,8.607857,1
51,174,121,8.325537,0
51,175,68,8.328236,0
51,176,16,8.84,1
51,177,13,8.743846,1
51,178,604,7.007218,1
51,179,127,7.07189,1
51,180,10,8.89,0
51,181,12,8.923333,1
51,182,19,8.747894,1
51,183,10,8.79,1
51,184,16,8.7775,1
51,185,30,7.25,1
51,186,66,6.208182,1
51,187,17,8.648824,1
51,281,33,6.59,0
52,1,43,8.708605,1
52,2,87,8.732529,0
52,3,59,8.713729,0
52,4,146,8.742055,0
52,5,150,7.012,1
52,6,54,8.771482,1
52,7,81,8.975185,1
52,8,101,8.938515,1
52,9,70,9.054286,1
52,10,90,8.89,0
52,11,67,9.409403,0
52,12,87,9.445172,0
52,13,62,9.943226,1
52,14,86,9.635349,1
52,15,86,9.367907,1
52,16,97,9.441546,1
52,17,309,8.114207,1
52,18,93,9.144838,0
52,19,104,8.996731,0
52,20,495,7.212424,1
52,21,112,7.418571,1
52,22,64,9.1025,1
52,23,67,9.088508,1
52,24,55,8.926364,1
52,25,56,8.941786,1
52,26,57,8.851403,1
52,27,67,9.275075,0
52,28,227,7.229207,1
52,29,75,7.562,1
52,30,76,9.211053,0
52,31,92,9.268261,0
52,32,90,9.651111,0
52,33,78,9.328462,0
52,34,96,9.222292,0
52,35,64,9.29,1
52,36,92,9.605217,1
52,37,79,9.973544,1
52,38,66,10.04,1
52,39,66,9.865758,0
52,40,102,9.986078,1
52,41,101,9.770198,1
52,42,105,9.432858,1
52,43,112,9.566786,1
52,44,76,9.421579,0
52,45,74,9.499459,1
52,46,63,9.861428,1
52,47,55,9.89,1
52,48,48,10.09208,0
52,49,46,9.963913,0
52,50,55,9.817273,1
52,51,64,9.750937,1
52,53,82,9.332683,1
52,54,342,7.028596,1
52,55,107,7.418972,1
52,56,59,8.459492,1
52,57,68,8.422353,0
52,58,66,8.477879,1
52,59,83,8.368313,0
52,60,96,8.374687,1
52,61,257,7.013346,1
52,62,101,7.049406,1
52,63,86,8.224884,1
52,64,70,8.392858,0
52,65,68,8.390588,1
52,66,84,8.580476,1
52,67,94,8.449574,1
52,68,87,9.091149,1
52,69,125,8.2748,1
52,70,100,9.324,1
52,71,100,9.0668,1
52,72,131,9.14771,1
52,73,429,7.028788,1
52,74,110,7.029273,1
52,75,85,9.159177,1
52,76,81,9.169506,1
52,77,74,9.131621,1
52,78,90,10.225,1
52,79,354,7.162994,1
52,80,106,7.826604,1
52,81,99,9.773435,1
52,82,106,8.853396,1
52,83,83,8.905181,1
52,84,499,7.009238,1
52,85,70,9.647429,1
52,86,91,9.115495,1
52,87,150,7.587333,1
52,88,252,7.269762,1
52,89,144,8.827014,1
52,90,141,8.386383,1
52,91,83,8.946747,1
52,92,96,8.923437,1
52,93,97,9.054124,1
52,94,95,9.080105,1
52,95,69,9.350435,1
52,96,60,9.328,1
52,99,72,9.356667,0
52,100,63,9.274762,1
52,101,62,9.319677,0
52,102,79,9.331265,1
52,103,67,9.320298,0
52,104,79,9.396583,1
52,105,338,8.077426,1
52,106,226,8.172876,1
52,107,86,8.537674,1
52,108,132,9.066591,0
52,109,57,9.512105,1
52,110,88,9.471591,0
52,111,114,8.009386,1
52,112,69,9.044638,1
52,115,80,8.848375,1
52,116,69,8.947971,1
52,117,89,8.773483,1
52,118,79,8.819114,1
52,119,73,8.677945,1
52,120,76,8.687237,1
52,121,79,9.296329,1
52,122,310,7.176677,1
52,123,134,7.274702,1
52,124,41,9.588293,1
52,125,58,9.178793,1
52,126,79,9.288355,1
52,127,380,6.250132,1
52,128,78,7.271538,1
52,129,54,9.363334,1
52,130,70,9.423857,1
52,131,50,9.3222,1
52,132,63,9.618254,1
52,133,58,9.246724,1
52,134,51,9.649019,1
52,135,85,9.34553,1
52,136,258,7.207287,1
52,137,67,8.141642,1
52,138,53,9.346038,1
52,139,128,7.879453,1
52,140,96,8.060625,1
52,141,77,8.417663,1
52,142,79,8.371646,1
52,143,325,7.095416,1
52,144,49,9.498775,1
52,145,60,9.29,1
52,146,52,9.292692,1
52,148,173,8.565896,1
52,149,75,8.741467,1
52,150,40,9.48325,1
52,151,54,9.455926,1
52,152,52,9.427692,1
52,153,48,9.313958,0
52,154,218,8.120643,1
52,155,40,9.35,1
52,156,52,9.137308,1
52,157,412,7.959855,1
52,158,185,8.027406,1
52,159,54,9.381111,1
52,160,62,9.160322,1
52,161,738,7.009729,1
52,162,57,9.219123,1
52,163,27,9.236667,1
52,164,20,9.1195,1
52,165,28,8.911428,0
52,166,24,8.969167,1
52,167,34,8.919412,1
52,168,33,8.59,1
52,169,66,7.84303,1
52,170,32,8.59,1
52,171,26,8.59,1
52,172,25,8.59,1
52,173,43,8.59,1
52,174,214,8.219907,0
52,175,115,8.214348,0
52,176,20,8.59,1
52,177,21,8.59,1
52,178,962,6.99,1
52,179,153,6.99,1
52,180,20,8.59,0
52,182,11,8.59,1
52,183,27,8.59,1
52,184,26,8.59,1
52,185,53,6.99,1
52,186,196,5.99,1
52,187,21,8.59,1
