detergent_data.csv
store,week,sales,price,promoflag
53,1,31,8.757742,1
53,2,27,8.678889,0
53,3,27,8.660371,0
53,4,128,8.762656,0
53,5,107,6.99,1
53,6,24,8.623333,1
53,7,39,8.661795,1
53,8,29,8.686552,1
53,9,25,8.65,1
53,10,30,8.873333,0
53,11,20,9.365,0
53,12,33,9.48697,0
53,13,31,10.08032,1
53,14,41,9.743658,1
53,21,97,7.058041,1
53,22,37,9.06027,0
53,23,35,8.832857,1
53,24,28,8.700714,1
53,25,32,8.868125,1
53,26,16,8.75875,1
53,27,31,9.096452,0
53,28,124,7.113387,1
53,30,27,9.030741,0
53,31,30,9.19,0
53,32,43,9.394651,0
53,33,33,8.971818,0
53,34,38,9.276842,0
53,35,37,9.317027,0
53,36,47,9.694255,1
53,37,56,10.01321,1
53,38,36,9.915,1
53,39,36,9.984445,1
53,40,51,10.01549,1
53,41,38,9.868947,1
53,42,36,8.79,1
53,43,45,9.023334,1
53,44,16,9.07125,0
53,45,23,9.442174,1
53,46,18,9.401111,0
53,47,17,9.672353,0
53,48,10,9.64,0
53,49,14,9.647142,0
53,50,25,9.25,1
53,51,19,10.00053,1
53,52,32,9.368125,1
53,53,48,8.956667,1
53,54,113,7.016549,1
53,55,45,7.223333,1
53,56,17,8.525294,1
53,57,16,8.4775,0
53,58,24,8.4775,0
53,59,20,8.44,0
53,60,35,8.371428,1
53,61,176,7.043977,1
53,62,63,7.109047,1
53,63,17,8.101765,1
53,64,30,8.461,0
53,65,22,8.497272,1
53,66,23,8.02913,1
53,67,33,8.714242,1
53,68,32,8.711875,1
53,69,62,7.936774,1
53,70,28,9.075714,1
53,71,32,9.065,1
53,72,55,9.142727,1
53,73,318,6.996541,1
53,74,51,7.030784,1
53,75,27,9.078889,1
53,76,31,9.101613,1
53,77,31,9.123549,1
53,78,45,10.23511,1
53,79,213,7.267371,1
53,80,59,8.028644,1
53,81,33,9.571212,1
53,82,54,8.943334,1
53,83,70,8.975715,1
53,84,297,6.998081,1
53,85,36,9.639444,1
53,86,43,9.242558,1
53,87,108,7.733704,1
53,88,109,7.265229,1
53,89,137,8.711606,1
53,90,105,8.516191,1
53,91,43,9.174186,1
53,92,37,9.038108,1
53,93,33,9.157879,1
53,94,23,9.167392,1
53,95,21,9.745714,1
53,96,12,10.0375,1
53,97,21,9.745714,1
53,98,24,9.3925,0
53,99,34,9.639117,0
53,100,13,9.566154,1
53,101,27,9.5,0
53,102,22,9.480454,1
53,103,25,9.586,0
53,104,25,9.4828,1
53,105,263,8.04327,1
53,106,134,8.186567,1
53,107,29,9.154483,1
53,108,46,9.272174,0
53,109,21,9.438571,1
53,110,34,9.659411,0
53,111,44,7.993636,1
53,112,31,9.128387,1
53,113,259,8.084054,1
53,114,121,8.185206,1
53,115,35,8.953714,1
53,116,34,8.99647,1
53,117,30,9.081,1
53,118,24,8.9825,1
53,119,36,8.958055,1
53,120,30,8.889667,1
53,121,29,9.414138,1
53,122,108,7.122129,1
53,123,58,7.222414,1
53,124,21,9.537143,0
53,125,29,9.364138,1
53,126,56,9.253393,1
53,127,250,6.28392,1
53,128,96,6.367291,1
53,129,27,9.546667,1
53,130,17,9.557647,1
53,131,15,9.751333,1
53,132,8,9.44375,1
53,133,22,9.582727,1
53,134,25,9.958,1
53,135,34,9.657059,1
53,136,126,7.274841,1
53,137,27,7.921852,1
53,138,35,9.584,1
53,139,61,7.977213,1
53,140,34,8.223824,1
53,141,36,8.558056,1
53,142,34,8.721176,1
53,143,201,7.112637,1
53,145,28,9.507143,1
53,146,23,9.469131,1
53,147,31,9.249032,1
53,148,76,8.559211,1
53,149,56,8.5025,1
53,150,19,9.65421,0
53,151,30,9.477333,1
53,152,25,9.5724,1
53,153,19,9.772105,0
53,154,100,8.1772,1
53,155,31,9.800323,1
53,156,40,9.37075,1
53,157,247,8.016438,1
53,158,132,8.161515,1
53,159,23,9.537827,1
53,160,19,9.468421,1
53,161,1267,7.002281,1
53,162,43,9.259768,1
53,163,66,9.438485,1
53,164,21,9.478095,1
53,165,24,9.37375,1
53,166,20,9.498,1
53,167,15,9.099334,1
53,168,22,9.072727,1
53,169,54,8.786667,1
53,170,25,9.0856,1
53,171,17,9.006471,1
53,172,20,9.298,1
53,173,25,8.8732,1
53,174,162,8.222777,0
53,175,62,8.297742,0
53,176,16,9.0325,1
53,177,12,9.0325,1
53,178,535,7.021495,1
53,179,101,7.123466,1
53,180,15,9.062,0
53,181,13,9.406923,1
53,182,12,9.18,1
53,183,22,8.992272,1
53,184,13,9.543077,1
53,185,30,7.439333,1
53,186,52,6.158077,1
53,187,24,9.0325,1
54,2,43,7.81093,0
54,3,44,7.95,0
54,4,111,7.886036,0
54,5,75,6.99,1
54,6,35,7.856857,1
54,7,50,8.0376,1
54,8,59,8.035763,1
54,9,41,8.115366,1
54,10,43,7.808605,0
54,11,27,8.39963,0
54,12,53,8.606604,1
54,15,56,8.678572,1
54,17,317,7.971514,1
54,18,82,8.057561,0
54,19,53,8.029623,0
54,20,284,7.067958,1
54,21,73,7.352466,1
54,22,52,8.055769,1
54,23,39,8.088974,1
54,24,28,7.954286,1
54,25,42,8.011905,1
54,26,37,8.08027,1
54,27,49,8.459796,0
54,28,116,7.013276,1
54,29,83,7.242771,1
54,30,42,8.133809,0
54,31,79,8.358861,0
54,32,62,8.363871,0
54,33,62,8.600323,0
54,34,49,8.512449,0
54,35,45,8.443778,0
54,36,46,8.924783,1
54,37,60,9.108334,1
54,38,46,9.159565,1
54,39,47,9.229149,1
54,40,42,9.184286,1
54,41,44,9.230454,1
54,42,41,8.833902,1
54,43,30,8.9,1
54,44,37,9.284595,0
54,45,18,9.04,1
54,46,46,9.037827,1
54,47,32,9.181875,1
54,48,17,9.32647,0
54,49,35,9.215143,0
54,50,29,8.85,1
54,51,25,8.7468,1
54,52,45,8.439333,1
54,53,51,8.042941,1
54,54,177,7.038136,1
54,55,33,7.082121,1
54,56,29,7.665862,1
54,57,43,7.725349,0
54,58,48,7.431667,0
54,59,50,7.5284,0
54,60,51,7.625294,1
54,61,101,7.009802,1
54,62,94,7.069787,1
54,63,41,7.436341,1
54,64,37,7.525135,0
54,65,24,7.410833,1
54,66,38,8.163684,1
54,67,45,8.365556,1
54,68,53,8.927736,1
54,69,38,8.413684,1
54,70,46,8.911304,1
54,71,50,8.726,1
54,72,66,8.865758,1
54,73,236,7.023051,1
54,74,53,7.088113,1
54,75,41,8.809512,1
54,76,57,8.886491,1
54,77,43,8.859768,1
54,78,54,9.36963,1
54,79,134,7.238806,1
54,80,61,7.650984,1
54,81,46,9.065217,1
54,82,52,8.852307,1
54,83,35,8.810572,1
54,84,177,7.030678,1
54,85,50,9.0764,1
54,86,50,8.5516,1
54,87,66,7.550606,1
54,88,108,7.312222,1
54,89,36,8.34,1
54,90,50,8.16,1
54,91,38,8.234736,1
54,92,46,8.371522,1
54,93,26,8.54577,1
54,94,45,8.392222,1
54,95,26,8.45923,1
54,96,33,8.556666,1
54,97,25,8.554,1
54,98,38,8.521579,0
54,99,30,8.583333,0
54,100,29,8.403793,1
54,101,33,8.49,0
54,102,37,8.498108,1
54,103,25,8.466,0
54,104,31,8.431935,1
54,105,154,8.070519,1
54,106,149,8.102416,0
54,107,33,8.265152,1
54,108,47,8.630425,1
54,109,35,8.819143,1
54,110,26,8.713846,0
54,111,59,8.020509,1
54,112,28,8.665,1
54,113,169,8.033787,1
54,114,78,8.334872,1
54,115,41,8.509512,1
54,116,28,8.686429,1
54,117,32,8.49875,1
54,118,45,8.527333,1
54,119,46,8.446522,1
54,120,49,8.678164,1
54,121,27,8.077778,1
54,122,129,7.096201,1
54,123,49,7.670204,1
54,124,25,8.794,1
54,125,27,8.512222,1
54,126,33,7.309091,1
54,127,147,6.287959,1
54,128,42,7.341429,1
54,129,33,8.811213,1
54,130,22,8.630909,1
54,131,30,8.53,1
54,132,35,8.575714,1
54,133,29,8.641725,1
54,134,29,8.614138,1
54,135,33,8.220909,1
54,136,56,7.263214,1
54,137,29,7.735172,1
54,138,28,8.341785,1
54,139,55,7.780909,1
54,140,47,8.262341,1
54,141,35,8.324286,1
54,142,33,8.502728,1
54,143,61,7.486722,1
54,144,23,8.636956,1
54,145,25,8.5572,1
54,146,33,8.425152,1
54,147,22,8.71909,1
54,148,68,8.252941,1
54,149,60,8.386666,1
54,150,28,8.629286,0
54,151,29,8.476207,1
54,152,30,8.623333,1
54,153,22,8.517273,0
54,154,68,8.173823,1
54,155,21,8.83381,0
54,156,24,8.6425,1
54,157,143,8.077482,1
54,158,75,8.0528,1
54,159,18,8.806666,1
54,160,27,8.606667,1
54,161,768,7.012722,1
54,162,17,7.677059,1
54,163,15,8.822667,1
54,164,16,8.74875,1
54,165,17,8.834118,0
54,166,19,8.858421,1
54,167,32,8.5125,1
54,168,20,7.9675,1
54,169,38,7.345263,1
54,170,24,8.08375,1
54,171,22,8.03091,1
54,172,30,7.993333,1
54,173,21,8.111428,1
54,174,88,7.925227,0
54,175,61,7.94082,0
54,176,22,8.101363,1
54,177,21,8.037619,1
54,178,384,6.99638,1
54,179,94,7.043298,1
54,180,25,8.014,0
54,181,14,8.000714,1
54,182,18,8.062222,1
54,183,23,8.092174,1
54,184,20,7.9675,1
54,185,38,6.99,1
54,186,120,6.0475,1
54,187,14,8.000714,1
56,1,42,7.92,1
56,2,40,7.9465,0
56,3,47,7.96234,0
56,4,149,7.904362,0
56,5,114,6.99,1
56,6,46,7.906957,1
56,7,56,8.156072,1
56,8,58,7.96,1
56,9,55,8.15,1
56,10,73,8.242329,0
56,11,34,8.910588,0
56,12,63,8.684286,0
56,13,47,9.25,1
56,14,54,9.048889,1
56,15,61,8.834262,1
56,16,82,8.694146,1
56,17,351,7.988063,1
56,18,56,8.209286,0
56,19,96,8.074792,0
56,20,259,7.029846,1
56,22,53,8.083585,1
56,23,32,8.045,1
56,24,49,7.952857,1
56,25,47,7.939362,1
56,26,27,8.34037,1
56,27,47,8.383191,0
56,28,94,7.099787,1
56,29,87,7.327701,1
56,30,56,8.162143,0
56,31,38,8.244737,0
56,32,54,8.782222,0
56,33,37,8.361892,0
56,34,51,8.166079,0
56,35,43,8.317442,0
56,36,59,8.86356,1
56,37,63,9.130635,1
56,38,51,9.037059,1
56,39,46,9.099131,1
56,40,49,9.11449,1
56,41,57,9.11,1
56,42,53,8.976792,1
56,43,41,9.002195,1
56,44,21,8.961429,0
56,45,21,9.204286,1
56,48,27,9.33,0
56,49,25,9.1236,0
56,50,31,9.175161,1
56,51,42,8.991428,1
56,52,48,8.45875,1
56,53,45,8.128222,1
56,54,213,7.044085,1
56,55,92,7.276522,1
56,56,33,7.992424,1
56,57,39,8.151026,0
56,58,36,7.855556,0
56,59,46,7.917391,0
56,60,61,7.824426,1
56,61,162,7.002346,1
56,62,57,7.016316,1
56,63,41,7.397317,1
56,64,44,7.401364,0
56,65,37,7.430541,1
56,66,61,8.003115,1
56,67,55,8.806364,1
56,68,69,8.83029,1
56,69,76,8.368947,1
56,70,76,9.006579,1
56,71,59,8.891695,1
56,72,75,8.920667,1
56,73,247,6.995263,1
56,74,84,6.99,1
56,75,59,8.901864,1
56,76,58,8.877931,1
56,77,43,8.820232,1
56,78,86,9.262093,1
56,79,169,7.286095,1
56,80,85,7.594,1
56,81,83,9.098916,1
56,82,60,8.77,1
56,83,72,8.863055,1
56,84,262,7.017481,1
56,85,56,9.0275,1
56,86,70,8.606286,1
56,87,83,7.72494,1
56,88,118,7.292542,1
56,89,84,8.253691,1
56,90,67,8.167612,1
56,91,57,8.400526,1
56,92,64,8.374375,1
56,93,74,8.352162,1
56,94,61,8.318688,1
56,95,59,8.625593,1
56,96,45,8.583333,1
56,97,34,8.613529,1
56,98,30,8.473333,0
56,99,50,8.708,0
56,100,43,8.520232,1
56,101,38,8.666316,0
56,102,44,8.49,1
56,103,51,8.419412,0
56,104,61,8.596558,1
56,105,228,8.079473,1
56,106,182,8.126264,1
56,107,58,8.44431,1
56,108,81,8.704815,0
56,109,57,8.905789,1
56,110,64,8.79875,0
56,111,83,7.921325,1
56,112,56,8.851071,1
56,113,240,8.046667,1
56,114,98,8.510408,1
56,115,57,8.719825,1
56,116,58,8.703794,1
56,117,51,8.844902,1
56,118,60,8.511666,1
56,119,47,8.530425,1
56,120,62,8.568387,1
56,121,53,8.837547,1
56,122,137,7.199489,1
56,123,64,7.368125,1
56,124,31,8.731936,1
56,125,37,8.654865,1
56,126,56,8.565,1
56,127,229,6.339345,1
56,128,62,7.45129,1
56,129,39,8.648974,1
56,130,31,8.644838,1
56,131,40,8.61,1
56,132,37,8.562973,1
56,133,41,8.533902,1
56,134,44,8.696818,1
56,135,53,8.59,1
56,136,107,7.399346,1
56,137,79,7.771013,1
56,138,55,8.691818,1
56,139,54,8.015926,1
56,140,64,8.132188,1
56,141,53,8.388113,1
56,142,69,8.326232,1
56,143,158,7.289367,1
56,144,44,8.626364,1
56,145,34,8.680588,1
56,146,48,8.5675,1
56,147,56,8.567142,1
56,148,125,8.26296,1
56,149,64,8.368125,1
56,150,44,8.533182,1
56,151,32,8.793125,1
56,152,49,8.771632,1
56,153,57,8.76193,0
56,154,77,8.226363,1
56,155,46,8.676956,1
56,156,49,8.7,1
56,157,212,8.114434,1
56,158,103,8.286797,1
56,159,45,8.69,1
56,160,46,8.655217,1
56,161,953,7.011826,1
56,162,48,8.559375,1
56,164,75,8.865867,1
56,165,15,8.822,1
56,166,24,9.023334,1
56,167,30,8.896667,1
56,168,39,8.282308,1
56,169,47,8.034681,1
56,170,32,8.315,1
56,171,36,8.315,1
56,172,25,8.502,1
56,173,45,8.23,1
56,174,112,7.99625,0
56,175,65,7.994616,0
56,176,19,8.337368,1
56,177,32,8.155625,1
56,178,483,7.000766,1
56,179,96,6.99,1
56,180,19,8.247894,0
56,181,30,8.456667,1
56,182,23,8.037827,1
56,183,1,7.89,1
56,184,8,8.315,1
56,185,30,7.856667,1
56,186,78,6.128461,1
56,187,29,8.124483,1
56,188,18,7.89,0
59,1,43,7.841163,1
59,2,37,7.913243,0
59,3,53,7.881698,0
59,4,146,7.894931,0
59,5,130,6.99,1
59,6,54,8.02963,1
59,7,62,8.11,1
59,8,58,8.126207,1
59,9,43,8.015117,1
59,10,113,7.911416,0
59,11,50,8.1288,0
59,12,45,8.380222,1
59,13,29,8.796206,1
59,14,49,8.615306,1
59,15,58,8.496207,1
59,16,58,8.596207,1
59,17,249,7.98502,1
59,18,24,8.3375,0
59,19,66,8.163636,0
59,20,278,7.142878,1
59,21,58,7.162414,1
59,22,31,7.570645,1
59,23,51,7.813529,1
59,38,39,8.797692,1
59,39,47,8.745319,1
59,40,26,8.836154,1
59,43,30,8.69,1
59,45,25,8.53,1
59,46,30,8.673333,1
59,47,32,8.880625,1
59,48,18,8.767777,0
59,50,19,8.463684,1
59,51,17,8.137059,1
59,52,20,8.265,1
59,53,42,7.549524,1
59,54,523,6.011606,1
59,55,124,7.082742,1
59,56,113,7.020974,1
59,57,61,7.162131,0
59,58,116,7.037414,1
59,59,88,7.012727,0
59,60,65,7.005384,1
59,61,115,7.016087,1
59,62,60,7.048333,1
59,63,27,7.064074,1
59,64,48,7.125417,0
59,65,24,7.156667,1
59,66,32,7.161875,1
59,67,27,8.545555,1
59,68,39,8.541282,1
59,69,55,8.148182,1
59,70,33,8.99,1
59,71,39,8.764359,1
59,72,40,8.885,1
59,73,356,6.991966,1
59,74,78,7.024615,1
59,75,28,8.99,1
59,76,35,8.801429,1
59,77,43,8.81093,1
59,78,66,8.873333,1
59,79,139,7.26554,1
59,80,52,7.893846,1
59,81,37,8.900811,1
59,82,30,8.88,1
59,83,56,8.99,1
59,84,301,6.99,1
59,85,22,8.99,1
59,86,44,8.315,1
59,87,49,7.449183,1
59,88,103,7.287087,1
59,89,32,8.268125,1
59,90,68,8.001764,1
59,91,42,8.151905,1
59,92,48,8.210834,1
59,93,39,8.228461,1
59,94,39,8.200256,1
59,95,32,7.993125,1
59,96,18,8.073334,1
59,97,24,8.119166,1
59,98,33,8.223333,0
59,99,36,8.042778,0
59,100,29,8.155518,1
59,102,32,8.165,1
59,103,35,8.11,0
59,104,27,8.052963,1
59,105,171,7.935029,1
59,106,187,8.009252,0
59,107,33,8.438485,1
59,108,62,8.420645,1
59,109,32,8.5925,1
59,110,36,8.446111,0
59,111,66,8.02303,1
59,112,34,8.42,1
59,113,208,7.975577,1
59,114,156,8.05282,1
59,115,56,8.516786,1
59,116,26,8.79,1
59,117,37,8.379189,1
59,118,43,8.573256,1
59,119,32,8.506875,1
59,120,55,8.349273,1
59,121,40,8.34625,1
59,122,114,7.132982,1
59,123,43,7.693256,1
59,124,28,8.409286,1
59,125,23,8.518261,1
59,126,51,7.446078,0
59,127,194,6.466289,1
59,128,43,7.231861,1
59,129,30,8.366667,1
59,130,23,8.607391,0
59,131,26,8.355385,0
59,132,30,8.476666,0
59,133,27,8.582593,0
59,134,19,8.353158,1
59,135,28,7.849286,1
59,136,64,7.372812,1
59,137,33,8.014849,1
59,138,34,8.334118,1
59,139,43,7.783023,1
59,140,31,8.083549,1
59,141,26,8.228461,1
59,142,40,8.33,1
59,143,136,7.287794,1
59,144,51,8.105686,1
59,145,27,8.215926,1
59,146,38,8.55579,1
59,147,29,8.307241,1
59,148,83,8.181566,1
59,149,52,8.207308,1
59,150,25,8.506,0
59,151,24,8.381667,1
59,152,17,8.21353,1
59,153,29,8.414138,0
59,154,43,8.273721,1
59,155,26,8.332308,0
59,156,30,8.356667,1
59,157,180,8.039444,1
59,158,98,8.077755,0
59,159,30,8.558666,0
59,160,25,8.234,1
59,161,1128,6.991596,1
59,162,6,8.406667,1
59,163,19,8.771579,1
59,164,22,8.680909,1
59,165,21,8.723333,0
59,166,19,8.858421,1
59,167,20,8.5255,1
59,168,19,7.784737,1
59,169,37,7.64,1
59,170,17,7.698823,1
59,171,18,7.795556,1
59,172,13,7.874615,1
59,173,26,7.803462,1
59,174,155,7.613871,0
59,175,87,7.611264,0
59,176,19,7.882105,1
59,177,12,8.0525,1
59,178,701,6.99,1
59,179,130,7.041385,1
59,180,17,7.807647,0
59,181,21,7.678095,1
59,182,19,7.687368,1
59,183,15,7.713333,1
59,184,19,7.882105,1
59,185,25,7.186,1
59,186,130,6.096154,1
59,187,27,7.727037,1
59,188,19,7.59,0
59,299,45,5.99,1
59,300,49,5.99,1
