detergent_data.csv
store,week,sales,price,promoflag
71,1,22,8.676364,1
71,2,10,8.74,0
71,3,24,8.706667,0
71,4,100,8.64,0
71,5,60,6.99,1
71,6,20,8.94,1
71,7,23,9.094348,1
71,8,35,8.918571,1
71,9,19,9.000526,1
71,10,44,9.199091,0
71,11,18,9.401111,0
71,12,23,9.659565,0
71,13,25,10.13,1
71,14,53,9.578679,1
71,15,44,9.653636,1
71,16,45,9.59,1
71,17,555,7.997351,1
71,18,16,9.8525,0
71,19,86,8.900465,0
71,20,558,7.025484,1
71,21,87,7.065862,1
71,22,14,8.861428,0
71,23,33,8.850606,1
71,24,26,8.905385,1
71,25,32,9.024375,1
71,26,18,8.928889,1
71,27,22,9.199091,0
71,28,202,7.108812,1
71,29,63,7.104286,1
71,30,33,9.09303,0
71,31,69,8.978406,0
71,32,30,9.223333,0
71,33,25,8.99,0
71,34,23,8.985652,0
71,35,30,9.14,1
71,36,34,9.407647,1
71,37,40,9.8275,1
71,38,34,10.02529,1
71,39,36,9.873333,1
71,40,32,10.11812,1
71,41,46,10.04,1
71,42,37,8.762973,1
71,43,21,9.504286,1
71,44,16,8.69625,0
71,45,19,9.658422,1
71,46,16,9.9775,1
71,47,10,10.09,1
71,48,11,9.926364,0
71,49,7,9.718572,0
71,50,17,9.701765,1
71,51,30,9.323334,1
71,52,15,9.023334,1
71,53,39,8.982307,1
71,54,297,7.019293,1
71,55,75,7.022,1
71,56,17,8.29,1
71,57,26,8.578462,0
71,58,18,8.29,0
71,59,19,8.474211,0
71,60,37,8.523514,1
71,61,148,7.003513,1
71,62,43,7.34814,1
71,63,53,8.297547,1
71,64,25,8.29,0
71,65,19,8.32,1
71,66,32,8.14,1
71,67,33,7.811212,1
71,68,47,7.885745,1
71,69,46,8.203044,1
71,70,51,8.878235,1
71,71,41,8.460732,1
71,72,41,8.863171,1
71,73,459,6.972571,1
71,74,56,6.99,1
71,75,24,9.159166,1
71,76,26,9.146153,1
71,77,27,8.992222,1
71,78,32,10.12344,1
71,79,215,7.285256,1
71,81,92,9.903044,1
71,83,57,8.952807,1
71,84,364,6.99989,1
71,85,57,9.962631,1
71,86,119,9.188487,1
71,87,149,7.497383,1
71,88,119,7.232017,1
71,89,25,9.426,1
71,90,69,8.228261,1
71,91,23,9.245217,1
71,92,41,9.448293,1
71,93,31,9.154194,1
71,94,44,9.318409,1
71,95,26,9.615769,1
71,96,23,9.63087,1
71,97,21,9.622857,1
71,98,23,9.574782,0
71,99,28,9.807143,0
71,100,13,9.367692,1
71,102,22,9.363182,1
71,103,34,9.639117,0
71,104,36,9.3925,1
71,105,504,8.055,1
71,106,416,8.057693,1
71,107,26,8.416924,1
71,108,37,8.924054,0
71,109,22,9.806364,1
71,110,32,9.574375,0
71,112,19,9.15,1
71,113,432,8.019931,1
71,114,221,8.17819,1
71,115,51,8.890588,1
71,116,42,8.568095,1
71,117,34,9.087647,1
71,118,27,8.906297,1
71,119,40,8.8775,1
71,120,59,8.86322,1
71,121,49,8.013674,1
71,122,157,7.260828,1
71,123,49,8.092857,1
71,124,28,9.572143,1
71,125,92,7.527283,1
71,127,1964,5.058773,1
71,128,45,7.032889,1
71,129,26,9.546923,1
71,130,17,9.778824,0
71,131,39,9.389487,1
71,132,24,9.14125,1
71,133,25,9.768,1
71,134,20,9.4875,1
71,135,39,8.940769,1
71,136,124,7.37,1
71,137,25,8.5776,1
71,138,25,8.9884,1
71,139,96,7.443958,1
71,140,48,8.625417,1
71,141,42,8.672143,1
71,142,40,8.7715,1
71,143,245,7.241224,1
71,144,27,9.49,1
71,145,49,9.398775,1
71,146,20,9.541,1
71,147,39,9.236923,1
71,148,139,8.436115,1
71,149,67,8.419403,1
71,150,20,9.664,0
71,151,30,9.520333,1
71,152,45,9.341556,1
71,153,15,9.230667,0
71,154,119,8.253278,1
71,155,29,9.493103,0
71,156,36,9.361389,1
71,157,503,7.973757,1
71,158,254,8.041615,1
71,159,34,9.604117,1
71,160,25,9.574,1
71,161,1832,7.003466,1
71,162,24,9.668333,1
71,163,11,9.773637,1
71,164,14,9.822143,1
71,165,25,9.494,0
71,166,20,9.356,1
71,167,18,9.287222,1
71,168,21,8.842857,1
71,169,22,9.153182,1
71,170,21,9.432858,1
71,171,20,9.3865,1
71,172,14,8.969286,1
71,173,27,9.18,1
71,174,123,8.18439,1
71,175,63,8.301905,1
71,176,12,9.0325,1
71,177,26,9.611154,1
71,178,928,7.011789,1
71,179,225,7.0988,1
71,180,20,9.298,0
71,181,21,9.18,1
71,182,24,9.25375,1
71,183,10,9.121,1
71,184,20,9.2095,1
71,185,35,7.856571,1
71,186,60,6.354167,1
71,187,21,9.348572,1
71,188,12,9.3275,0
72,1,14,8.718572,1
72,2,28,8.700714,0
72,3,37,8.722432,0
72,4,219,8.751187,0
72,5,177,6.99,1
72,6,28,8.772142,1
72,7,40,9.0275,1
72,8,28,9.200714,1
72,9,31,9.096452,1
72,10,39,8.931026,0
72,11,22,9.949091,0
72,12,29,9.721034,0
72,13,22,9.949091,1
72,14,52,9.568846,1
72,15,52,9.578462,1
72,16,54,9.223333,1
72,17,227,8.144009,1
72,18,31,9.773871,0
72,19,52,9.059231,0
72,20,251,7.025856,1
72,21,83,7.485181,1
72,22,28,9.093572,0
72,23,38,8.974211,1
72,24,37,8.776486,1
72,25,36,9.178889,1
72,26,16,8.9775,1
72,27,38,9.54,0
72,28,137,7.322847,1
72,29,92,7.241087,1
72,30,44,8.858182,0
72,31,45,9.256667,0
72,32,40,9.465,0
72,33,35,9.247143,0
72,34,34,9.172353,0
72,35,38,9.408422,1
72,36,50,9.73,1
72,37,57,10.03561,1
72,38,52,9.982307,1
72,39,34,10.06941,1
72,40,48,10.01917,1
72,41,39,10.00795,1
72,42,40,8.865,1
72,43,44,9.403636,1
72,44,38,9.855789,0
72,45,36,9.456667,1
72,46,21,9.599524,1
72,47,23,10.09435,1
72,48,14,9.468572,0
72,50,32,9.836875,1
72,51,20,10.065,1
72,52,15,10.12333,1
72,53,49,9.351225,1
72,54,203,7.021035,1
72,55,41,7.36561,1
72,56,22,8.54,1
72,57,25,8.43,0
72,58,30,8.69,0
72,59,23,8.55087,0
72,60,33,8.352727,1
72,61,95,7.016316,1
72,62,44,7.046818,1
72,63,38,8.142632,1
72,64,30,8.423,0
72,65,14,8.412143,1
72,66,25,8.722,1
72,67,44,8.660455,1
72,68,47,9.041064,1
72,69,80,8.035,1
72,70,38,9.203157,1
72,71,48,9.096666,1
72,72,65,9.110308,1
72,73,355,6.99,1
72,74,80,7.016,1
72,75,34,9.175294,1
72,76,38,9.14,1
72,77,40,9.1275,1
72,78,38,10.21395,1
72,79,209,7.222919,1
72,80,53,7.868491,1
72,81,43,9.735581,1
72,82,43,9.008605,1
72,83,34,8.955882,1
72,84,327,7.026697,1
72,85,35,9.659715,1
72,86,51,9.217843,1
72,87,99,7.474041,1
72,88,144,7.269166,1
72,89,32,9.288125,1
72,90,58,8.556207,1
72,91,33,9.17303,1
72,92,37,9.177567,1
72,93,45,9.266666,1
72,94,50,9.3102,1
72,95,25,9.4312,1
72,96,29,9.514828,1
72,97,35,9.622857,1
72,98,35,9.475429,0
72,99,44,9.480454,0
72,100,35,9.586,1
72,101,27,9.643333,0
72,102,32,9.55375,1
72,103,43,9.49,0
72,104,37,9.697568,1
72,105,315,8.122762,1
72,106,235,7.999191,1
72,107,31,8.47,1
72,108,38,8.99421,0
72,109,14,9.147142,1
72,110,30,9.25,0
72,111,50,7.958,1
72,112,40,8.376,1
72,113,282,8.016809,1
72,114,155,8.043677,1
72,115,41,8.54122,1
72,116,27,8.456667,1
72,117,43,8.273721,1
72,118,33,8.553637,1
72,119,40,8.393,1
72,120,38,8.464737,1
72,121,33,9.163333,1
72,122,174,7.10954,1
72,123,76,7.017368,1
72,124,21,9.176666,1
72,125,22,8.93,1
72,126,35,9.011714,1
72,127,352,6.066705,1
72,128,35,6.847143,1
72,129,16,8.99,1
72,130,13,9.346923,1
72,131,30,9.035334,1
72,132,22,8.971818,1
72,133,17,9.046471,1
72,134,26,9.242308,1
72,135,47,9.24766,1
72,136,159,7.240818,1
72,137,42,7.165238,1
72,138,31,9.256129,1
72,139,71,7.570282,1
72,140,40,8.33775,1
72,141,41,8.275366,1
72,142,41,8.162195,1
72,143,160,7.187,1
72,144,17,9.333529,1
72,146,44,7.195682,1
72,147,30,9.15,1
72,148,104,7.516346,1
72,149,37,8.577027,1
72,150,9,9.07,1
72,151,16,9.35,1
72,152,25,9.3388,1
72,153,12,9.256667,0
72,154,90,8.172222,1
72,155,22,9.375455,1
72,156,19,9.148948,1
72,157,300,7.9447,1
72,158,200,7.7825,1
72,159,19,9.364737,1
72,160,24,9.396667,1
72,161,1265,6.991644,1
72,162,27,9.134815,1
72,163,11,9.206364,1
72,164,14,9.177143,1
72,165,13,9.005384,1
72,166,11,8.935454,1
72,167,15,8.93,1
72,168,9,8.59,1
72,169,54,6.512222,1
72,170,15,8.59,1
72,171,13,8.59,1
72,172,13,8.59,1
72,173,20,8.59,1
72,174,123,8.229024,0
72,175,51,8.260589,0
72,176,7,8.59,1
72,177,15,8.59,1
72,178,645,6.99,1
72,179,186,6.99,1
72,180,16,8.59,0
72,181,6,8.59,1
72,182,14,8.59,1
72,183,15,8.59,1
72,184,12,8.59,1
72,185,21,6.99,1
72,186,111,5.99,1
72,187,14,8.59,1
72,188,12,8.59,0
73,1,25,7.5548,1
73,2,40,7.43,0
73,3,79,7.549494,0
73,4,172,7.501047,0
73,5,175,7.281657,1
73,6,90,8.219778,1
73,7,117,8.253932,1
73,8,108,8.11963,1
73,9,69,7.900724,1
73,10,82,7.86,0
73,11,36,8.669444,0
73,12,66,8.803333,0
73,13,60,9.103666,1
73,14,100,8.979,1
73,15,84,8.872143,1
73,16,108,8.704259,1
73,17,594,7.999057,1
73,18,52,8.543462,0
73,19,105,8.078571,0
73,20,631,7.048257,1
73,21,129,7.168915,1
73,22,54,8.118519,0
73,23,58,8.123793,1
73,24,60,7.985,1
73,25,53,8.046981,1
73,26,53,8.026226,1
73,27,46,8.595653,0
73,28,244,7.148934,1
73,29,168,7.099643,1
73,31,76,8.162632,0
73,32,81,8.459136,0
73,33,64,8.00875,0
73,34,55,8.317273,0
73,35,68,8.235588,0
73,36,83,8.893615,1
73,37,73,9.067261,1
73,38,98,9.056735,1
73,39,70,9.066,0
73,40,78,9.057693,1
73,41,68,9.017647,1
73,42,43,8.594651,1
73,43,59,8.815424,1
73,44,31,8.918387,0
73,45,35,8.585428,1
73,46,30,8.932,1
73,47,42,8.904285,1
73,48,20,8.595,0
73,49,42,8.6,0
73,50,33,8.606363,1
73,51,49,8.564693,1
73,52,56,8.185715,1
73,53,57,7.786491,1
73,54,245,7.019388,1
73,55,76,7.301579,1
73,56,43,7.474651,1
73,57,42,7.628572,0
73,58,47,7.388723,1
73,59,51,7.465686,0
73,60,59,7.466271,1
73,61,249,7.018113,1
73,62,170,7.034118,1
73,63,50,7.41,1
73,64,73,7.48589,0
73,65,50,7.47,1
73,66,55,7.768182,1
73,67,81,8.429506,1
73,68,119,8.879916,1
73,69,99,8.263738,1
73,70,69,9.002174,1
73,71,70,8.83,1
73,72,76,8.867632,1
73,73,548,7.000584,1
73,74,98,7.016531,1
73,75,61,8.917869,1
73,76,63,8.843968,1
73,77,74,8.918379,1
73,78,58,9.200345,1
73,79,241,7.364108,1
73,80,127,8.014725,1
73,81,87,8.832069,1
73,83,118,8.870508,1
73,84,487,7.00232,1
73,85,70,9.180285,1
73,86,115,8.701653,1
73,87,190,7.374737,1
73,88,193,7.240259,1
73,89,77,8.666623,1
73,90,124,8.210565,1
73,91,110,8.433182,1
73,92,79,8.727342,1
73,93,75,8.420667,1
73,94,96,8.763958,1
73,95,85,8.691176,1
73,96,84,8.774524,1
73,97,65,8.848461,1
73,98,55,8.83,0
73,99,56,8.800714,0
73,100,53,8.871132,1
73,101,62,8.84,0
73,102,62,8.893226,1
73,103,63,8.84873,0
73,104,53,8.808867,1
73,105,361,8.152604,1
73,106,333,8.084294,1
73,107,37,8.064324,1
73,108,58,8.496897,0
73,109,32,8.755,1
73,110,35,8.555715,0
73,111,61,7.663771,1
73,112,40,8.6035,1
73,113,413,7.991453,1
73,114,267,8.159288,1
73,115,53,8.308867,1
73,116,46,8.244348,1
73,117,45,8.383333,1
73,118,36,8.462778,1
73,119,41,8.311463,1
73,120,45,8.403778,1
73,121,53,8.49,1
73,122,177,7.012034,1
73,123,54,7.062222,1
73,124,22,8.881818,0
73,125,27,8.374444,1
73,126,49,8.408367,1
73,127,286,6.401189,1
73,128,49,8.067551,1
73,129,37,8.838649,1
73,130,56,8.754286,1
73,131,50,8.76,1
73,132,31,8.741612,1
73,133,51,8.913529,1
73,134,47,8.834681,1
73,135,64,8.74625,1
73,136,197,7.419949,1
73,137,54,8.030741,1
73,138,50,8.908,1
73,139,76,8.118947,1
73,140,67,8.445224,1
73,141,60,8.518333,1
73,142,65,8.53923,1
73,143,232,7.228793,1
73,144,51,8.966471,1
73,145,49,8.796123,1
73,146,41,8.935854,1
73,147,72,8.704166,1
73,148,156,8.332436,1
73,149,90,8.433333,1
73,150,48,8.829583,1
73,151,52,8.865,1
73,152,57,9.102281,1
73,153,54,8.877037,0
73,154,143,8.331958,1
73,155,40,8.9375,1
73,156,48,8.688125,1
73,158,210,8.120095,1
73,159,45,8.79,1
73,160,44,8.967273,1
73,161,2224,7.005198,1
73,162,97,8.619588,1
73,163,40,8.77175,1
73,164,49,8.875102,1
73,165,28,9.304286,0
73,166,30,9.003333,1
73,167,54,9.145555,1
73,168,36,8.645555,1
73,169,69,8.308841,1
73,170,35,8.472857,1
73,171,35,8.424286,1
73,172,34,8.64,1
73,173,44,8.624091,1
73,174,148,8.096757,0
73,175,109,8.170734,0
73,176,30,8.796667,1
73,177,29,8.476207,1
73,178,1029,7.027901,1
73,180,21,8.780477,0
73,181,24,8.598333,1
73,182,33,8.662727,1
73,183,26,8.347692,1
73,184,16,8.74,1
73,185,53,7.971132,1
73,186,147,6.283877,1
73,187,22,8.353637,1
74,1,47,8.103617,1
74,2,43,7.825814,0
74,3,57,7.949649,0
74,4,185,7.91627,0
74,5,134,6.99,1
74,6,76,7.89079,1
74,7,93,8.052365,1
74,8,56,8.010715,1
74,9,53,7.940189,1
74,10,73,8.10315,0
74,11,34,8.180588,0
74,12,58,8.57,0
74,13,47,8.964893,1
74,14,83,9.013132,1
74,15,85,8.696117,1
74,16,88,8.822045,1
74,17,776,7.959149,1
74,18,85,8.127647,0
74,19,107,8.119159,0
74,20,541,7.055176,1
74,21,124,7.265323,1
74,22,45,8.047334,1
74,23,32,8.00875,1
74,24,35,8.19,1
74,25,48,8.032917,1
74,26,52,8.118462,1
74,27,69,8.315217,0
74,28,194,7.09268,1
74,29,160,7.162125,1
74,30,85,7.880588,0
74,31,61,7.988033,0
74,33,67,8.013881,0
74,34,52,8.121538,0
74,35,57,8.259474,1
74,36,81,8.513703,1
74,37,82,9.015122,1
74,38,81,9.040617,1
74,39,83,9.011205,1
74,41,54,9.11,1
74,42,72,8.856667,1
74,43,45,8.856667,1
74,44,38,8.592631,0
74,45,46,8.463913,1
74,46,31,8.836452,1
74,47,42,8.921429,1
74,48,43,9.080233,0
74,49,31,9.19258,0
74,50,35,8.868857,1
74,51,43,8.643488,1
74,52,35,8.339143,1
74,53,53,8.196037,1
74,54,264,7.012727,1
74,55,66,7.044546,1
74,56,47,7.378085,1
74,57,52,7.412692,0
74,58,65,7.380154,0
74,59,54,7.41037,0
74,61,167,7.046886,1
74,62,125,7.034,1
74,63,45,7.403333,1
74,64,56,7.4525,0
74,65,48,7.48375,1
74,66,57,7.59,1
74,67,64,8.719687,1
74,68,91,8.795494,1
74,69,110,8.111818,1
74,70,74,8.921351,1
74,71,59,8.795085,1
74,72,101,8.842475,1
74,73,410,7.013903,1
74,74,105,7.076667,1
74,75,48,8.862917,1
74,76,71,8.878733,1
74,77,56,8.834642,1
74,78,78,9.257949,1
74,79,263,7.257072,1
74,80,120,7.773833,1
74,81,109,9.056605,1
74,82,85,8.760823,1
74,83,108,8.830926,1
74,84,619,7.011325,1
74,85,71,9.072817,1
74,86,81,8.638148,1
74,87,130,7.606154,1
74,88,280,7.311429,1
74,89,111,8.447658,1
74,90,112,7.962321,1
74,91,104,8.529423,1
74,92,106,8.530094,1
74,93,97,8.425052,1
74,94,95,8.557368,1
74,95,81,8.629506,1
74,96,79,8.624177,1
74,97,67,8.782537,1
74,98,76,8.68079,0
74,99,58,8.726207,0
74,100,36,8.473333,1
74,101,50,8.73,0
74,102,51,8.678235,1
74,103,69,8.640724,0
74,104,64,8.77125,1
74,105,430,8.067442,1
74,106,294,8.193912,1
74,107,72,8.354584,1
74,108,92,8.716087,0
74,109,68,8.902059,1
74,110,81,9.098148,0
74,111,106,8.008868,1
74,112,61,8.853279,1
74,113,467,8.056381,1
74,114,341,8.204956,1
74,115,89,8.577641,1
74,116,66,8.521818,1
74,117,63,8.705873,1
74,118,60,8.784333,1
74,119,54,8.708889,1
74,120,78,8.565641,1
74,121,73,8.763425,1
74,122,187,7.217273,1
74,123,113,7.367876,1
74,124,42,9.071428,1
74,125,45,8.939777,1
74,126,73,8.561233,1
74,127,354,6.38774,1
74,128,132,6.949091,1
74,129,69,8.833478,1
74,130,50,8.668,1
74,131,32,8.749375,1
74,132,58,8.941724,1
74,133,60,8.753333,1
74,134,50,8.948,1
74,135,88,8.616137,1
74,136,221,7.291358,1
74,137,85,7.697059,1
74,138,43,8.883023,1
74,140,175,8.188286,1
74,141,60,8.721666,1
74,142,73,8.654384,1
74,143,142,7.687183,1
74,144,42,8.985238,1
74,145,100,7.0785,1
74,146,112,7.002321,1
74,148,219,7.287671,1
74,149,88,8.400228,1
74,150,60,8.86,1
74,151,50,8.862,1
74,152,64,8.930625,1
74,153,53,8.83151,0
74,154,176,8.282045,1
74,155,59,8.984915,1
74,156,50,8.8086,1
74,157,407,8.095602,1
74,158,353,7.857422,1
74,159,60,8.84,1
74,160,59,8.938475,1
74,161,1403,7.035075,1
74,162,63,9.150317,1
74,163,54,9.210556,1
74,164,97,8.966289,1
74,165,53,9.280944,1
74,166,26,9.282308,1
74,167,43,9.176977,1
74,168,43,8.650465,1
74,169,106,6.133113,1
74,170,41,8.421707,1
74,171,55,8.405272,1
74,172,41,8.58122,1
74,173,42,8.357142,1
74,174,134,8.150298,0
74,175,101,8.170594,0
74,176,37,9.009459,1
74,177,46,8.743044,1
74,178,887,7.038613,1
74,179,260,7.108461,1
74,180,39,8.952051,0
74,181,36,8.616667,1
74,182,7,8.824286,1
74,183,34,8.659411,1
74,184,34,8.659411,1
74,185,37,8.321892,1
74,186,194,6.242371,1
74,187,38,8.363685,1
74,188,24,8.798333,0
