detergent_data.csv
store,week,sales,price,promoflag
75,1,12,8.998333,1
75,2,12,8.665,0
75,3,16,8.8525,0
75,4,84,8.813809,0
75,5,50,7.214,1
75,6,13,9.559231,1
75,7,18,9.178889,1
75,8,25,9.05,1
75,9,29,8.841724,1
75,10,19,8.711053,0
75,11,11,8.835455,0
75,12,15,9.123333,0
75,13,9,10.17889,1
75,14,19,9.679474,1
75,15,15,9.516666,1
75,16,21,9.528095,1
75,17,192,7.985312,1
75,18,15,9.423333,0
75,19,27,8.91963,0
75,20,105,7.075714,1
75,21,33,7.235455,1
75,22,20,8.79,1
75,23,22,9.108182,1
75,24,25,8.91,1
75,25,13,8.636154,1
75,26,15,8.856667,1
75,27,8,8.9775,0
75,28,108,7.117778,1
75,29,60,7.21,1
75,31,23,9.181304,0
75,32,13,9.136154,0
75,33,12,8.915,0
75,36,22,9.426364,1
75,37,13,9.828462,1
75,38,13,9.982307,1
75,39,23,9.876957,1
75,40,15,9.99,1
75,41,14,9.968572,1
75,42,24,9.415,1
75,43,18,9.29,1
75,44,8,8.79,0
75,45,7,9.861428,1
75,46,11,10.29,1
75,47,11,10.06273,1
75,48,5,9.09,0
75,49,4,9.665,0
75,50,10,10.29,1
75,51,7,10.29,1
75,52,7,9.79,1
75,53,30,8.423333,1
75,54,105,7.007143,1
75,55,23,7.211739,1
75,56,13,8.597692,1
75,57,12,8.623333,0
75,58,16,8.415,0
75,59,13,8.343846,1
75,60,18,8.559444,1
75,61,133,7.008797,1
75,62,30,7.123333,1
75,63,13,8.013077,1
75,64,21,8.317142,0
75,65,17,8.323529,1
75,66,19,8.353158,1
75,67,18,8.29,1
75,68,16,9.1775,1
75,69,34,8.201765,1
75,70,21,9.21381,1
75,71,35,8.998571,1
75,72,28,9.177857,1
75,73,197,7.011117,1
75,74,57,7.027895,1
75,75,16,9.065,1
75,76,26,9.096923,1
75,77,23,9.056087,1
75,78,34,10.31471,1
75,79,105,7.272286,1
75,80,37,7.848378,1
75,81,38,9.601579,1
75,82,28,8.842857,1
75,83,29,9.020345,1
75,84,248,6.99,1
75,85,18,9.792222,1
75,86,21,9.34619,1
75,87,83,7.252169,1
75,88,93,7.186774,1
75,92,28,9.227143,1
75,93,36,9.136666,1
75,94,24,9.805,1
75,95,13,9.367692,1
75,96,15,9.758,1
75,97,14,9.715,1
75,98,20,9.6505,0
75,99,22,9.773637,0
75,100,13,9.863846,1
75,101,20,9.7795,0
75,102,17,9.677059,1
75,103,22,9.539091,0
75,104,13,9.665384,1
75,105,182,8.178242,1
75,106,57,8.391579,1
75,107,21,9.231428,1
75,108,28,9.151428,0
75,109,16,9.94375,1
75,110,24,9.70625,0
75,111,26,8.503846,1
75,112,27,9.196667,1
75,113,125,8.19856,1
75,114,57,8.660702,1
75,115,23,9.368261,1
75,116,29,9.186552,1
75,117,21,8.860476,1
75,118,19,9.533684,1
75,119,20,9.3405,1
75,120,23,9.37913,1
75,121,26,9.410769,1
75,122,74,7.263243,1
75,123,19,8.231579,1
75,124,16,9.925,1
75,125,13,9.856923,1
75,126,16,9.62625,1
75,127,136,6.2675,1
75,128,39,7.121026,1
75,129,18,9.57,1
75,130,11,9.829091,0
75,131,16,9.7425,1
75,132,16,9.698125,1
75,133,10,9.705,1
75,134,14,9.690714,1
75,135,16,8.889375,1
75,136,82,7.15439,1
75,137,28,7.947857,1
75,138,17,8.954118,1
75,139,47,8.207022,1
75,140,37,8.213784,1
75,141,25,9.01,1
75,142,20,9.5355,1
75,143,117,7.265555,1
75,144,16,9.7075,1
75,145,17,9.55353,1
75,146,22,9.652273,1
75,147,20,9.3715,1
75,148,52,8.650769,1
75,149,22,9.072272,1
75,150,17,9.647058,0
75,151,14,9.875,1
75,152,13,9.652308,1
75,153,13,9.738461,0
75,154,77,8.207792,1
75,155,19,9.391579,0
75,156,20,9.4945,1
75,157,121,8.144876,1
75,158,56,8.309821,1
75,159,20,9.2595,1
75,160,18,9.441112,1
75,161,999,7.000641,1
75,162,14,9.137143,1
75,163,10,9.505,1
75,164,10,9.607,1
75,165,13,9.278461,0
75,166,11,8.720909,1
75,167,16,9.099375,1
75,168,9,9.006667,1
75,169,45,7.954889,1
75,170,14,9.036428,1
75,171,17,9.104706,1
75,172,15,9.09,1
75,173,12,8.9025,1
75,174,73,8.230411,1
75,175,49,8.336939,1
75,176,24,8.798333,1
75,177,21,9.006667,1
75,178,412,7.024587,1
75,179,96,7.272188,1
75,180,12,8.6025,0
75,181,11,8.703636,1
75,182,22,8.760454,1
75,183,17,9.104706,1
75,184,24,9.006667,1
75,185,41,7.546098,1
75,186,99,6.145555,1
75,187,21,9.244761,1
76,1,17,7.892353,1
76,2,15,7.716667,0
76,3,33,7.892424,0
76,4,160,7.86075,0
76,5,66,6.99,1
76,6,25,7.8276,1
76,7,18,8.156667,1
76,8,38,8.167369,1
76,9,30,8.175333,1
76,10,44,8.015909,0
76,11,17,8.764117,0
76,12,15,8.73,0
76,13,36,8.941112,1
76,14,59,8.963899,1
76,15,57,8.859473,1
76,16,47,8.683191,1
76,17,432,7.954722,1
76,18,24,8.775,0
76,19,61,8.198196,0
76,20,388,7.092474,1
76,21,163,7.378834,1
76,22,36,8.508333,0
76,23,43,8.175581,1
76,24,17,8.166471,1
76,25,30,8.067333,1
76,26,19,8.059474,1
76,27,29,8.514138,0
76,28,121,7.10438,1
76,29,94,7.229149,1
76,30,23,8.311739,0
76,31,26,8.473846,0
76,32,43,8.464884,0
76,33,42,8.186191,0
76,34,29,8.003793,0
76,35,47,8.199787,1
76,36,45,8.772223,1
76,37,42,8.930476,1
76,38,28,9.084286,1
76,39,30,9.092,1
76,40,32,9.103125,1
76,41,35,9.050571,1
76,42,39,8.951538,1
76,43,29,9.017586,1
76,44,28,9.079286,0
76,47,21,9.092857,1
76,48,22,9.041819,0
76,49,23,9.071739,0
76,50,13,8.720769,1
76,51,25,9.102,1
76,52,23,8.448261,1
76,53,37,8.329459,1
76,54,229,7.00441,1
76,55,44,7.390909,1
76,56,17,7.505294,1
76,57,24,7.958333,0
76,58,23,7.792609,0
76,59,26,7.863077,0
76,60,37,7.646757,1
76,61,150,7.006667,1
76,62,44,7.126364,1
76,63,21,7.413809,1
76,64,22,7.662727,0
76,65,18,7.501111,1
76,66,28,7.986429,1
76,67,23,8.581305,1
76,68,42,8.628096,1
76,69,67,8.155672,1
76,70,32,8.858125,1
76,71,41,8.86561,1
76,72,50,8.874,1
76,73,386,6.986114,1
76,74,66,6.99,1
76,75,32,8.880625,1
76,76,33,8.853637,1
76,77,39,8.879744,1
76,78,42,9.232857,1
76,79,208,7.256923,1
76,80,82,7.753902,1
76,81,31,8.863548,1
76,82,43,8.806279,1
76,83,32,8.781875,1
76,84,388,6.999279,1
76,85,44,9.197272,1
76,86,57,8.728597,1
76,87,67,7.454179,1
76,88,110,7.216363,1
76,89,29,8.764138,1
76,90,65,8.215384,1
76,91,36,8.655278,1
76,92,37,8.598108,1
76,93,35,8.808572,1
76,94,39,8.991282,1
76,95,31,8.857742,1
76,96,40,8.7025,1
76,97,40,8.8125,1
76,98,30,8.986667,0
76,99,49,8.896122,0
76,100,32,8.874375,1
76,101,25,8.862,0
76,102,28,8.918571,1
76,103,37,8.944054,0
76,104,19,8.811052,1
76,105,234,8.095555,1
76,106,186,8.192688,1
76,107,57,8.680351,1
76,108,55,8.871819,0
76,109,30,9.023334,1
76,110,32,8.943125,0
76,111,61,8.242459,1
76,112,37,8.679729,1
76,113,230,8.124348,1
76,114,170,8.174118,1
76,115,33,8.68697,1
76,116,45,8.696667,1
76,117,40,8.8775,1
76,118,39,8.856667,1
76,119,50,8.8672,1
76,120,49,8.887143,1
76,121,51,8.93,1
76,122,164,7.217439,1
76,123,50,7.762,1
76,124,32,9.038125,1
76,125,42,9.104762,1
76,126,55,8.800909,1
76,127,234,6.366923,1
76,128,51,7.437059,1
76,129,37,9.011621,1
76,130,22,8.799091,1
76,131,38,8.963684,1
76,132,38,8.75579,1
76,133,36,9.037222,1
76,134,41,8.994878,1
76,135,49,8.867551,1
76,136,184,7.345435,1
76,137,69,7.559565,1
76,138,37,8.93054,1
76,139,65,7.986923,1
76,140,67,8.255672,1
76,141,52,8.976539,1
76,142,56,8.593572,1
76,143,174,7.360115,1
76,144,47,8.966596,1
76,145,40,8.8955,1
76,146,41,9.109512,1
76,147,46,8.83,1
76,148,119,8.322605,1
76,149,44,8.54,1
76,150,24,8.923333,1
76,151,25,8.718,1
76,152,35,8.738571,1
76,153,35,8.95,0
76,154,84,8.294762,1
76,155,32,8.84,1
76,156,29,8.816896,1
76,157,232,8.092931,1
76,158,138,8.25145,1
76,159,20,9.06,1
76,160,30,8.89,1
76,161,1293,7.056357,1
76,162,21,9.037143,1
76,163,18,9.274445,1
76,164,15,9.010667,1
76,165,16,9.065,1
76,166,21,9.247143,1
76,167,29,9.121035,1
76,168,27,8.771482,1
76,169,33,8.302121,1
76,170,24,8.810833,1
76,171,33,8.611212,1
76,172,18,9.117778,1
76,173,25,8.366,1
76,174,81,8.204815,0
76,175,65,8.046923,0
76,176,77,8.154935,1
76,177,40,8.315,1
76,178,613,7.032414,1
76,179,109,7.228532,1
76,180,21,8.861428,0
76,181,20,8.825,1
76,182,19,8.695263,1
76,183,19,8.426842,1
76,184,5,8.57,1
76,185,38,8.016315,1
76,186,62,6.454516,1
76,187,17,8.49,1
77,1,39,7.74641,1
77,2,26,7.393846,0
77,3,50,7.4,0
77,4,171,7.46076,0
77,5,109,6.99,1
77,6,74,7.866487,1
77,7,59,8.087966,1
77,8,65,8.084154,1
77,9,68,7.994412,1
77,10,75,7.997733,0
77,11,47,8.298511,0
77,12,58,8.453448,0
77,13,39,8.858718,1
77,14,67,8.781045,1
77,15,69,8.471739,1
77,16,95,8.491474,1
77,17,336,8.002262,1
77,18,37,8.207838,0
77,19,82,8.008536,0
77,20,324,7.104198,1
77,21,107,7.176916,1
77,22,48,7.70875,0
77,23,62,7.65129,1
77,24,50,7.63,1
77,25,61,7.629344,1
77,26,57,7.797018,1
77,27,47,8.096383,0
77,28,163,7.180184,1
77,29,137,7.19073,1
77,30,92,7.593261,0
77,31,69,7.932029,0
77,32,73,8.250274,0
77,33,70,7.954286,0
77,34,66,7.79303,0
77,35,66,7.899091,1
77,36,78,8.432307,1
77,37,56,8.865,1
77,38,60,8.765,1
77,39,65,8.728461,1
77,40,49,8.847143,1
77,41,60,8.831667,1
77,42,45,8.856667,1
77,43,48,8.6775,1
77,44,34,8.637059,0
77,45,45,8.801111,1
77,46,43,8.524883,1
77,47,33,8.844545,1
77,48,25,8.59,0
77,49,36,8.573334,0
77,50,28,8.615,1
77,51,30,8.256667,1
77,52,39,8.066923,1
77,53,42,8.192381,1
77,54,192,7.013958,1
77,55,134,7.180298,1
77,56,50,7.19,1
77,57,48,7.14625,0
77,58,51,7.166471,1
77,59,54,7.101111,0
77,60,58,7.593448,1
77,61,157,7.002739,1
77,62,79,7.084937,1
77,63,40,7.0025,1
77,64,67,7.034776,0
77,65,48,7.000417,1
77,66,54,7.341852,1
77,67,43,8.838838,1
77,68,64,8.919687,1
77,69,57,8.423333,1
77,70,59,8.99,1
77,71,44,8.755909,1
77,72,60,8.913333,1
77,73,353,6.992549,1
77,74,125,6.99,1
77,75,50,8.99,1
77,76,40,8.88,1
77,77,49,8.99,1
77,78,76,8.816316,1
77,79,196,7.204286,1
77,80,55,7.680909,1
77,81,37,8.99,1
77,82,54,8.99,1
77,83,35,8.832857,1
77,84,230,7.017391,1
77,85,78,8.877179,1
77,87,82,7.538781,1
77,88,134,7.260896,1
77,89,102,7.976274,1
77,90,120,7.879167,1
77,91,61,8.21459,1
77,92,69,8.081305,1
77,93,60,8.073334,1
77,94,62,8.120646,1
77,95,84,7.942381,1
77,96,55,8.09,1
77,97,44,8.165,1
77,98,43,8.171395,0
77,99,41,8.104634,0
77,100,38,8.00579,1
77,101,48,8.210834,0
77,102,60,8.11,1
77,103,50,8.066,0
77,104,70,8,1
77,105,265,7.923208,1
77,106,205,7.989512,1
77,107,46,8.215,1
77,108,71,8.381549,0
77,109,37,8.342432,1
77,110,41,8.213414,0
77,111,73,7.598219,1
77,112,42,8.447143,1
77,113,202,7.962772,1
77,114,118,8.132373,1
77,115,48,8.637917,1
77,116,36,8.481667,1
77,117,48,8.335834,1
77,118,30,8.189333,1
77,119,56,8.386071,1
77,120,58,8.262069,1
77,121,57,8.512105,1
77,122,157,7.140318,1
77,123,77,7.267922,1
77,124,54,8.241852,1
77,125,52,8.515,1
77,126,40,8.0825,1
77,127,183,6.326612,1
77,128,62,6.925484,1
77,129,38,8.382105,1
77,130,25,8.242,1
77,131,29,8.383103,1
77,132,37,8.365676,1
77,133,48,8.417084,1
77,134,40,8.2475,1
77,135,50,8.198,1
77,136,93,7.277097,1
77,137,44,7.355909,1
77,138,28,8.361428,1
77,139,47,7.834681,1
77,140,33,7.883939,1
77,141,27,8.256667,1
77,142,41,8.104634,1
77,143,73,7.38726,1
77,144,32,8.0275,1
77,145,73,5.914658,1
77,146,66,5.865,1
77,147,37,8.187297,1
77,148,188,5.977766,1
77,149,41,8.050976,1
77,150,29,7.89,1
77,151,27,7.89,1
77,152,24,7.89,1
77,153,30,7.89,0
77,154,37,7.954865,1
77,155,39,8.172051,1
77,156,29,8.23138,1
77,157,185,8.026756,1
77,158,111,7.48009,1
77,159,27,8.215926,1
77,160,38,8.150526,1
77,161,792,6.994545,1
77,162,63,8.693174,1
77,163,24,8.806666,1
77,164,16,8.73375,1
77,165,14,8.79,0
77,166,21,8.79,1
77,167,32,8.79,1
77,168,21,7.59,1
77,169,88,5.242841,1
77,170,17,7.59,1
77,171,22,7.59,1
77,172,21,7.59,1
77,173,33,7.59,1
77,174,92,7.59,0
77,175,69,7.59,0
77,176,19,7.59,1
77,177,19,7.59,1
77,178,630,6.99,1
77,179,177,6.99,1
77,180,18,7.59,0
77,181,25,7.59,1
77,182,17,7.59,1
77,183,12,7.59,1
77,184,13,7.59,1
77,185,33,6.99,1
77,186,90,5.99,1
77,187,19,7.59,0
77,188,22,7.59,0
78,1,24,7.5525,1
78,2,42,7.430476,0
78,3,63,7.497937,0
78,4,242,7.440413,0
78,5,172,6.99,1
78,6,105,7.614572,1
78,7,102,7.487843,1
78,8,77,7.886104,1
78,9,80,7.91125,1
78,10,86,7.871628,0
78,11,48,7.89125,0
78,12,66,8.124545,0
78,13,58,8.533103,1
78,14,67,8.721343,1
78,15,65,8.448153,1
78,16,60,8.415667,1
78,17,582,7.960825,1
78,18,63,8.569682,0
78,19,118,7.960508,0
78,20,552,7.098696,1
78,21,141,7.082199,1
78,22,61,7.645738,1
78,23,83,7.598434,1
78,24,57,7.49,1
78,25,58,7.61931,1
78,26,49,7.592041,1
78,27,54,7.971481,0
78,28,204,7.063529,1
78,29,140,7.107857,1
78,30,66,7.618788,0
78,32,59,8.08322,0
78,33,69,7.953768,0
78,34,57,7.884737,0
78,35,61,7.875246,0
78,36,68,8.313529,1
78,37,50,8.79,1
78,38,48,8.573334,1
78,39,66,8.732424,1
78,40,48,8.698334,1
78,41,47,8.596383,1
78,42,53,8.527736,1
78,43,51,8.450785,1
78,44,38,8.674211,0
78,45,38,8.292631,1
78,46,48,8.344167,1
78,47,27,8.378889,1
78,48,28,8.722143,0
78,49,48,8.650416,0
78,50,35,8.518572,1
78,51,62,8.369032,1
78,52,52,7.884231,1
78,53,53,7.848491,1
78,54,296,7.050135,1
78,55,68,7.232647,1
78,56,40,7.14,1
78,57,53,7.103208,0
78,58,64,7.013437,0
78,59,66,7.247576,0
78,60,90,7.284444,1
78,61,191,7.016178,1
78,62,71,7.039296,1
78,63,44,7.001364,1
78,64,71,7.025211,0
78,65,42,7.061429,1
78,66,71,7.194225,1
78,67,62,8.417419,1
78,68,76,8.707106,1
78,69,63,8.367778,1
78,70,55,8.917273,1
78,71,58,8.914138,1
78,72,89,8.903483,1
78,73,382,6.997068,1
78,74,73,7.002329,1
78,75,44,8.94,1
78,76,51,8.860588,1
78,77,49,8.855306,1
78,78,53,8.844717,1
78,79,249,7.186787,1
78,80,84,7.647143,1
78,81,56,8.793571,1
78,83,96,8.886875,1
78,84,364,7.007308,1
78,85,45,8.794444,1
78,86,111,8.226937,1
78,87,150,7.482,1
78,88,153,7.258627,1
78,89,80,8.11,1
78,90,70,7.881429,1
78,91,49,8.249184,1
78,92,76,8.193948,1
78,93,68,8.051764,1
78,94,60,8.036667,1
78,95,48,8.187917,1
78,96,48,8.09625,1
78,97,43,8.196977,1
78,98,43,8.120233,0
78,99,46,8.033479,0
78,100,37,8.217027,1
78,101,49,8.136939,0
78,102,55,8.01,1
78,103,48,8.119166,0
78,104,68,8.11647,1
78,105,319,7.917586,1
78,106,230,7.989565,1
78,107,72,8.188611,1
78,108,70,8.265715,0
78,109,54,8.360741,1
78,110,52,8.36,0
78,111,67,7.961642,1
78,112,40,8.3375,1
78,113,359,7.941532,1
78,114,153,8.195229,1
78,115,59,8.223898,1
78,116,45,8.598889,1
78,117,34,8.49,1
78,118,48,8.352083,1
78,119,44,8.405,1
78,120,59,8.441864,1
78,121,48,8.423333,1
78,122,156,7.075897,1
78,123,67,7.388507,1
78,124,37,8.253243,1
78,125,36,8.635,1
78,126,55,8.23,1
78,127,182,6.406484,1
78,128,74,6.94,1
78,129,35,8.204286,1
78,130,40,8.4125,1
78,131,44,8.34,1
78,132,37,8.276486,1
78,133,44,8.365,1
78,134,43,8.350465,1
78,135,45,8.183333,1
78,136,151,7.213841,1
78,137,66,7.627879,1
78,138,34,8.181176,1
78,139,63,7.988413,1
78,140,49,8.19204,1
78,141,25,8.418,1
78,142,54,8.358519,1
78,143,106,7.397547,1
78,144,27,8.338148,1
78,145,45,8.354445,1
78,146,45,8.33,1
78,147,47,8.311276,1
78,148,129,8.137287,1
78,149,68,8.067941,1
78,150,39,8.284872,1
78,151,36,8.348333,1
78,152,47,8.402766,1
78,153,61,8.253935,0
78,154,46,8.105217,1
78,155,37,8.208919,1
78,156,37,8.219729,1
78,157,324,7.968395,1
78,158,229,8.030174,1
78,159,31,8.441613,1
78,160,50,8.375,1
78,161,1457,6.99858,1
78,162,139,8.490359,1
78,163,10,8.51,1
78,164,26,8.703462,1
78,165,19,8.782105,1
78,166,15,8.92,1
78,167,33,8.908182,1
78,168,25,7.664,1
78,169,39,7.779744,1
78,170,37,7.89,1
78,171,32,7.936875,1
78,172,27,7.795556,1
78,173,26,7.874615,1
78,174,110,7.640455,0
78,175,87,7.717586,0
78,176,29,7.717586,1
78,177,20,7.8675,1
78,178,772,7.002694,1
78,179,268,7.063134,1
78,180,35,7.801429,0
78,181,24,7.667083,1
78,182,33,7.814242,1
78,183,35,7.801429,1
78,185,35,7.34,1
78,186,144,6.085834,1
78,187,28,7.986429,1
78,188,25,7.886,0
