detergent_data.csv
store,week,sales,price,promoflag
80,1,77,7.379611,1
80,2,104,7.331346,0
80,3,130,7.409231,0
80,4,313,7.49,0
80,5,190,7.005789,1
80,6,105,7.71419,1
80,7,173,7.887572,1
80,8,169,7.846923,1
80,9,159,7.882453,1
80,10,164,7.834024,0
80,11,46,8.395652,0
80,12,107,8.492056,1
80,13,111,8.768198,1
80,14,136,8.728971,1
80,17,824,7.977379,1
80,18,124,8.008388,0
80,19,180,7.926889,0
80,20,631,7.061316,1
80,21,193,7.158394,1
80,22,112,7.641786,0
80,23,125,7.562,1
80,24,123,7.575366,1
80,25,137,7.632336,1
80,26,83,7.767108,1
80,27,95,8.258421,0
80,28,312,7.115,1
80,29,194,7.216804,1
80,30,98,7.663469,0
80,31,106,8.032453,0
80,32,152,7.772895,0
80,33,162,7.780123,0
80,34,138,7.754493,0
80,35,145,8.065862,0
80,36,139,8.454029,1
80,37,125,8.75,1
80,38,122,8.703115,1
80,39,126,8.632857,1
80,40,159,8.747862,1
80,41,126,8.704286,1
80,42,124,8.582742,1
80,43,127,8.541182,1
80,44,91,8.495495,0
80,45,87,8.444023,1
80,46,92,8.517174,1
80,47,78,8.669487,1
80,48,98,8.780816,0
80,49,97,8.649794,0
80,50,85,8.467647,1
80,51,105,8.23,1
80,52,94,8.075107,1
80,53,116,7.640862,1
80,54,419,7.042506,1
80,55,236,7.167966,1
80,56,112,7.204286,1
80,57,153,7.208954,0
80,58,107,7.120841,0
80,59,135,7.108519,0
80,60,152,7.157763,1
80,61,286,7.009231,1
80,62,184,7.093261,1
80,63,117,7.049829,1
80,64,134,7.031045,0
80,65,103,7.053107,1
80,66,115,7.359565,1
80,67,112,8.387321,1
80,68,90,8.934444,1
80,69,119,8.361428,1
80,70,74,8.99,1
80,71,89,8.71809,1
80,72,110,8.9,1
80,73,383,6.99705,1
80,74,99,7.017273,1
80,75,75,8.960667,1
80,76,73,8.839315,1
80,77,83,8.830964,1
80,78,91,8.760329,1
80,79,296,7.21804,1
80,80,212,7.414057,1
80,81,115,8.856087,1
80,82,86,8.874884,1
80,83,90,8.843333,1
80,84,298,7.029262,1
80,85,90,8.818889,1
80,86,113,8.318318,1
80,87,122,7.499016,1
80,88,207,7.272609,1
80,89,84,8.165,1
80,90,96,7.829583,1
80,91,66,8.24,1
80,92,91,8.131759,1
80,93,75,8.198,1
80,94,91,8.192198,1
80,95,67,8.169105,1
80,96,73,8.070822,1
80,97,67,8.169105,1
80,98,80,8.15125,0
80,99,64,8.165,0
80,100,67,8.119851,1
80,101,85,8.187647,0
80,102,72,8.103889,1
80,103,64,8.250937,0
80,104,74,8.127838,1
80,105,350,7.946571,1
80,106,288,7.961875,1
80,107,89,8.170898,1
80,108,107,8.397476,0
80,109,65,8.352462,1
80,110,53,8.417925,0
80,111,86,7.787674,1
80,112,72,8.386389,1
80,113,347,7.949654,1
80,114,153,8.320719,1
80,115,79,8.484937,1
80,116,63,8.71381,1
80,117,73,8.565343,1
80,118,62,8.520645,1
80,119,65,8.424461,1
80,120,91,8.36011,1
80,121,89,8.538539,1
80,122,237,7.159198,1
80,123,81,7.399877,1
80,124,57,8.479474,1
80,125,70,8.272285,1
80,126,84,8.217381,1
80,127,377,6.272758,1
80,128,57,6.979474,1
80,129,62,8.333549,1
80,130,65,8.431539,1
80,131,73,8.326986,1
80,132,66,8.273334,1
80,134,62,8.351291,1
80,135,74,8.217027,1
80,136,146,7.349589,1
80,137,67,7.724329,1
80,138,62,8.262581,1
80,139,105,7.746191,1
80,140,56,8.111428,1
80,141,65,8.279231,1
80,142,52,8.270769,1
80,143,174,7.235402,1
80,144,51,8.299804,1
80,145,55,8.23,1
80,146,52,8.313077,1
80,147,56,8.145357,1
80,148,169,8.00716,1
80,149,63,8.116984,1
80,150,61,8.250656,1
80,151,80,8.2475,1
80,152,61,8.180164,1
80,153,67,8.231791,0
80,154,85,8.179412,1
80,155,52,8.266923,1
80,156,48,8.281667,1
80,157,269,8.011933,1
80,158,228,8.042631,1
80,159,51,8.331177,1
80,160,56,8.44625,1
80,161,1317,7.002415,1
80,162,32,8.379063,1
80,163,29,8.681379,1
80,164,44,8.701364,1
80,165,47,8.904894,1
80,166,29,8.871035,1
80,167,52,8.865,1
80,168,34,7.807647,1
80,169,95,7.765263,1
80,170,33,7.758182,1
80,171,36,7.692778,1
80,172,32,7.763437,1
80,173,46,7.831305,1
80,174,158,7.636836,0
80,175,111,7.673333,0
80,176,26,7.803462,1
80,177,40,7.82125,1
80,178,815,6.996012,1
80,179,271,7.035203,1
80,180,39,7.732308,0
80,181,33,7.814242,1
80,182,35,7.854286,1
80,183,37,7.89,1
80,184,7,7.854286,1
80,185,51,7.038039,1
80,186,145,6.037586,1
80,187,34,7.698823,1
80,188,36,7.949722,0
81,1,56,7.968928,1
81,2,32,7.816875,0
81,3,52,7.864615,0
81,4,273,7.964359,0
81,5,225,7.258444,1
81,6,115,8.074,1
81,7,73,8.206438,1
81,8,121,8.135785,1
81,9,71,8.088873,1
81,10,76,8.17079,0
81,11,34,8.261765,0
81,12,46,8.584348,0
81,13,67,9.181045,1
81,14,79,8.958101,1
81,15,81,8.58679,1
81,16,85,8.697059,1
81,17,712,7.953483,1
81,18,95,8.263263,0
81,19,128,8.06625,0
81,20,463,7.117214,1
81,21,98,7.214082,1
81,22,44,8.107273,1
81,23,57,8.204386,1
81,24,61,8.13,1
81,25,58,8.243793,1
81,26,37,8.045675,1
81,27,43,8.583954,0
81,28,191,7.088429,1
81,29,152,7.17,1
81,30,94,8.088085,0
81,31,100,8.1998,0
81,33,68,8.124118,0
81,34,63,8.047461,0
81,35,64,8.615,1
81,36,70,8.787714,1
81,37,54,9.081482,1
81,38,77,9.154156,1
81,39,59,9.060509,0
81,40,60,9.156,1
81,41,63,9.078571,1
81,42,65,8.79,1
81,43,49,8.875714,1
81,44,38,8.718947,0
81,45,41,8.746098,1
81,46,30,8.86,1
81,47,34,9.068824,1
81,48,22,8.901818,0
81,49,32,8.799375,0
81,50,19,8.831053,1
81,51,49,8.450816,1
81,54,304,7.031842,1
81,55,161,7.118199,1
81,56,53,7.49,1
81,57,39,7.665897,0
81,58,58,7.33,1
81,59,52,7.385385,0
81,60,73,7.472192,1
81,61,178,7.020899,1
81,62,161,7.021056,1
81,63,49,7.402245,1
81,64,56,7.516428,0
81,66,54,7.584445,1
81,67,67,8.372089,1
81,68,68,8.541471,1
81,69,59,8.552711,1
81,70,50,9.0128,1
81,71,44,8.819546,1
81,72,92,8.907392,1
81,73,332,7.001747,1
81,74,121,7.032975,1
81,75,59,8.852712,1
81,76,67,8.845223,1
81,77,55,8.862727,1
81,78,61,9.281803,1
81,79,171,7.463216,1
81,80,54,7.940741,1
81,81,71,9.048592,1
81,82,83,8.799156,1
81,83,46,8.763043,1
81,84,314,7.020573,1
81,85,61,9.141148,1
81,86,51,8.715882,1
81,87,77,7.634156,1
81,88,172,7.331861,1
81,91,44,8.528636,1
81,92,54,8.542778,1
81,93,55,8.409091,1
81,94,73,8.454384,1
81,95,45,8.632222,1
81,96,50,8.51,1
81,97,59,8.662881,1
81,98,44,8.59,0
81,99,46,8.433478,0
81,100,49,8.581837,1
81,101,48,8.725417,0
81,102,53,8.580566,1
81,103,43,8.64814,0
81,104,55,8.51,1
81,105,323,8.05161,1
81,106,221,8.124616,1
81,107,58,8.433104,1
81,108,95,8.684737,0
81,109,41,8.675854,1
81,110,48,8.954166,0
81,111,95,8.033158,1
81,112,50,8.6776,1
81,113,218,8.064771,1
81,114,194,8.35134,1
81,115,65,8.762308,1
81,116,57,8.567193,1
81,117,48,8.5025,1
81,118,58,8.651034,1
81,119,47,8.563191,1
81,120,78,8.498975,1
81,121,60,8.863334,1
81,122,184,7.181848,1
81,123,94,7.198511,1
81,124,50,8.7536,1
81,125,52,8.533077,1
81,126,53,8.44283,1
81,127,268,6.330298,1
81,128,59,6.969661,1
81,129,31,8.564194,1
81,130,41,8.507073,1
81,131,47,8.483617,1
81,132,46,8.572609,1
81,133,51,8.71549,1
81,134,52,8.591923,1
81,135,47,8.513404,1
81,136,164,7.248537,1
81,137,56,7.715,1
81,138,51,8.623333,1
81,139,80,7.695,1
81,140,68,8.259118,1
81,141,55,8.413636,1
81,142,54,8.456667,1
81,143,106,7.258868,1
81,144,51,8.619411,1
81,145,41,8.600732,1
81,146,42,8.487143,1
81,147,52,8.524231,1
81,148,131,8.276565,1
81,149,60,8.303333,1
81,151,40,8.785,1
81,152,37,8.608919,1
81,153,43,8.801628,0
81,154,92,8.170435,1
81,155,41,8.697317,1
81,156,41,8.823415,1
81,157,254,8.028346,1
81,158,211,8.076824,1
81,159,31,8.777097,1
81,160,43,8.655116,1
81,161,1664,7.003281,1
81,162,53,8.612264,1
81,163,27,8.955556,1
81,164,33,8.818788,1
81,165,20,8.99,0
81,166,27,8.908519,1
81,167,36,8.99,1
81,168,34,8.39,1
81,169,90,8.097777,1
81,170,27,8.204815,1
81,171,27,8.330741,1
81,172,31,8.32871,1
81,173,48,8.20875,1
81,174,140,7.999286,0
81,175,95,7.979474,0
81,176,14,8.132857,1
81,177,32,8.155625,1
81,178,820,7.031219,1
81,179,167,7.114551,1
81,180,19,8.247894,0
81,181,31,8.164193,1
81,182,29,8.300344,1
81,183,22,8.585455,1
81,184,18,8.267777,1
81,185,42,7.423333,1
81,186,155,6.129355,1
81,187,23,8.333478,1
81,188,28,8.254286,0
83,1,23,7.337826,1
83,2,36,7.392778,0
83,3,58,7.308966,0
83,4,141,7.40844,0
83,5,111,7.008018,1
83,6,48,7.800416,1
83,7,46,8.006956,1
83,8,64,7.847813,1
83,9,50,7.794,1
83,10,65,7.870308,0
83,11,50,8.5452,0
83,12,55,8.495455,0
83,13,55,8.708181,1
83,14,86,8.716744,1
83,15,87,8.353448,1
83,16,85,8.513294,1
83,17,284,8.010916,1
83,18,54,8.448889,0
83,19,141,7.984043,0
83,20,410,7.030244,1
83,21,74,7.172432,1
83,22,84,7.603095,1
83,23,60,7.698333,1
83,24,55,7.580909,1
83,25,47,7.532553,1
83,26,31,7.538387,1
83,27,52,7.941923,0
83,28,188,7.040532,1
83,29,116,7.11931,1
83,30,100,7.6,0
83,32,80,8.2275,0
83,33,83,7.797229,0
83,34,48,7.906667,0
83,35,63,7.997937,1
83,36,76,8.503158,1
83,37,82,8.685122,1
83,38,51,8.617451,1
83,39,72,8.649722,1
83,40,63,8.720159,1
83,41,66,8.649091,1
83,42,54,8.314075,1
83,43,49,8.377755,1
83,44,51,8.568431,0
83,45,39,8.348974,1
83,46,40,8.265,1
83,47,45,8.567778,1
83,48,31,8.65129,0
83,49,28,8.543571,0
83,50,37,8.462973,1
83,51,45,8.29,1
83,52,42,8.144762,1
83,53,55,7.499091,1
83,54,171,7.018655,1
83,55,69,7.243623,1
83,56,48,7.365,1
83,57,55,7.29,0
83,58,47,7.181489,0
83,59,63,7.204286,0
83,60,49,7.153265,1
83,61,194,7.036392,1
83,62,74,7.077838,1
83,63,34,7.195882,1
83,64,51,7.195882,0
83,65,46,7.022609,1
83,66,52,7.701539,1
83,67,52,8.749616,1
83,68,53,8.961699,1
83,69,66,8.346061,1
83,70,45,8.99,1
83,71,48,8.760834,1
83,72,76,8.87421,1
83,73,400,6.999,1
83,74,73,7.014657,1
83,75,61,8.935902,1
83,76,55,8.87,1
83,77,49,8.832857,1
83,78,64,8.8525,1
83,79,224,7.254286,1
83,80,69,8.008841,1
83,81,60,8.806666,1
83,82,58,8.800344,1
83,83,49,8.922653,1
83,84,332,6.998133,1
83,85,126,8.911428,1
83,86,109,8.404679,1
83,87,150,7.302,1
83,88,124,7.265807,1
83,89,67,8.316866,1
83,90,101,7.997921,1
83,91,46,8.368261,1
83,92,73,8.281781,1
83,93,58,8.307241,1
83,94,73,8.372191,1
83,95,46,8.272609,1
83,96,53,8.305095,1
83,97,47,8.358085,1
83,98,42,8.282857,0
83,99,53,8.24283,0
83,100,36,8.44,1
83,101,43,8.376046,0
83,102,40,8.1925,1
83,103,56,8.322143,0
83,104,43,8.196977,1
83,105,246,7.966016,1
83,106,180,8.099722,1
83,107,67,8.344478,1
83,108,92,8.471521,0
83,109,46,8.543478,1
83,110,44,8.491364,0
83,111,89,7.831573,1
83,112,46,8.76,1
83,113,239,7.991255,1
83,114,149,8.274564,1
83,115,51,8.693922,1
83,116,46,8.474783,1
83,117,54,8.473333,1
83,118,35,8.363143,1
83,119,54,8.608889,1
83,120,54,8.405185,1
83,121,64,8.59875,1
83,122,169,7.221952,1
83,123,78,7.369487,1
83,124,51,8.303333,1
83,125,41,8.566586,1
83,126,54,8.358519,1
83,127,206,6.389514,1
83,128,55,7.342727,1
83,129,49,8.585918,1
83,130,43,8.45279,1
83,131,50,8.572,1
83,132,44,8.465,1
83,133,44,8.315,1
83,134,48,8.485833,1
83,135,48,8.44,1
83,136,132,7.239243,1
83,137,86,7.481861,1
83,138,71,8.41676,1
83,139,82,7.859512,1
83,140,70,7.967143,1
83,141,53,8.429623,1
83,142,44,8.44,1
83,143,143,7.383706,1
83,144,43,8.580698,1
83,145,51,8.515491,1
83,146,57,8.526842,1
83,147,70,8.44,1
83,148,122,8.232623,1
83,149,77,8.304286,1
83,150,59,8.412034,1
83,151,56,8.459642,1
83,152,43,8.601628,1
83,153,45,8.627778,0
83,154,58,8.23138,1
83,155,55,8.33,1
83,156,41,8.49,1
83,157,258,8.022558,1
83,158,159,8.08434,1
83,159,39,8.387436,1
83,160,33,8.526363,1
83,161,1586,7.014779,1
83,162,44,8.676364,1
83,163,35,8.798572,1
83,164,58,9.03138,1
83,165,43,8.81907,1
83,166,25,9.024,1
83,167,44,9.011591,1
83,168,33,7.982424,1
83,169,47,8.062341,1
83,170,30,8.33,1
83,171,36,8.360833,1
83,172,34,8.242941,1
83,173,33,8.318788,1
83,174,104,7.839038,0
83,175,85,7.96,0
83,176,30,8.206667,1
83,177,26,8.230385,1
83,178,706,7.038584,1
83,179,134,7.117985,1
83,180,40,8.37625,0
83,181,29,8.419311,1
83,182,40,8.37625,1
83,183,31,8.306129,1
83,184,41,8.221707,1
83,185,34,7.926764,1
83,186,124,6.212581,1
83,187,34,8.515,1
83,188,37,8.19,0
84,1,44,8.149546,1
84,2,38,7.896316,0
84,3,50,8.0168,0
84,4,216,8.012963,0
84,5,154,7.071818,1
84,6,81,8.028025,1
84,7,58,8.107586,1
84,8,79,8.046962,1
84,9,58,7.933448,1
84,10,83,8.156265,0
84,11,42,8.830953,0
84,12,62,8.584839,0
84,13,50,9.1544,1
84,14,87,9.084023,1
84,15,88,8.490909,1
84,16,101,8.595346,1
84,17,682,7.976246,1
84,18,45,8.417111,0
84,19,103,8.005728,0
84,20,373,7.10067,1
84,21,107,7.104019,1
84,22,58,7.975173,1
84,23,49,8.023877,1
84,24,42,8.080953,1
84,25,65,7.988154,1
84,26,32,8.188125,1
84,27,59,8.434068,0
84,28,188,7.104362,1
84,29,85,7.229765,1
84,30,50,7.99,0
84,32,81,8.545555,0
84,33,66,7.995454,0
84,34,76,8.097105,0
84,35,56,8.318929,0
84,36,67,8.458955,1
84,37,71,9.031972,1
84,38,66,9.177878,1
84,39,68,8.90147,1
84,40,65,9.157385,1
84,41,41,9.10317,1
84,42,51,9.095882,1
84,43,66,8.926364,1
84,44,43,8.999302,0
84,45,37,9.211621,1
84,46,45,8.763333,1
84,47,35,9.258,1
84,48,29,8.878965,0
84,49,30,8.778,0
84,50,35,8.927143,1
84,51,38,8.673158,1
84,52,40,8.5965,1
84,53,61,8.167377,1
84,54,281,7.009359,1
84,55,125,7.162,1
84,56,34,8.21353,1
84,57,62,7.712581,0
84,58,54,7.422593,1
84,59,57,7.52614,0
84,60,78,7.582308,1
84,61,222,7.005766,1
84,62,84,7.09119,1
84,63,44,7.401364,1
84,64,57,7.460176,0
84,65,57,7.477719,1
84,66,54,7.736296,1
84,67,59,8.79678,1
84,68,67,8.907015,1
84,69,77,8.577013,1
84,70,67,8.944328,1
84,71,50,8.876,1
84,72,76,8.924211,1
84,73,667,6.99,1
84,74,92,6.99,1
84,75,49,8.94102,1
84,76,54,8.843703,1
84,77,66,8.879394,1
84,78,64,9.338437,1
84,79,223,7.256457,1
84,80,86,7.806744,1
84,81,76,8.982368,1
84,82,83,8.823735,1
84,83,80,8.813,1
84,84,469,7.010469,1
84,85,137,9.235401,1
84,86,99,8.540707,1
84,87,102,7.513529,1
84,88,173,7.316011,1
84,89,73,8.385205,1
84,90,69,8.30087,1
84,91,54,8.452037,1
84,92,63,8.44,1
84,93,61,8.328525,1
84,94,70,8.392858,1
84,95,53,8.497547,1
84,96,53,8.68434,1
84,97,42,8.473333,1
84,98,57,8.521579,0
84,99,47,8.430426,0
84,100,47,8.547447,1
84,101,39,8.600256,0
84,102,55,8.47,1
84,103,44,8.59,0
84,104,41,8.424147,1
84,105,277,8.027184,1
84,106,260,8.082692,1
84,107,62,8.325484,1
84,108,109,8.739541,0
84,109,67,9.287015,1
84,110,86,8.893721,0
84,111,97,7.940516,1
84,112,55,8.614364,1
84,113,301,8.037841,1
84,114,149,8.311477,1
84,115,83,8.550241,1
84,116,44,8.853637,1
84,117,57,8.625088,1
84,118,78,8.605641,1
84,119,66,8.473333,1
84,120,65,8.543231,1
84,121,59,8.761865,1
84,122,197,7.070711,1
84,123,78,7.160513,1
84,124,33,8.771818,1
84,125,52,8.653077,1
84,126,59,8.605254,1
84,127,270,6.194445,1
84,128,63,7.101111,1
84,129,41,8.543658,1
84,130,45,8.703333,1
84,131,43,8.608604,1
84,132,43,8.687675,1
84,133,40,8.7475,1
84,134,41,8.685122,1
84,135,64,8.582188,1
84,136,116,7.316724,1
84,137,59,7.623899,1
84,138,42,8.651905,1
84,139,87,7.795747,1
84,140,50,8.1,1
84,141,64,8.363438,1
84,142,60,8.385,1
84,143,127,7.270315,1
84,144,37,8.64946,1
84,145,46,8.554348,1
84,146,50,8.5352,1
84,147,59,8.609661,1
84,148,136,8.185441,1
84,149,68,8.260589,1
84,150,17,8.29,1
84,151,31,8.29,1
84,152,28,8.29,1
84,153,26,8.29,0
84,154,58,8.03138,1
84,155,29,8.29,1
84,156,32,8.29,1
84,158,156,8.103718,1
84,159,41,8.629025,1
84,160,50,8.714,1
84,161,1470,7.000612,1
84,162,98,8.519898,1
84,163,33,8.60303,1
84,164,37,8.78054,1
84,165,35,8.927143,1
84,166,33,8.88697,1
84,167,34,8.884118,1
84,168,35,8.035714,1
84,169,37,8.211621,1
84,170,34,8.34,1
84,171,37,8.211621,1
84,172,27,8.015926,1
84,173,41,8.01439,1
84,174,129,8.008605,0
84,175,91,7.983407,0
84,176,17,8.09,1
84,177,37,8.073784,1
84,178,929,7.003994,1
84,179,101,7.118713,1
84,180,33,7.99303,0
84,181,20,8.145,1
84,182,28,8.072143,1
84,183,22,8.353637,1
84,184,13,7.89,1
84,185,34,7.066471,1
84,186,61,6.049016,1
84,187,29,8.007241,1
