detergent_data.csv
store,week,sales,price,promoflag
86,1,15,7.874,1
86,2,16,7.86375,0
86,3,40,8.0005,0
86,4,158,7.903038,0
86,5,142,6.99,1
86,6,26,8.053846,1
86,7,40,8.0805,1
86,8,43,8.114651,1
86,9,52,8.215769,1
86,12,34,8.55353,0
86,13,24,8.9825,1
86,14,46,9.034782,1
86,15,49,8.651224,1
86,16,81,8.684814,1
86,17,417,7.987026,1
86,18,43,8.216046,0
86,19,67,7.899851,0
86,20,362,7.062541,1
86,21,76,7.246842,1
86,22,29,8.016896,1
86,23,37,7.991621,1
86,24,27,7.887037,1
86,25,26,7.818461,1
86,26,18,7.786667,1
86,27,18,7.953333,0
86,28,137,7.074088,1
86,29,76,7.185526,1
86,30,45,7.903333,0
86,32,38,8.623684,0
86,33,36,8.235,0
86,34,43,8.534186,0
86,35,43,8.442558,0
86,36,44,8.909546,1
86,37,43,9.066744,1
86,38,40,9.0815,1
86,39,26,9.057693,0
86,40,34,9.135882,1
86,41,41,9.09,1
86,42,35,8.798572,1
86,43,40,8.7385,1
86,44,29,8.717587,0
86,45,25,9.03,1
86,46,27,9.198889,1
86,47,25,9.1452,1
86,48,11,8.784546,0
86,49,23,8.680435,0
86,50,20,9.111,1
86,51,20,8.307,1
86,52,19,8.701579,1
86,53,39,8.000257,1
86,54,247,7.015506,1
86,55,63,7.124603,1
86,56,15,7.387333,1
86,57,29,7.506552,0
86,58,48,7.532084,1
86,59,34,7.688235,0
86,60,61,8.234262,1
86,61,141,7.029007,1
86,62,63,7.045556,1
86,63,43,7.590465,1
86,64,51,7.429216,0
86,65,24,7.4525,1
86,66,28,7.465,1
86,67,70,8.372,1
86,68,75,8.855333,1
86,69,66,8.450606,1
86,70,39,8.90641,1
86,71,55,8.935454,1
86,72,77,8.932858,1
86,73,416,6.985192,1
86,74,76,7.007105,1
86,75,35,8.938571,1
86,76,43,8.899302,1
86,77,38,8.905789,1
86,78,51,9.239019,1
86,79,327,7.163762,1
86,80,87,7.663563,1
86,81,68,8.944412,1
86,82,46,8.816957,1
86,83,78,8.853333,1
86,84,422,7.001374,1
86,85,45,9.087778,1
86,86,55,8.630727,1
86,87,68,7.501765,1
86,88,184,7.260652,1
86,89,54,8.497407,1
86,90,70,7.761428,1
86,91,43,8.714418,1
86,92,52,8.307307,1
86,93,45,8.476666,1
86,94,40,8.71875,1
86,95,38,8.753158,1
86,96,23,8.768261,1
86,97,39,8.797692,1
86,98,33,8.59,0
86,99,32,8.7025,0
86,100,19,8.637368,1
86,101,31,8.75129,0
86,102,28,8.682858,1
86,103,28,8.800714,0
86,104,35,8.761429,1
86,105,246,8.050976,1
86,106,163,8.166994,1
86,107,39,8.432307,1
86,108,60,8.831667,0
86,109,31,8.811291,1
86,110,39,8.895128,0
86,111,50,7.876,1
86,112,26,8.563077,1
86,113,241,8.031909,1
86,114,97,8.471443,1
86,115,49,8.508368,1
86,116,35,8.75,1
86,117,38,8.397895,1
86,118,35,8.363143,1
86,119,33,8.588788,1
86,120,47,8.634255,1
86,121,41,8.787073,1
86,122,150,7.183333,1
86,123,39,7.677179,1
86,124,38,8.902105,1
86,125,34,8.788236,1
86,126,41,8.685122,1
86,127,335,6.202538,1
86,128,81,6.629506,1
86,129,29,8.783103,1
86,130,20,8.79,1
86,131,20,8.855,1
86,132,24,8.723333,1
86,133,37,8.733243,1
86,134,32,8.849375,1
86,135,41,8.675365,1
86,136,185,7.203514,1
86,137,41,7.946097,1
86,138,33,8.732424,1
86,139,84,7.651905,1
86,140,47,8.375107,1
86,141,35,8.527143,1
86,142,42,8.601905,1
86,143,108,7.354815,1
86,144,30,8.75,1
86,145,38,8.798421,1
86,146,28,8.805,1
86,147,33,8.608788,1
86,148,106,8.321509,1
86,149,47,8.441064,1
86,150,31,8.757742,1
86,152,35,8.841429,1
86,153,32,8.893125,0
86,154,51,8.325294,1
86,155,44,8.865,1
86,156,35,8.889428,1
86,157,263,8.008137,1
86,158,62,8.481774,1
86,159,19,8.674211,1
86,160,34,9.157647,1
86,161,183,7.061038,1
86,162,104,8.754616,1
86,163,32,8.795938,1
86,164,28,9.169642,1
86,165,30,9.075,1
86,166,19,9.000526,1
88,1,33,8.008788,1
88,2,30,7.759333,0
88,3,51,7.951961,0
88,4,129,7.895271,0
88,5,117,6.99,1
88,6,62,7.899355,1
88,7,63,8.022063,1
88,8,45,8.187333,1
88,9,53,8.119057,1
88,10,46,8.012174,0
88,11,25,8.414,0
88,12,46,8.488696,0
88,13,29,8.983104,1
88,14,45,8.951777,1
88,15,65,8.593077,1
88,16,64,8.566563,1
88,17,383,7.95282,1
88,18,47,9.014256,0
88,19,65,8.275538,0
88,20,358,7.093743,1
88,21,143,7.165804,1
88,22,76,7.98421,1
88,23,53,7.968491,1
88,24,45,7.988222,1
88,25,44,8.05,1
88,26,23,7.906522,1
88,27,34,8.359412,0
88,28,159,7.056541,1
88,29,137,7.07219,1
88,30,70,8.072,0
88,31,47,8.04617,0
88,32,46,8.650434,0
88,33,34,8.184117,0
88,34,39,8.298205,0
88,36,44,8.69591,1
88,37,54,9.204445,1
88,38,43,9.034186,1
88,39,43,9.043954,0
88,40,47,9.114255,1
88,41,46,9.086087,1
88,42,50,8.832,1
88,43,44,8.885454,1
88,44,31,8.994516,0
88,45,30,9.28,1
88,46,32,8.6025,1
88,47,36,8.921667,1
88,48,25,9.0636,0
88,49,39,9.114615,0
88,50,19,9.118421,1
88,51,31,9.271935,1
88,52,33,8.642727,1
88,53,56,8.204286,1
88,54,198,6.999091,1
88,55,58,7.108965,1
88,56,35,7.787714,1
88,57,25,7.3788,0
88,58,30,7.382,0
88,59,38,7.491053,0
88,60,47,7.507021,1
88,61,108,6.999259,1
88,62,45,6.99,1
88,63,34,7.401765,1
88,64,41,7.41439,0
88,65,30,7.473333,1
88,66,28,7.761428,1
88,67,44,8.521818,1
88,68,63,8.786825,1
88,69,69,8.185652,1
88,70,44,8.933637,1
88,71,40,8.9125,1
88,74,77,7.040649,1
88,75,46,8.855217,1
88,76,35,8.875714,1
88,77,31,8.838387,1
88,78,44,9.29,1
88,79,162,7.351728,1
88,80,87,7.42908,1
88,81,50,8.8752,1
88,82,47,8.760213,1
88,83,54,8.804814,1
88,84,303,7.005842,1
88,85,49,9.07,1
88,86,39,8.554103,1
88,87,60,7.541667,1
88,88,119,7.244622,1
88,89,51,8.488039,1
88,90,67,8.127314,1
88,91,46,8.598696,1
88,92,40,8.59875,1
88,93,36,8.292778,1
88,94,42,8.517381,1
88,95,35,8.667143,1
88,96,26,8.67077,1
88,97,29,8.707241,1
88,98,28,8.643572,0
88,99,34,8.645883,0
88,100,35,8.572857,1
88,101,29,8.593449,0
88,102,31,8.644838,1
88,103,26,8.713077,0
88,104,28,8.486428,1
88,105,225,8.087778,1
88,106,137,8.072482,1
88,107,33,8.274849,1
88,108,41,8.721707,0
88,109,38,9.106842,1
88,110,40,9.2815,0
88,111,68,8.141471,1
88,112,38,9.065789,1
88,113,187,8.045615,1
88,114,99,8.107172,1
88,115,63,8.497936,1
88,116,49,8.445102,1
88,117,51,8.466471,1
88,118,44,8.380455,1
88,119,46,8.468696,1
88,120,43,8.508605,1
88,121,51,8.794313,1
88,122,128,7.104063,1
88,123,85,7.238235,1
88,124,18,8.68,1
88,125,27,8.473703,1
88,126,45,8.512222,1
88,127,233,6.185708,1
88,128,74,6.79,1
88,129,24,8.494166,1
88,130,28,8.797143,1
88,131,16,8.665,1
88,132,34,8.613529,1
88,133,38,8.595263,1
88,134,28,8.743571,1
88,135,35,8.71,1
88,136,128,7.276719,1
88,137,30,7.98,1
88,138,35,8.587143,1
88,139,67,7.694478,1
88,140,48,8.123333,1
88,141,39,8.415641,1
88,142,41,8.626585,1
88,143,123,7.098943,1
88,144,25,8.834,1
88,145,29,8.68931,1
88,147,35,8.684857,1
88,148,125,8.25256,1
88,149,93,8.306129,1
88,150,54,8.465926,1
88,151,31,8.62871,1
88,152,54,8.582593,1
88,153,36,8.709444,0
88,154,91,8.220769,1
88,156,17,8.916471,1
88,157,228,7.977149,1
88,158,74,7.96946,1
88,159,43,8.557442,1
88,160,68,8.485588,1
88,161,983,7.014059,1
88,162,44,8.795909,1
88,163,30,8.976666,1
88,164,42,8.793333,1
88,165,46,8.850435,1
88,167,28,9.100715,1
88,168,25,8.182,1
88,169,37,8.368379,1
88,170,24,8.212916,1
88,171,29,8.157242,1
88,172,34,8.254705,1
88,173,25,8.014,1
88,175,48,8.019167,0
88,176,31,8.14,1
88,177,29,8.157242,1
88,178,464,7.00584,1
88,179,62,7.069032,1
88,180,25,8.076,0
88,181,17,8.345882,1
88,182,18,8.148334,1
88,183,19,8.053158,1
88,184,24,8.019167,1
88,185,34,7.350294,1
88,186,68,6.294412,1
88,187,18,7.976111,1
88,188,22,8.101363,0
89,3,8,7.7975,0
89,4,80,7.794,0
89,5,99,7.06394,1
89,6,25,7.7084,1
89,7,28,7.991428,1
89,8,24,7.556667,1
89,9,14,7.871428,1
89,10,26,7.773846,0
89,11,11,8.339091,0
89,12,26,8.434615,0
89,13,34,8.97353,1
89,16,81,8.583333,1
89,17,188,8.030851,1
89,18,10,8.632,0
89,19,61,8.231639,0
89,20,258,7.016899,1
89,21,22,7.100909,1
89,22,32,8.5625,0
89,23,30,8.34,1
89,24,27,8.086296,1
89,25,28,8.097857,1
89,26,23,8.048261,1
89,27,22,8.521818,0
89,29,32,7.31,1
89,31,16,8.395,0
89,32,27,8.041852,0
89,33,21,8.294762,0
89,34,21,8.296667,0
89,35,25,8.0868,1
89,36,36,8.275,1
89,37,29,9.025862,1
89,38,38,8.934737,1
89,39,38,8.981052,1
89,40,35,8.887714,1
89,41,32,8.971875,1
89,42,43,8.757442,1
89,43,29,9.058966,1
89,44,11,8.380909,0
89,45,21,8.747143,1
89,46,19,8.61,1
89,47,26,8.936923,1
89,48,14,9.158571,0
89,49,7,9.39,0
89,50,15,8.374,1
89,51,13,8.73,1
89,52,15,8.718,1
89,53,23,8.616957,1
89,54,212,7.004151,1
89,55,16,7.04625,1
89,56,24,7.886667,1
89,57,10,7.37,0
89,58,20,8.005,0
89,59,18,7.957778,0
89,60,21,7.461429,1
89,61,104,7.004423,1
89,62,34,7.166471,1
89,63,11,7.580909,1
89,64,35,7.447143,0
89,65,12,7.64,1
89,66,22,7.403636,1
89,67,40,7.775,1
89,68,45,8.281111,1
89,69,65,8.085384,1
89,70,27,8.98926,1
89,71,35,8.792857,1
89,72,38,8.818948,1
89,73,477,6.970294,1
89,74,53,7.039057,1
89,75,38,8.829473,1
89,76,27,8.797407,1
89,77,25,8.798,1
89,78,31,9.177096,1
89,81,48,9.02125,1
89,82,74,8.637568,1
89,83,33,8.775455,1
89,84,422,6.992844,1
89,85,33,9.09303,1
89,86,53,8.645472,1
89,87,98,7.360408,1
89,88,102,7.254706,1
89,89,63,8.412222,1
89,90,35,8.365714,1
89,91,46,8.491087,1
89,92,49,8.303266,1
89,93,41,8.510732,1
89,94,45,8.487778,1
89,95,38,8.695263,1
89,96,32,8.874375,1
89,97,33,8.823334,1
89,98,33,8.656667,0
89,99,28,8.800714,0
89,100,34,8.775294,1
89,101,24,8.84,0
89,102,29,8.896896,1
89,103,24,8.794167,0
89,104,25,8.994,1
89,105,258,8.066357,1
89,106,176,8.109602,0
89,107,33,8.74,1
89,108,64,8.861875,1
89,109,33,9.015454,1
89,110,42,8.957143,0
89,111,55,8.272727,1
89,112,30,9.523334,1
89,113,282,8.05383,1
89,114,172,8.57843,1
89,115,42,8.718095,1
89,116,24,8.894167,1
89,117,34,9.074706,1
89,118,21,8.797619,1
89,119,38,8.67,1
89,120,34,8.949411,1
89,121,32,8.426875,1
89,122,150,7.256,1
89,123,75,7.576667,1
89,124,31,9.11258,1
89,125,32,8.75,1
89,126,32,7.88375,1
89,127,230,6.188261,1
89,128,34,7.521176,1
89,129,22,8.935454,1
89,130,33,8.750607,1
89,131,27,8.76037,0
89,132,25,8.882,1
89,133,20,8.79,1
89,134,32,8.899375,1
89,135,28,8.321072,1
89,136,130,7.248462,1
89,137,40,7.76,1
89,138,29,8.341724,1
89,139,59,7.762881,1
89,140,38,8.216316,1
89,141,30,8.5,1
89,142,37,8.798378,1
89,143,64,7.457188,1
89,144,19,8.778421,1
89,145,38,6.503421,1
89,146,59,6.417966,1
89,147,24,8.6575,1
89,148,123,6.619268,1
89,149,37,8.178919,1
89,150,16,8.82125,0
89,151,22,8.965909,1
89,152,11,8.944546,1
89,153,24,8.89,0
89,154,39,8.348974,1
89,155,19,8.803158,1
89,156,14,8.835714,1
89,157,187,7.963904,1
89,158,177,7.612768,1
89,159,27,8.780371,0
89,160,13,9.051538,1
89,161,1880,7.00467,1
89,162,70,8.574857,1
89,163,20,8.995,1
89,164,26,9.013077,1
89,165,16,9.225,0
89,166,19,9.396316,1
89,167,8,9.315,1
89,168,18,8.616667,1
89,169,77,5.462857,1
89,170,10,8.762,1
89,171,9,8.858889,1
89,172,6,8.253333,1
89,173,13,8.728461,1
89,174,54,8.091852,0
89,175,59,8.000848,0
89,176,16,9.11625,1
89,177,16,8.1625,1
89,178,574,7.006098,1
89,179,91,7.292198,1
89,180,14,8.512857,0
89,181,10,8.762,1
89,182,10,8.98,1
89,183,8,8.98,1
89,184,7,7.89,1
89,185,15,7.811333,1
89,186,36,6.443333,1
89,187,10,9.416,1
89,188,9,8.374444,0
90,1,8,7.53,1
90,2,6,7.966667,0
90,3,27,8.49,0
90,4,37,8.284595,0
90,5,61,7.037541,1
90,6,19,8.263684,1
90,7,48,8.45875,1
90,8,32,8.2775,1
90,9,23,8.442174,1
90,10,25,8.714,0
90,11,13,8.897693,0
90,12,22,9.194546,0
90,13,14,9.14,1
90,14,40,9.215,1
90,15,38,9.274211,1
90,16,65,9.276154,1
90,17,200,8.0653,1
90,18,24,9.4525,0
90,19,53,8.814528,0
90,37,33,9.293636,1
90,38,31,9.278387,1
90,39,18,9.303333,1
90,40,29,9.176207,1
90,41,27,9.405556,1
90,42,50,8.8008,1
90,43,28,8.759286,1
90,44,16,9.11,0
90,45,19,8.899474,1
90,46,18,8.713333,1
90,47,18,9.323334,1
90,48,10,8.66,0
90,49,14,9.032857,0
90,50,18,8.713333,1
90,51,18,9.007778,1
90,52,11,8.373636,1
90,53,17,8.001764,1
90,54,211,7.012749,1
90,55,71,7.243803,1
90,56,26,7.858461,1
90,57,13,7.53,0
90,58,22,7.657273,0
90,59,26,7.676923,0
90,60,25,8.002,1
90,65,20,7.695,1
90,66,24,7.941667,1
90,67,26,7.979231,1
90,68,32,8.43875,1
90,69,37,8.548919,1
90,70,31,8.839032,1
90,71,33,8.891212,1
90,72,43,8.617907,1
90,73,278,6.973813,1
90,74,48,6.99,1
90,75,41,8.973414,1
90,76,21,8.999524,1
90,77,40,8.967,1
90,78,42,9.24619,1
90,79,189,7.242275,1
90,80,88,7.531818,1
90,81,62,9.094839,1
90,82,43,8.819767,1
90,83,52,8.898461,1
90,84,393,6.993053,1
90,85,37,9.120271,1
90,86,45,8.684222,1
90,87,81,7.355432,1
90,88,68,7.272353,1
90,89,32,8.604062,1
90,90,51,8.224314,1
90,91,42,8.645952,1
90,92,33,8.609697,1
90,93,40,8.72125,1
90,94,43,8.785349,1
90,95,31,8.809355,1
90,96,39,8.825897,1
90,97,31,8.744839,1
90,98,39,8.774615,0
90,99,33,8.69303,0
90,100,25,8.99,1
90,101,27,9.019629,0
90,102,25,9.07,1
90,103,30,8.856667,0
90,104,34,8.948824,1
90,105,243,8.104403,1
90,106,183,8.011858,1
90,107,17,8.037059,1
90,108,32,8.655625,0
90,109,9,8.781111,1
90,110,7,8.584286,0
90,111,29,7.472759,1
90,112,13,8.897693,1
90,113,202,8.00604,1
90,114,138,8.345653,1
90,115,17,8.931176,1
90,116,16,8.5275,1
90,117,23,8.659565,1
90,118,28,8.618571,1
90,119,9,8.318889,1
90,120,14,8.355714,1
90,121,25,9.1484,1
90,122,203,7.020739,1
90,123,46,6.99,1
90,124,5,9.518,1
90,125,17,8.886471,1
90,126,16,9.2125,1
90,127,171,6.136199,1
90,128,39,6.272051,1
90,129,12,9.183333,1
90,130,11,9.193636,1
90,131,12,9.11,1
90,132,9,8.998889,1
90,133,11,9.375455,1
90,134,15,9.896,1
90,135,32,9.583438,1
90,136,102,7.252647,1
90,137,49,7.670816,1
90,138,55,9.365637,1
90,139,57,8.104035,1
90,140,52,8.22,1
90,141,56,8.448393,1
90,142,55,8.675273,1
90,143,133,7.34812,1
90,144,24,9.546667,1
90,145,33,9.426364,1
90,147,31,9.397097,1
90,148,69,8.783044,1
90,149,42,9.266429,1
90,150,28,9.742857,1
90,151,25,9.4624,1
90,152,38,9.570263,1
90,153,40,9.597,0
90,154,59,8.108644,1
90,155,29,9.99,1
90,156,26,9.515,1
90,157,204,8.134167,1
90,158,96,8.106875,1
90,159,28,9.650714,1
90,160,34,9.387059,1
90,161,1793,7.015756,1
90,162,40,9.324,1
90,163,38,9.291842,1
90,164,20,9.249,1
90,165,21,9.313809,0
90,166,11,9.249091,1
90,167,19,9.171579,1
90,168,10,9.27,1
90,169,29,8.912414,1
90,170,18,9.015,1
90,171,17,8.89,1
90,172,30,8.845,1
90,173,23,9.107391,1
90,174,81,8.400494,0
90,175,49,8.306327,0
90,176,10,9.1,1
90,177,22,9.208181,1
90,178,680,7.022427,1
90,179,162,7.171482,1
90,180,14,9.075714,0
90,181,10,9.185,1
90,182,15,9.156667,1
90,183,12,8.873333,1
90,184,7,9.075714,1
90,185,23,7.62913,1
90,186,58,6.703793,1
90,187,23,8.922608,1
91,1,19,7.660526,1
91,2,29,7.753448,0
91,3,38,7.835263,0
91,4,131,7.837175,0
91,5,89,7.010225,1
91,6,50,7.9816,1
91,7,88,7.991137,1
91,8,53,7.958679,1
91,9,35,7.985428,1
91,10,54,8.123704,0
91,11,26,8.812307,0
91,12,27,9.112963,0
91,13,25,9.314,1
91,14,56,8.950357,1
91,15,42,9.051429,1
91,16,50,8.8812,1
91,17,324,8.000741,1
91,18,33,8.683939,0
91,19,56,8.281786,0
91,20,370,7.136487,1
91,21,104,7.080192,1
91,22,31,8.159678,0
91,23,26,8.04,1
91,24,28,7.788571,1
91,25,28,7.999286,1
91,26,14,7.994286,1
91,27,31,8.010645,0
91,28,253,7.03419,1
91,29,81,7.068766,1
91,30,39,7.919231,0
91,31,30,8.355333,0
91,32,50,8.4464,0
91,33,37,8.357568,0
91,34,30,8.454,0
91,35,22,8.085455,0
91,36,50,8.6896,1
91,37,29,8.602414,1
91,38,57,9.023685,1
91,39,30,9.016666,1
91,40,25,9.0012,1
91,41,21,9.061429,1
91,42,41,8.124146,1
91,43,34,8.251764,1
91,44,11,9.39,0
91,46,23,8.946522,1
91,48,17,9.20647,0
91,49,16,8.8125,0
91,50,26,8.478461,1
91,51,22,8.449091,1
91,52,25,8.8068,1
91,53,36,8.021111,1
91,54,189,7.015608,1
91,55,36,7.251667,1
91,56,5,7.366,1
91,57,18,7.77,0
91,58,37,7.69,0
91,59,24,7.673333,0
91,60,45,8.012222,1
91,61,113,7.047522,1
91,62,62,7.119032,1
91,63,33,7.402121,1
91,64,44,7.412727,0
91,65,40,7.465,1
91,66,25,7.882,1
91,67,62,8.394838,1
91,68,60,8.5,1
91,69,42,8.070952,1
91,70,42,8.878572,1
91,71,47,8.811276,1
91,72,41,8.726585,1
91,73,307,6.970782,1
91,74,76,7.021579,1
91,75,28,8.647142,1
91,76,38,8.84,1
91,77,51,8.911569,1
91,78,47,9.366595,1
91,79,180,7.285889,1
91,80,86,7.673023,1
91,81,61,8.913607,1
91,82,54,8.788519,1
91,83,40,8.7925,1
91,84,256,7.00875,1
91,85,28,9.030714,1
91,86,40,8.717,1
91,87,55,7.713636,1
91,88,97,7.243608,1
91,89,50,8.156,1
91,90,56,8.015893,1
91,91,54,8.446482,1
91,92,43,8.508605,1
91,93,36,8.555278,1
91,94,41,8.358293,1
91,95,28,8.761429,1
91,96,21,8.656667,1
91,97,30,8.73,1
91,98,28,8.486428,0
91,99,33,8.623333,0
91,100,41,8.477805,1
91,101,37,8.587297,0
91,102,29,8.669311,1
91,103,44,8.515,0
91,104,18,8.351111,1
91,105,310,8.019355,1
91,106,157,8.061337,1
91,107,32,8.510312,1
91,108,50,8.712,0
91,109,26,9.028461,1
91,110,24,8.829166,0
91,111,52,7.530385,1
91,112,26,9.009231,1
91,113,277,8.027545,1
91,114,186,8.135699,1
91,115,43,8.808604,1
91,116,15,8.763333,1
91,117,30,8.843333,1
91,118,31,8.605484,1
91,119,28,8.801429,1
91,120,39,8.604359,1
91,121,36,8.922778,1
91,122,125,7.1852,1
91,123,43,7.66907,1
91,124,18,8.802222,1
91,125,19,8.714211,1
91,126,33,8.69,1
91,127,222,6.173784,1
91,128,29,7.36931,1
91,129,30,8.693334,1
91,130,25,8.646,1
91,131,24,8.74,1
91,132,30,8.846666,1
91,133,28,8.736428,1
91,134,27,8.808518,1
91,135,23,8.694347,1
91,136,66,7.455152,1
91,137,38,7.658421,1
91,138,30,8.636666,1
91,139,45,8.121111,1
91,140,50,8.228,1
91,141,33,8.580909,1
91,142,33,8.523334,1
91,143,83,7.350241,1
91,144,22,8.69,1
91,145,40,7.1815,1
91,146,49,7.485919,1
91,147,30,8.733334,1
91,148,83,7.219157,1
91,149,53,8.24283,1
91,150,24,8.860833,1
91,151,31,8.873871,1
91,152,33,8.817273,1
91,153,24,8.715,0
91,154,43,8.280698,1
91,155,19,8.742632,1
91,156,29,8.587241,1
91,157,378,7.937883,1
91,160,21,9.047143,1
91,161,971,7.007199,1
91,162,32,8.944375,1
91,163,20,8.956,1
91,164,22,8.918181,1
91,165,24,9.085417,1
91,166,19,9.261579,1
91,167,21,9.240477,1
91,168,22,8.088181,1
91,169,44,6.697273,1
91,170,20,7.89,1
91,171,35,8.512857,1
91,172,21,8.305238,1
91,173,30,8.253333,1
91,174,119,7.981596,0
91,175,55,7.929636,0
91,176,24,8.253333,1
91,177,11,8.682727,1
91,178,643,6.99479,1
91,179,158,7.048481,1
91,180,2,7.89,0
91,181,16,8.29875,1
91,182,27,8.051481,1
91,183,24,8.253333,1
91,184,12,8.253333,1
91,185,17,6.99,1
91,186,10,5.99,1
91,187,20,8.217,0
91,188,19,8.693158,0
