detergent_data.csv
store,week,sales,price,promoflag
92,1,20,7.781,1
92,2,30,7.923333,0
92,3,32,7.73,0
92,4,75,7.8276,0
92,5,53,7.036038,1
92,6,52,7.930385,1
92,7,30,7.923333,1
92,8,28,7.953571,1
92,9,29,7.988621,1
92,12,27,8.767037,0
92,13,15,9.136666,1
92,14,34,8.971765,1
92,15,59,8.771356,1
92,16,54,8.891111,1
92,17,274,8.018832,1
92,18,35,8.231714,0
92,19,75,8.018,0
92,20,272,7.057573,1
92,22,40,7.8975,1
92,23,46,7.961739,1
92,24,28,8.023571,1
92,25,37,8.302973,1
92,26,18,7.705555,1
92,27,28,8.576428,0
92,28,101,7.134159,1
92,29,89,7.25427,1
92,30,56,7.928214,0
92,31,44,8.266818,0
92,32,47,8.580213,0
92,33,28,8.622143,0
92,37,57,8.989649,1
92,38,44,8.948182,1
92,39,46,8.979131,1
92,40,36,9.045,1
92,41,32,8.8125,1
92,42,44,8.94,1
92,43,43,8.852791,1
92,44,32,8.73375,0
92,45,21,8.875714,1
92,46,22,8.833636,1
92,47,27,8.856667,1
92,48,14,8.477143,0
92,49,18,9.133333,0
92,50,25,8.9388,1
92,51,29,8.93069,1
92,52,15,7.89,1
92,53,28,8.381429,1
92,54,170,7.014706,1
92,55,64,7.228125,1
92,56,18,7.385556,1
92,57,26,7.57,0
92,58,31,7.557742,1
92,59,43,7.579302,0
92,60,32,7.968125,1
92,61,108,7.036296,1
92,62,78,7.182308,1
92,63,40,7.8175,1
92,64,28,7.443572,0
92,65,47,7.634681,1
92,66,27,7.834445,1
92,67,60,8.476666,1
92,68,57,8.586492,1
92,69,71,8.164648,1
92,70,38,8.910526,1
92,71,57,8.911053,1
92,72,54,8.928889,1
92,73,294,6.998844,1
92,74,89,7.004607,1
92,75,45,8.872222,1
92,76,57,8.882982,1
92,77,61,8.916229,1
92,78,48,9.32125,1
92,79,200,7.3429,1
92,80,119,7.641092,1
92,81,69,8.967971,1
92,82,74,8.858648,1
92,83,67,8.872089,1
92,84,301,7.01392,1
92,85,47,8.931276,1
92,86,72,8.755834,1
92,87,118,7.338305,1
92,88,120,7.255,1
92,89,86,8.428372,1
92,90,74,8.352162,1
92,91,56,8.553392,1
92,92,59,8.504407,1
92,93,52,8.432307,1
92,94,42,8.680476,1
92,95,29,8.745173,1
92,96,27,8.738148,1
92,97,22,8.64,1
92,98,33,8.69,0
92,99,28,8.682858,0
92,100,29,8.821034,1
92,101,33,8.79,0
92,102,34,8.775294,1
92,103,31,8.644838,0
92,104,26,8.713077,1
92,105,174,8.117586,1
92,106,141,8.098156,1
92,107,25,8.102,1
92,108,32,8.6275,0
92,109,17,8.618236,1
92,110,15,8.414,0
92,111,26,7.559231,1
92,112,18,8.57,1
92,113,143,7.994196,1
92,114,77,8.105584,1
92,115,40,8.3525,1
92,116,22,8.399091,1
92,117,26,8.424616,1
92,118,17,8.175882,1
92,119,22,8.246364,1
92,120,22,8.463636,1
92,121,20,8.661,1
92,122,79,7.006456,1
92,123,48,7.017083,1
92,124,22,8.797273,1
92,125,24,8.745,1
92,126,28,8.522142,1
92,127,115,6.259565,1
92,128,43,6.617907,1
92,129,15,8.503333,1
92,130,15,8.57,1
92,131,23,8.55087,1
92,132,19,8.647895,1
92,133,17,8.784118,1
92,134,22,8.608182,1
92,135,22,8.517273,1
92,136,76,7.218947,1
92,137,33,7.565758,1
92,138,27,8.660371,1
92,139,31,7.670645,1
92,140,28,8.265,1
92,141,23,8.146522,1
92,142,39,8.251538,1
92,143,53,7.235283,1
92,144,20,8.81,1
92,145,18,8.691112,1
92,146,25,8.6444,1
92,147,30,8.787333,1
92,148,40,8.297,1
92,149,30,8.4,1
92,150,29,8.834827,1
92,151,22,8.730909,1
92,152,23,8.759565,1
92,153,20,8.685,0
92,154,46,8.39,1
92,155,21,8.932858,1
92,156,15,8.74,1
92,157,135,8.054074,1
92,158,94,8.158937,1
92,159,20,9.015,1
92,160,27,8.858149,1
92,161,1040,7.006058,1
92,162,21,8.90381,1
92,163,26,9.122692,1
92,164,9,8.867778,1
92,165,15,9.225333,1
92,166,12,9.003333,1
92,167,11,9.022727,1
92,168,16,8.57125,1
92,169,23,8.269131,1
92,170,15,8.616667,1
92,171,24,8.7075,1
92,172,10,8.544,1
92,173,23,8.458695,1
92,174,54,8.011111,0
92,175,48,8.1625,0
92,176,21,8.720476,1
92,177,24,8.7075,1
92,178,354,7.024802,1
92,179,73,7.074384,1
92,180,11,8.286364,0
92,181,12,8.98,1
92,182,15,8.616667,1
92,183,10,7.89,1
92,184,12,8.253333,1
92,185,22,7.69,1
92,186,57,6.204737,1
92,187,22,8.682727,1
93,1,28,8.754286,1
93,2,22,8.562727,0
93,8,25,9.05,1
93,9,35,8.99,1
93,10,36,9.012222,0
93,11,16,9.165,0
93,12,29,9.203794,0
93,13,30,10.15667,1
93,14,63,9.358254,1
93,15,42,9.423333,1
93,16,70,9.335714,1
93,17,310,8.019096,1
93,18,37,9.262973,0
93,19,53,9.054151,0
93,22,64,8.899375,1
93,37,45,9.934444,1
93,38,50,9.97,1
93,39,38,10.04,0
93,40,61,10.0441,1
93,41,59,9.917119,1
93,42,55,9.171818,1
93,43,49,9.249184,1
93,44,32,9.54,0
93,45,47,9.428298,1
93,46,40,9.7525,1
93,47,27,9.91963,1
93,48,20,10.065,0
93,49,23,9.920435,0
93,50,42,9.409048,1
93,51,38,9.553158,1
93,52,27,9.308518,1
93,53,62,8.838387,1
93,54,268,7.012388,1
93,55,21,7.232857,1
93,56,31,8.61258,1
93,57,16,8.54,0
93,58,25,8.83,0
93,59,22,8.562727,0
93,60,37,8.67,1
93,61,139,7.007986,1
93,62,71,7.116761,1
93,63,25,8.13,1
93,64,25,8.3128,0
93,65,16,8.396875,1
93,66,27,8.497407,1
93,67,27,8.393703,1
93,70,34,9.248823,1
93,71,31,9.157097,1
93,72,45,9.171778,1
93,73,325,6.99,1
93,74,42,6.99,1
93,75,37,9.111622,1
93,76,37,9.146216,1
93,77,30,9.045333,1
93,78,39,10.08538,1
93,79,235,7.206,1
93,80,107,7.344766,1
93,81,71,9.821268,1
93,82,58,8.962414,1
93,83,28,8.972857,1
93,84,261,7.017586,1
93,85,58,9.779655,1
93,86,58,9.126552,1
93,87,115,7.429652,1
93,88,194,7.229691,1
93,89,63,8.873333,1
93,90,82,8.338536,1
93,91,57,9.162457,1
93,92,56,9.100179,1
93,93,44,9.051591,1
93,94,56,8.978929,1
93,95,40,9.48925,1
93,96,23,9.462608,1
93,97,33,9.421818,1
93,98,28,9.346429,0
93,100,24,9.23125,1
93,101,30,9.414,0
93,102,29,9.514828,1
93,103,31,9.319677,0
93,104,24,9.33875,1
93,105,186,8.027097,1
93,106,91,8.382967,1
93,107,45,8.743333,1
93,108,35,9.292,0
93,109,37,9.465675,1
93,110,38,9.647895,0
93,111,60,8.0365,1
93,112,38,8.979737,1
93,113,332,7.180452,1
93,114,102,8.271078,1
93,115,50,8.7818,1
93,116,43,8.827675,1
93,117,40,8.984,1
93,118,38,8.918947,1
93,119,37,8.581351,1
93,120,39,8.962308,1
93,121,44,9.280228,1
93,123,63,7.389524,1
93,124,41,9.529512,1
93,125,51,9.232942,1
93,126,79,9.141012,1
93,127,223,6.227489,1
93,128,39,6.967179,1
93,129,35,9.249714,1
93,130,29,9.301035,1
93,131,32,9.23375,1
93,132,26,9.45923,1
93,133,33,9.369697,1
93,134,23,9.586522,1
93,135,48,9.391042,1
93,136,107,7.545421,1
93,137,34,8.144706,1
93,138,43,9.372326,1
93,139,73,7.705753,1
93,140,54,8.027963,1
93,141,45,8.462444,1
93,142,53,8.414528,1
93,143,129,7.202481,1
93,144,22,9.508182,1
93,145,37,8.15,1
93,146,47,7.877447,1
93,147,37,9.315676,1
93,148,113,7.831239,1
93,149,39,8.955897,1
93,150,27,9.296296,1
93,151,31,9.530968,1
93,152,32,9.376562,1
93,153,26,9.477307,0
93,154,54,8.452778,1
93,155,29,9.535862,1
93,156,31,9.334517,1
93,157,113,8.182478,1
93,158,99,8.058081,1
93,159,38,9.577369,1
93,160,39,9.492051,1
93,161,818,7.009682,1
93,162,19,9.786316,1
93,163,26,9.473461,1
93,164,28,9.587143,1
93,165,23,9.357391,0
93,166,19,9.152105,1
93,167,23,9.262174,1
93,168,25,8.59,1
93,169,76,7.331448,1
93,170,27,9.098889,1
93,171,23,9.187391,1
93,172,24,9.067083,1
93,173,39,9.118462,1
93,174,112,8.27,0
93,175,50,8.423,0
93,176,23,8.988261,1
93,177,20,9.3915,1
93,178,599,7.015976,1
93,179,147,7.250816,1
93,180,14,8.917143,0
93,181,20,8.7045,1
93,182,12,8.971666,1
93,183,16,9.019375,1
93,184,19,9.192632,1
93,185,40,7.5735,1
93,186,69,6.415217,1
93,187,21,9.244286,1
93,188,15,8.895333,0
94,1,34,7.861176,1
94,4,185,7.474865,0
94,5,139,7.060216,1
94,6,50,7.8792,1
94,9,64,8.039687,1
94,10,81,8.054938,0
94,13,70,9.201428,1
94,14,88,9.071591,1
94,15,101,8.427228,1
94,16,126,8.568254,1
94,17,458,7.978341,1
94,18,61,8.415574,0
94,19,111,8.032522,0
94,20,463,7.045119,1
94,21,65,7.252769,1
94,22,70,8.214286,1
94,23,56,7.987143,1
94,24,59,8.095762,1
94,25,59,8.074407,1
94,26,40,8.243,1
94,27,54,8.268888,0
94,28,234,7.06906,1
94,29,103,7.339709,1
94,30,45,8.321111,0
94,31,44,8.538636,0
94,32,64,8.581875,0
94,33,66,8.032122,0
94,34,48,8.419167,0
94,35,51,8.313922,1
94,36,61,8.828361,1
94,37,59,9.133389,1
94,39,54,8.951111,1
94,40,55,9.193636,1
94,41,51,9.081765,1
94,42,51,9.225294,1
94,43,52,9.020769,1
94,44,45,9.03,0
94,45,45,9.176666,1
94,46,45,8.942,1
94,47,40,9.186,1
94,48,33,9.142727,0
94,49,39,9.233077,0
94,50,34,8.989411,1
94,51,48,8.865,1
94,52,41,8.386098,1
94,53,49,8.229591,1
94,54,271,7.013543,1
94,55,53,7.254151,1
94,56,21,7.547143,1
94,57,46,7.449131,0
94,58,37,7.383513,0
94,59,40,7.534,0
94,60,71,7.566056,1
94,61,194,7.002887,1
94,62,62,7.038387,1
94,63,40,7.4025,1
94,64,55,7.417273,0
94,65,43,7.436512,1
94,66,57,7.56193,1
94,67,78,8.672051,1
94,68,76,8.815,1
94,69,86,8.207442,1
94,70,64,8.9875,1
94,71,55,8.908182,1
94,72,71,8.870281,1
94,73,341,6.993812,1
94,74,55,6.99,1
94,76,37,8.917027,1
94,77,44,8.815,1
94,78,42,9.337619,1
94,81,55,9.058364,1
94,82,51,8.786862,1
94,83,65,8.831846,1
94,84,243,7.034444,1
94,85,43,9.179768,1
94,86,77,8.435974,1
94,87,58,7.783103,1
94,88,141,7.302766,1
94,89,60,8.29,1
94,90,77,8.008831,1
94,91,35,8.454286,1
94,92,49,8.321632,1
94,93,61,8.350656,1
94,94,49,8.447143,1
94,95,36,8.626111,1
94,96,38,8.492632,1
94,97,35,8.415714,1
94,98,38,8.521579,0
94,99,38,8.492632,0
94,100,33,8.623333,1
94,101,33,8.456667,0
94,102,31,8.431935,1
94,103,24,8.4275,0
94,104,47,8.45383,1
94,105,211,8.041184,1
94,106,138,8.058116,1
94,107,54,8.287222,1
94,108,91,8.78011,0
94,109,34,9.192941,1
94,110,38,9.25579,0
94,111,86,8.063256,1
94,112,44,8.923182,1
94,113,246,8.059918,1
94,114,128,8.257188,1
94,115,51,8.609608,1
94,116,47,8.726171,1
94,117,49,8.726735,1
94,118,49,8.812857,1
94,119,54,8.63037,1
94,120,55,8.634363,1
94,121,64,8.774062,1
94,122,187,7.167006,1
94,123,84,7.207857,1
94,124,53,8.722453,1
94,125,30,8.864,1
94,126,41,8.480244,1
94,127,229,6.267729,1
94,128,46,6.842174,1
94,129,30,8.656667,1
94,130,38,8.674211,1
94,131,47,8.572979,1
94,132,39,8.536154,1
94,133,38,8.566316,1
94,134,34,8.860588,1
94,135,52,8.509231,1
94,136,167,7.238503,1
94,137,56,7.231071,1
94,138,46,8.616087,1
94,139,88,7.578636,1
94,140,73,7.99137,1
94,141,46,8.318261,1
94,142,45,8.587778,1
94,143,113,7.208584,1
94,144,28,8.818571,1
94,145,58,8.347931,1
94,146,65,8.495539,1
94,147,46,8.483913,1
94,148,93,8.277527,1
94,149,72,8.283055,1
94,150,34,8.687058,1
94,151,46,8.661739,1
94,152,40,8.7375,1
94,153,31,8.812581,0
94,154,58,8.262414,1
94,155,43,8.69,1
94,156,38,8.572632,1
94,157,135,7.971407,1
94,158,97,8.053196,1
94,159,21,9.028095,1
94,160,40,8.932,1
94,161,718,7.024791,1
94,162,25,8.8228,1
94,163,24,8.842083,1
94,164,27,8.801852,1
94,165,19,9.040526,1
94,166,10,9.302,1
94,167,23,9.123913,1
94,168,23,7.984783,1
94,169,76,8.004737,1
94,170,42,8.045714,1
94,171,25,8.4132,1
94,172,14,8.045714,1
94,173,30,8.326,1
94,174,109,7.99,0
94,175,72,7.980834,0
94,176,23,8.363913,1
94,177,23,8.079565,1
94,178,593,7.01597,1
94,179,178,7.007303,1
94,180,37,8.066757,0
94,181,21,8.201428,1
94,182,35,8.076858,1
94,183,29,8.19069,1
94,184,15,8.180667,1
94,185,38,7.476316,1
94,186,131,6.021145,1
94,187,100,7.9772,1
94,188,29,8.341035,0
94,204,84,6.909286,1
94,205,62,6.154516,1
94,207,84,6.151905,1
94,210,56,6.050714,1
95,6,8,8.6025,1
95,7,23,8.637826,1
95,8,28,8.575714,1
95,9,14,8.682858,1
95,10,25,8.73,0
95,11,17,9.348824,0
95,12,29,9.583103,0
95,13,29,9.807241,1
95,14,40,9.4775,1
95,15,40,9.675,1
95,16,42,9.318571,1
95,17,375,7.983813,1
95,18,27,9.660371,0
95,19,50,9.03,0
95,20,348,6.998621,1
95,38,26,9.886154,1
95,39,31,9.580322,1
95,40,30,9.873333,1
95,41,26,9.866923,1
95,42,32,9.118125,1
95,43,30,8.49,1
95,44,12,8.79,0
95,45,13,9.136154,1
95,46,19,9.132105,1
95,47,10,9.69,1
95,48,8,9.29,0
95,49,9,9.623333,0
95,50,9,9.623333,1
95,51,16,9.69625,1
95,52,12,8.79,1
95,53,23,8.811739,1
95,54,125,7.0212,1
95,55,57,7.20579,1
95,56,17,8.525294,1
95,57,19,8.763684,0
95,58,14,8.29,0
95,59,20,8.365,0
95,60,22,8.445455,1
95,61,110,7.049091,1
95,62,25,7.21,1
95,63,15,8.13,1
95,64,32,8.468125,0
95,65,13,8.421538,1
95,66,18,8.023334,1
95,67,14,8.568571,1
95,68,46,8.576957,1
95,69,64,7.897812,1
95,70,36,8.615,1
95,71,37,9.055406,1
95,72,46,9.022174,1
95,73,293,6.999078,1
95,74,48,7.076667,1
95,75,27,9.073704,1
95,76,29,9.106552,1
95,77,21,9.101429,1
95,78,27,10.23074,1
95,79,177,7.372373,1
95,80,62,7.80871,1
95,81,42,9.527619,1
95,82,48,8.9875,1
95,83,43,8.960233,1
95,84,293,6.994095,1
95,85,28,9.601429,1
95,86,40,9.485,1
95,87,83,7.291687,1
95,88,86,7.317907,1
95,89,37,9.260811,1
95,90,52,8.352884,1
95,91,22,9.42909,1
95,92,33,9.398787,1
95,93,39,9.447436,1
95,94,35,9.408571,1
95,95,24,9.76875,1
95,96,15,9.844,1
95,97,19,9.748947,1
95,98,21,9.622857,0
95,99,11,9.07,0
95,100,13,9.07,1
95,101,10,9.07,0
95,102,11,9.07,1
95,103,10,9.07,0
95,104,19,9.07,1
95,105,215,8.010093,1
95,106,161,7.996708,1
95,107,17,9.017058,1
95,109,18,9.703333,1
95,110,27,9.667778,0
95,111,41,7.66439,1
95,112,16,9.168125,1
95,113,185,8.118108,1
95,114,131,8.266259,1
95,115,30,9.116333,1
95,116,32,8.674687,1
95,117,33,9.086667,1
95,118,26,8.998462,1
95,119,32,9.05875,1
95,120,29,8.72931,1
95,121,38,9.407895,1
95,122,148,7.081081,1
95,123,49,7.418776,1
95,124,20,9.681,1
95,125,24,9.25375,1
95,126,40,9.332,1
95,127,174,6.297356,1
95,128,28,7.774286,1
95,129,20,9.9325,1
95,130,14,9.669286,1
95,131,31,9.527097,1
95,132,26,9.494616,1
95,133,19,9.888421,1
95,134,22,9.750455,1
95,136,99,7.614646,1
95,137,32,7.600937,1
95,138,17,9.607059,1
95,139,66,7.753788,1
95,140,66,8.444546,1
95,141,48,8.675,1
95,142,51,8.634706,1
95,143,114,7.144737,1
95,144,19,9.75421,1
95,145,22,9.168181,1
95,147,23,9.153479,1
95,148,194,8.706288,1
95,149,59,8.432712,1
95,150,14,9.47,1
95,151,9,9.567778,1
95,152,11,9.171818,1
95,153,23,9.313478,0
95,154,76,8.132368,1
95,155,24,9.679584,1
95,156,26,9.465384,1
95,157,262,8.124809,1
95,158,148,8.187027,1
95,159,29,9.27069,1
95,160,28,9.408215,1
95,161,1963,7.000046,1
95,162,22,9.404091,1
95,163,18,9.371667,1
95,164,18,9.656667,1
95,165,18,9.226111,0
95,166,22,9.075455,1
95,167,17,9.528824,1
95,168,20,8.2605,1
95,169,34,8.035295,1
97,2,23,7.735218,0
97,3,31,7.833871,0
97,4,104,7.864423,0
97,5,98,6.99,1
97,6,61,7.80082,1
97,7,71,7.758732,1
97,8,46,7.87913,1
97,9,38,7.807895,1
97,10,40,7.814,0
97,11,22,8.233636,0
97,12,26,7.706923,0
97,13,32,8.47,1
97,14,42,8.747143,1
97,15,52,8.713462,1
97,16,35,8.833428,1
97,17,307,7.977232,1
97,18,52,8.005384,0
97,19,89,7.962135,0
97,20,269,7.030446,1
97,37,26,9.031538,1
97,38,34,9.022942,1
97,39,31,9.157097,1
97,40,25,9.1356,1
97,41,28,9.141429,1
97,42,22,8.830909,1
97,43,18,8.656667,1
97,44,23,8.946522,0
97,45,20,9.075,1
97,46,16,8.22375,1
97,47,18,8.79,1
97,48,6,9.39,0
97,49,17,9.39,0
97,50,16,9.1275,1
97,51,15,8.818,1
97,52,19,8.436316,1
97,53,30,8.169333,1
97,54,128,7.063594,1
97,55,62,7.191613,1
97,56,16,7.6375,1
97,57,11,7.840909,0
97,58,28,7.636428,1
97,59,23,7.517826,1
97,60,35,7.549428,1
97,61,103,7.014272,1
97,62,93,7.016882,1
97,63,31,7.399677,1
97,64,27,7.408518,0
97,65,17,7.419412,1
97,66,22,7.671818,1
97,67,20,8.347,1
97,68,34,8.168235,1
97,69,20,8.508,1
97,70,29,8.847241,1
97,71,22,8.769091,1
97,72,47,8.804893,1
97,73,188,6.982021,1
97,74,35,7.121428,1
97,75,23,8.865652,1
97,76,15,8.851334,1
97,77,26,8.866154,1
97,78,26,9.07,1
97,79,62,7.41,1
97,80,32,7.709375,1
97,81,33,8.872424,1
97,82,35,8.726,1
97,83,44,8.640909,1
97,84,185,7.022432,1
97,85,25,8.798,1
97,86,41,8.35683,1
97,87,52,7.553462,1
97,88,56,7.375714,1
97,89,38,8.272895,1
97,90,45,7.752,1
97,91,32,8.3225,1
97,92,39,8.327692,1
97,93,39,8.35641,1
97,94,29,8.392414,1
97,95,29,8.483104,1
97,96,27,8.497407,1
97,97,26,8.440769,1
97,98,23,8.533479,0
97,99,26,8.548462,0
97,100,16,8.5,1
97,101,21,8.423333,0
97,102,17,8.421764,1
97,103,29,8.425173,0
97,104,34,8.421764,1
97,105,105,8.083714,1
97,106,51,8.064117,1
97,107,27,8.450741,1
97,108,34,8.512353,0
97,109,31,9.034516,1
97,110,33,8.931818,0
97,111,50,7.854,1
97,112,31,8.850645,1
97,113,105,8.09,1
97,114,76,8.167631,1
97,115,47,8.564468,1
97,116,37,8.457567,1
97,117,27,8.793704,1
97,118,29,8.75,1
97,119,32,8.493125,1
97,120,39,8.59359,1
97,121,41,8.758293,1
97,122,120,7.073333,1
97,123,59,7.278136,1
97,124,19,8.815263,1
97,125,31,8.773226,1
97,126,35,8.484285,1
97,127,77,6.538052,1
97,128,44,7.112727,1
97,129,31,8.65129,1
97,130,18,8.473333,1
97,131,28,8.479285,1
97,132,21,8.575714,1
97,133,22,8.680909,1
97,134,19,8.674211,1
97,135,26,8.536154,1
97,136,46,7.233478,1
97,137,34,7.763529,1
97,138,19,8.79,1
97,139,49,7.849184,1
97,140,31,8.348064,1
97,141,19,8.421579,1
97,142,24,8.5775,1
97,143,82,7.324146,1
97,144,27,8.715926,1
97,145,41,8.573415,1
97,146,25,8.4228,1
97,147,28,8.606428,1
97,148,50,8.3236,1
97,149,15,8.596666,1
97,150,13,8.69,1
97,151,19,8.684737,1
97,152,24,8.810833,1
97,153,24,8.6025,0
97,154,28,8.157857,1
97,155,27,8.823334,1
97,156,20,8.778,1
97,157,69,8.201594,1
97,158,55,8.139273,1
97,159,16,8.68375,1
97,160,19,8.720527,1
97,161,684,7.008976,1
97,162,24,9.090834,1
97,163,21,9.22,1
97,164,32,9.007188,1
97,165,25,8.8592,1
97,166,10,9.099,1
97,167,23,9.222609,1
97,168,15,8.488,1
97,169,35,7.975429,1
97,170,15,8.488,1
97,171,18,8.554444,1
97,172,6,8.388333,1
97,173,14,8.957857,1
97,174,59,8.14339,0
97,175,34,8.329706,0
97,176,5,9.684,1
97,177,11,8.705455,1
97,178,293,7.02983,1
97,179,54,7.134074,1
97,180,8,8.26375,0
97,181,8,8.26375,1
97,182,12,8.139167,1
97,183,15,8.886666,1
97,184,19,8.047368,1
97,185,16,6.99,1
97,186,36,6.125834,1
97,187,15,8.288667,1
97,188,3,8.886666,0
97,189,6,8.388333,0
97,190,305,7.002754,1
97,191,14,7.267857,1
97,192,6,8.388333,1
97,193,11,8.433637,0
97,194,10,7.67,1
97,195,3,7.743333,1
97,196,8,7.55875,1
97,197,38,6.99,1
97,198,20,7.03,1
97,199,14,7.45,0
97,200,58,4.972759,1
