detergent_data.csv
store,week,sales,price,promoflag
103,1,15,7.742,1
103,2,31,7.979677,0
103,3,34,7.791765,0
103,4,67,7.84403,0
103,5,68,6.99,1
103,6,24,7.840833,1
103,7,38,8.018948,1
103,8,44,8.157727,1
103,9,46,8.033479,0
103,10,36,8.101111,0
103,11,26,8.72,0
103,12,35,8.726,0
103,13,58,9.023793,1
103,14,52,8.940385,1
103,15,70,8.789714,1
103,16,63,8.854127,1
103,17,395,7.972785,1
103,18,37,8.577567,0
103,19,66,8.348788,0
103,20,282,7.030567,1
103,21,100,7.2264,1
103,22,30,8.198,1
103,31,71,8.127747,0
103,32,78,8.058974,0
103,33,70,8.054857,0
103,34,65,8.162308,0
103,35,42,8.30619,1
103,36,48,8.441667,1
103,37,54,8.79037,1
103,38,49,9.044694,1
103,39,46,9.068696,1
103,40,43,9.10907,1
103,41,26,9.140769,1
103,42,40,9.1275,1
103,43,25,8.754,1
103,44,26,8.997692,0
103,45,21,8.975715,1
103,46,15,8.482,1
103,47,24,9.07,1
103,48,19,8.875263,0
103,49,20,8.942,0
103,50,22,8.931818,1
103,52,27,8.258889,1
103,53,35,8.563143,1
103,54,198,6.999091,1
103,55,49,7.25449,1
103,56,34,7.444118,1
103,57,35,7.448286,0
103,58,43,7.461163,1
103,59,32,7.75375,0
103,60,42,7.485238,1
103,61,145,7.021035,1
103,62,89,7.01809,1
103,63,37,7.398108,1
103,64,42,7.520952,0
103,65,33,7.526364,1
103,66,45,7.61,1
103,67,54,8.397408,1
103,68,54,8.64,1
103,69,61,8.111312,1
103,70,45,8.791778,1
103,71,43,8.817907,1
103,72,54,8.784445,1
103,73,277,6.98278,1
103,74,90,7.004445,1
103,76,49,8.863469,1
103,77,24,8.815,1
103,78,47,9.296383,1
103,79,131,7.417481,1
103,80,63,7.501746,1
103,81,49,8.964286,1
103,82,55,8.762,1
103,83,45,8.843778,1
103,84,165,7.040909,1
103,85,62,9.115484,1
103,86,55,8.595091,1
103,87,65,7.588461,1
103,88,107,7.304018,1
103,89,61,8.489181,1
103,90,44,8.009318,1
103,91,41,8.46561,1
103,92,45,8.313334,1
103,93,37,8.242702,0
103,94,45,8.522667,0
103,95,41,8.638781,0
103,96,28,8.486428,0
103,97,22,8.44,0
103,98,21,8.394762,0
103,99,29,8.593449,0
103,100,18,8.412222,0
103,101,30,8.546667,0
103,102,32,8.599375,0
103,103,31,8.609355,0
103,104,12,8.84,0
103,105,165,8.042121,0
103,106,156,8.068205,0
103,107,57,8.350176,1
103,108,59,8.705255,1
103,109,36,8.649445,1
103,110,41,8.78439,0
103,111,70,7.803143,1
103,112,33,9.002728,1
103,113,185,8.046216,1
103,114,110,8.404909,1
103,115,46,8.498695,1
103,116,34,9.051764,1
103,117,38,8.371579,1
103,118,30,8.634,1
103,119,31,8.541613,1
103,120,46,8.774565,1
103,121,35,8.236571,1
103,122,99,7.126364,1
103,123,30,7.483333,1
103,124,28,9.002857,1
103,125,21,8.673809,1
103,126,36,7.771945,1
103,127,126,6.596349,1
103,128,42,7.274286,1
103,129,31,8.744839,1
103,130,20,8.895,1
103,131,28,8.532857,1
103,132,23,8.929131,0
103,133,31,8.796452,1
103,134,24,8.694167,1
103,135,28,8.132143,1
103,136,85,7.49,1
103,137,34,8.107647,1
103,138,25,8.586,1
103,139,55,8.119091,1
103,140,31,8.393226,1
103,141,38,8.321579,1
103,142,28,8.565,1
103,143,93,7.205054,1
103,144,21,8.837619,1
103,145,28,8.744286,1
103,146,25,8.534,1
103,147,27,8.69963,1
103,148,62,8.276774,1
103,149,32,8.55875,1
103,150,21,8.632857,0
103,151,27,8.785556,1
103,152,23,8.676956,1
103,153,28,8.629286,0
103,154,60,8.151667,1
103,155,23,8.804783,0
103,156,16,8.620625,1
103,157,135,8.043333,1
103,158,116,8.036466,1
103,159,29,8.76931,1
103,160,25,8.8184,1
103,161,1105,7.00028,1
103,162,40,8.7725,1
103,163,22,8.895454,1
103,164,24,9.09125,1
103,165,22,9.219545,0
103,166,20,8.982,1
103,167,19,8.888947,1
103,168,10,8.326,1
103,169,60,8.071667,1
103,170,24,8.1625,1
103,171,18,8.132222,1
103,172,25,8.4132,1
103,173,28,8.201428,1
103,174,71,7.982113,0
103,175,63,7.99381,0
103,176,27,8.374444,1
103,177,32,8.435,1
103,178,516,7.013876,1
103,179,149,7.148658,1
103,180,21,8.305238,0
103,181,23,8.269131,1
103,182,24,8.071667,1
103,183,21,8.305238,1
103,184,23,8.174348,1
103,185,29,7.414828,1
103,186,67,6.355373,1
103,187,12,8.253333,1
103,188,22,8.187273,0
104,1,77,8.052597,1
104,2,31,7.882258,0
104,3,60,8.02,0
104,4,174,7.893219,0
104,5,153,7.037843,1
104,6,106,7.94434,1
104,7,135,8.068222,1
104,8,82,8.189024,1
104,9,73,8.174658,1
104,10,78,8.220512,0
104,11,40,8.8785,0
104,12,63,8.738889,1
104,15,91,8.577033,1
104,16,96,8.565208,1
104,17,815,7.963521,1
104,19,87,8.143104,0
104,20,489,7.219325,1
104,21,178,7.706405,1
104,22,87,8.440575,0
104,23,65,8.572461,1
104,24,75,8.281734,1
104,25,126,8.083333,1
104,26,100,8.6746,1
104,27,104,8.279231,0
104,28,151,7.127616,1
104,29,165,7.194,1
104,30,101,8.223268,0
104,31,89,8.465731,0
104,32,79,8.49076,0
104,37,65,9.254308,1
104,38,48,9.19875,1
104,39,49,9.136531,0
104,40,60,9.228,1
104,41,62,9.121936,1
104,42,58,8.955517,1
104,43,51,8.954706,1
104,44,41,8.980244,0
104,45,42,9.332857,1
104,46,38,8.963684,1
104,47,33,9.142727,1
104,48,29,9.263793,0
104,49,35,9.215143,0
104,50,26,8.556923,1
104,51,50,8.4228,1
104,52,92,8.355652,1
104,53,101,8.273763,1
104,54,262,7.004886,1
104,55,199,7.262563,1
104,56,123,7.471951,1
104,57,105,7.486571,0
104,58,108,7.537037,1
104,59,54,7.532222,0
104,60,64,7.460312,1
104,61,126,7.029683,1
104,62,94,7.069787,1
104,63,39,7.415641,1
104,64,45,7.478889,0
104,65,37,7.457568,1
104,66,57,8.044386,1
104,67,54,8.623333,1
104,68,86,8.587907,1
104,69,71,8.386902,1
104,73,256,7.043906,1
104,74,178,7.08045,1
104,75,102,8.816863,1
104,76,86,8.828605,1
104,77,99,8.840707,1
104,78,99,9.174444,1
104,79,216,7.232685,1
104,80,132,7.236818,1
104,81,104,8.93327,1
104,82,82,8.697804,1
104,83,119,8.789664,1
104,84,358,7.030223,1
104,85,50,8.764,1
104,86,73,8.349452,1
104,87,101,7.420693,1
104,88,113,7.268761,1
104,89,60,8.236333,1
104,90,88,7.937387,1
104,91,49,8.26898,1
104,92,57,8.256492,1
104,93,60,8.2935,1
104,94,72,8.242639,1
104,95,39,8.404872,1
104,96,31,8.416451,1
104,97,33,8.391818,1
104,98,31,8.362258,0
104,99,56,8.43,0
104,100,38,8.363685,1
104,101,47,8.397234,0
104,102,40,8.388,1
104,105,201,8.023134,1
104,106,169,8.036272,1
104,107,67,8.130597,1
104,108,73,8.480685,0
104,109,52,8.555,1
104,110,76,8.513684,0
104,111,88,7.905909,1
104,112,51,8.349607,1
104,113,216,8.043704,1
104,114,84,8.336429,1
104,115,80,8.525,1
104,116,41,8.670487,1
104,117,41,8.436341,1
104,118,51,8.736667,1
104,119,56,8.530714,1
104,120,57,8.491755,1
104,121,119,8.90479,1
104,122,181,7.231989,1
104,123,90,7.115556,1
104,124,53,9.116415,1
104,125,48,8.702084,1
104,126,72,8.638611,1
104,127,142,6.77169,1
104,128,83,6.891205,1
104,129,53,8.771132,1
104,130,31,8.577097,1
104,131,52,8.632308,1
104,132,31,8.660968,1
104,133,36,8.620556,1
104,134,23,8.563913,1
104,135,49,8.592041,1
104,136,92,7.476956,1
104,137,66,8.126364,1
104,138,53,8.699434,1
104,139,80,7.8975,1
104,140,70,8.252857,1
104,141,46,8.559566,1
104,142,66,8.505152,1
104,143,132,7.149848,1
104,144,31,8.622258,1
104,145,38,8.582631,1
104,146,34,8.584118,1
104,147,43,8.560698,1
104,148,83,8.374096,1
104,149,40,8.5175,1
104,150,34,8.598824,1
104,151,30,8.673333,1
104,152,47,8.66234,1
104,153,37,8.665676,0
104,154,91,8.249341,1
104,155,38,8.603158,1
104,156,43,8.556745,1
104,157,204,8.03103,1
104,158,123,8.091057,1
104,159,28,8.818571,1
104,160,39,8.586154,1
104,161,1015,7.007636,1
104,162,31,8.912903,1
104,163,33,8.862727,1
104,164,34,8.783529,1
104,165,25,8.8312,1
104,166,40,9.0925,1
104,167,40,9.055,1
104,168,28,8.49,1
104,169,70,8.637143,1
104,170,63,8.960635,1
104,171,65,8.876154,1
104,172,44,8.916137,1
104,173,54,8.612223,1
104,174,108,8.129352,0
104,175,81,8.049259,0
104,176,27,8.106667,1
104,177,22,8.333181,1
104,178,574,7.014826,1
104,179,151,7.008874,1
104,180,22,8.15591,0
104,181,18,7.998333,1
104,182,18,8.215,1
104,183,21,8.075714,1
104,184,15,8.02,1
104,185,30,7.18,1
104,186,117,6.088718,1
104,187,15,7.89,1
104,188,19,8.197895,0
105,1,30,7.712,1
105,2,26,7.690769,0
105,3,29,7.727242,0
105,4,96,7.888125,0
105,5,108,7.006667,1
105,6,20,7.674,1
105,7,41,8.021708,1
105,8,39,8.016154,1
105,9,36,7.958889,1
105,10,44,8.036819,0
105,11,29,8.317586,0
105,12,45,8.665556,0
105,13,30,9.032,1
105,14,95,8.94179,1
105,15,68,8.79353,1
105,16,68,8.746177,1
105,17,495,7.990323,1
105,18,35,8.482,0
105,20,343,7.02172,1
105,21,61,7.25459,1
105,24,30,8.025333,1
105,28,150,7.0788,1
105,29,82,7.39439,1
105,30,33,8.118484,0
105,31,55,8.624182,0
105,32,63,8.513175,0
105,33,47,8.047021,0
105,36,77,8.70039,1
105,37,66,9.034243,1
105,38,75,8.937467,1
105,39,30,8.994,0
105,40,65,9.032769,1
105,41,61,8.894262,1
105,42,62,8.681935,1
105,43,56,8.646071,1
105,44,35,8.824286,0
105,45,24,8.44,1
105,46,36,8.796667,1
105,47,35,8.953428,1
105,48,25,8.7988,0
105,49,23,8.770869,0
105,50,27,8.353703,1
105,51,29,8.653448,1
105,52,29,8.328621,1
105,53,38,8.05579,1
105,54,227,7.039427,1
105,55,53,7.156793,1
105,56,28,7.527143,1
105,57,36,7.752778,0
105,58,57,7.793509,1
105,59,40,7.7155,0
105,60,52,7.524615,1
105,61,170,7.01647,1
105,62,68,7.210588,1
105,63,28,7.525714,1
105,64,35,7.547143,0
105,65,34,7.64,1
105,66,49,7.543061,1
105,67,63,7.968413,1
105,68,70,8.528571,1
105,69,82,8.353415,1
105,70,55,8.974363,1
105,71,57,8.926842,1
105,72,81,8.923333,1
105,73,393,7.003232,1
105,74,85,7.097059,1
105,75,50,8.84,1
105,76,51,8.874313,1
105,77,50,8.918,1
105,78,81,9.267777,1
105,80,119,7.702773,1
105,81,89,9.007752,1
105,82,78,8.821282,1
105,83,80,8.84525,1
105,84,392,7.017551,1
105,85,43,9.119303,1
105,86,74,8.691892,1
105,87,88,8.141136,1
105,88,87,7.458965,1
105,89,60,8.596666,1
105,90,95,8.172631,1
105,91,55,8.803637,1
105,92,61,8.667869,1
105,93,64,8.6025,0
105,94,48,8.581458,0
105,95,21,8.709047,0
105,96,39,8.825897,0
105,97,33,8.79,0
105,98,35,8.761429,0
105,99,41,8.826586,0
105,100,29,8.821034,0
105,101,33,8.89,0
105,102,36,8.870556,0
105,103,39,8.825897,0
105,104,51,8.678235,0
105,105,246,8.097724,0
105,106,184,8.135924,0
105,107,59,8.500848,1
105,108,81,8.696173,1
105,109,46,8.979566,1
105,110,54,8.711111,0
105,111,63,8.234445,1
105,112,51,8.979412,1
105,113,247,8.049514,1
105,114,150,8.363733,1
105,115,63,8.684762,1
105,116,39,8.585384,1
105,117,52,8.421731,1
105,118,53,8.651698,1
105,119,57,8.600701,1
105,120,71,8.68662,1
105,121,58,8.262241,1
105,122,119,7.173193,1
105,123,83,7.624337,1
105,124,43,8.337441,1
105,125,33,8.850606,1
105,126,38,8.142632,1
105,127,261,6.264329,1
105,128,51,7.484902,1
105,129,29,8.931379,1
105,130,33,8.771818,1
105,131,32,8.724375,1
105,132,42,8.61381,1
105,133,37,8.838649,1
105,134,31,8.877097,1
105,135,35,8.166,1
105,136,81,7.39,1
105,137,33,7.905757,1
105,138,29,8.698276,1
105,139,65,7.623846,1
105,140,50,8.0316,1
105,141,25,8.65,1
105,142,33,8.416364,1
105,143,77,7.528961,1
105,144,26,8.793846,1
105,145,28,8.625714,1
105,146,24,8.726666,1
105,147,40,8.6355,1
105,148,113,8.258495,1
105,149,49,8.520613,1
105,150,23,8.929131,0
105,151,24,8.898334,1
105,152,43,8.701628,1
105,153,38,8.592631,0
105,154,52,8.359231,1
105,155,33,8.805152,0
105,156,29,8.816896,1
105,157,153,8.107778,1
105,158,85,8.30047,1
105,159,27,8.701111,1
105,160,25,8.8052,1
105,161,649,7.046086,1
105,162,67,7.023134,1
105,163,23,7.395217,1
105,164,23,8.03,1
105,165,23,9.172608,0
105,166,20,9.11,1
105,167,26,8.798846,1
105,168,20,8.57,1
105,169,24,8.385834,1
105,170,18,8.362223,1
105,171,19,8.784737,1
105,172,20,8.825,1
105,173,25,8.366,1
105,174,79,7.921899,0
105,175,66,8.147575,0
105,176,18,8.456667,1
105,177,21,8.861428,1
105,178,609,7.019885,1
105,179,149,7.18651,1
105,180,20,8.4,0
105,181,25,8.57,1
105,182,15,8.57,1
105,183,25,8.434,1
105,184,24,8.598333,1
105,185,34,7.781177,1
105,186,58,6.486552,1
105,187,18,8.456667,1
106,1,20,7.834,1
106,2,35,7.838572,0
106,3,64,7.910625,0
106,4,139,7.876331,0
106,5,158,7.001392,1
106,6,54,7.938519,1
106,7,57,8.275965,1
106,8,63,8.341746,1
106,9,46,8.200435,1
106,11,39,8.31359,0
106,12,41,8.739756,0
106,13,33,9.279091,1
106,14,40,9.0175,1
106,15,36,9.015555,1
106,16,61,8.68541,1
106,17,386,7.988549,1
106,18,28,8.275714,0
106,19,85,8.083882,0
106,20,409,7.044572,1
106,23,30,8.444667,1
106,37,38,9.060526,1
106,38,41,9.092927,1
106,39,33,9.141515,1
106,40,32,9.1,1
106,41,22,9.07091,1
106,42,23,9.233479,1
106,43,24,9.065,1
106,44,13,8.905385,0
106,45,17,9.231176,1
106,47,20,9.159,1
106,48,12,8.835,0
106,49,14,9.098572,0
106,50,14,8.845715,1
106,51,18,8.392222,1
106,52,22,8.907272,1
106,53,25,8.3652,1
106,54,91,7.006484,1
106,55,32,7.31625,1
106,56,22,7.748182,1
106,57,13,7.608461,0
106,58,17,8.020588,0
106,59,22,7.886364,0
106,60,31,7.535161,1
106,61,122,6.998197,1
106,62,27,7.064074,1
106,63,17,7.495883,1
106,64,17,7.39,0
106,65,31,7.56742,1
106,66,24,7.473333,1
106,67,23,7.52913,1
106,68,42,8.24,1
106,69,51,7.928823,1
106,70,38,8.684211,1
106,71,32,8.7675,1
106,72,39,8.787949,1
106,73,178,6.979887,1
106,74,85,7.161765,1
106,75,34,8.832941,1
106,76,37,8.908919,1
106,77,43,8.94628,1
106,78,54,9.188889,1
106,79,134,7.274179,1
106,80,62,7.642581,1
106,81,50,8.8148,1
106,82,46,8.637826,1
106,83,42,8.586667,1
106,84,262,7.008321,1
106,85,51,8.94098,1
106,86,73,8.338493,1
106,87,58,7.767586,1
106,88,95,7.280526,1
106,89,52,8.230577,1
106,90,52,8.010577,1
106,91,38,8.384474,1
106,92,44,8.3475,1
106,93,33,8.281818,1
106,94,41,8.274146,1
106,95,28,8.45,1
106,96,29,8.444483,1
106,97,30,8.495334,1
106,98,29,8.463793,0
106,99,37,8.471622,0
106,100,21,8.556666,1
106,101,30,8.514,0
106,102,19,8.466842,1
106,103,26,8.526923,0
106,104,18,8.414444,1
106,105,113,8.056549,1
106,106,96,8.097604,1
106,107,25,8.2496,1
106,108,59,8.672373,0
106,109,21,9.088096,1
106,110,31,9.130645,0
106,111,46,8.016087,1
106,112,21,8.74619,1
106,113,120,8.078333,1
106,114,78,8.261795,1
106,115,52,8.534231,1
106,116,34,8.545882,1
106,117,31,8.541613,1
106,118,39,8.41923,1
106,119,50,8.4488,1
106,120,27,8.712222,1
106,121,30,8.788667,1
106,122,115,7.137826,1
106,123,22,7.385455,1
106,124,17,8.59353,1
106,125,26,8.685385,1
106,126,15,8.756667,1
106,127,167,6.609162,1
106,128,30,7.276667,1
106,129,16,8.65875,1
106,130,22,8.658182,1
106,131,20,8.635,1
106,132,21,8.656667,1
106,133,16,8.615,1
106,134,29,8.758965,1
106,135,27,8.604815,1
106,136,80,7.31875,1
106,137,25,7.954,1
106,138,30,8.703333,1
106,139,36,7.842778,1
106,140,41,8.072927,1
106,141,21,8.280477,1
106,142,38,8.529473,1
106,143,70,7.547143,1
106,144,13,8.751538,1
106,145,26,7.777692,1
106,146,35,6.094857,1
106,147,27,8.658889,1
106,148,67,6.685523,1
106,149,19,8.832106,1
106,150,22,8.753636,1
106,151,26,8.805385,1
106,152,22,8.753636,1
106,153,14,8.832857,0
106,154,34,8.298823,1
106,155,16,8.88375,1
106,156,27,8.549259,1
106,157,59,8.09678,1
106,158,65,7.448616,1
106,159,26,8.724615,1
106,160,20,9.158,1
106,161,674,6.995786,1
106,162,19,8.772632,1
106,163,16,9.1675,1
106,164,16,8.736875,1
106,165,16,8.726875,1
106,166,14,8.79,1
106,167,11,8.79,1
106,168,7,7.89,1
106,169,40,5.53125,1
106,170,12,7.89,1
106,171,18,7.89,1
106,172,17,7.89,1
106,173,24,7.89,1
106,174,34,7.89,0
106,175,20,7.89,0
106,176,6,7.89,1
106,177,11,7.89,1
106,178,329,6.99,1
106,179,49,6.99,1
106,180,9,7.89,0
106,181,5,7.89,1
106,182,11,7.89,1
106,183,13,7.89,1
106,185,32,6.99,1
106,186,72,5.99,1
106,187,17,7.89,1
106,188,6,7.89,0
106,189,22,7.89,0
106,190,509,6.99,1
