detergent_data.csv
store,week,sales,price,promoflag
107,1,18,7.408889,1
107,2,32,7.77,0
107,5,78,6.99,1
107,6,43,8.209535,1
107,7,50,8.3508,1
107,8,52,8.083076,1
107,9,47,8.064042,0
107,10,62,8.076129,0
107,11,23,8.073479,0
107,12,44,8.938637,0
107,13,57,9.246842,1
107,14,82,9.137317,1
107,15,73,8.690548,1
107,16,104,8.773077,1
107,17,291,8.066082,1
107,18,58,8.41,0
107,19,76,8.305264,0
107,20,346,7.164104,1
107,21,66,7.322727,1
107,22,55,8.275091,1
107,23,46,7.883913,1
107,37,59,8.940169,1
107,38,81,9.125062,1
107,39,74,9.178378,1
107,40,69,9.224203,1
107,41,67,9.172388,1
107,42,78,8.955384,1
107,43,64,8.944688,1
107,44,52,8.991923,0
107,45,62,9.119032,1
107,46,41,9.008049,1
107,47,43,9.187675,1
107,48,54,9.095555,0
107,49,35,8.865429,0
107,50,43,8.776047,1
107,51,41,9.068048,1
107,52,44,8.34,1
107,53,66,8.18,1
107,54,310,7.076323,1
107,55,80,7.41275,1
107,56,52,7.417692,1
107,57,48,7.510833,0
107,58,65,7.678308,0
107,59,82,7.54122,0
107,60,86,7.692326,1
107,61,216,7.029352,1
107,62,156,7.050898,1
107,63,71,7.404085,1
107,64,61,7.504754,0
107,65,55,7.508182,1
107,66,68,8.020883,1
107,67,88,8.235455,1
107,68,79,8.678608,1
107,69,101,7.850396,1
107,70,60,9.026334,1
107,71,75,8.755333,1
107,72,112,8.817678,1
107,73,471,7.023121,1
107,74,89,7.077641,1
107,75,78,8.845128,1
107,76,78,8.856667,1
107,77,83,8.883976,1
107,78,80,9.18375,1
107,79,251,7.348645,1
107,80,97,7.914536,1
107,81,96,8.926042,1
107,82,96,8.8,1
107,83,71,8.749719,1
107,84,392,7.026735,1
107,85,74,8.96027,1
107,86,102,8.59804,1
107,87,142,7.54,1
107,88,172,7.317907,1
107,89,130,8.233077,1
107,90,137,7.968832,1
107,91,55,8.462728,1
107,92,94,8.339468,1
107,93,74,8.350811,1
107,94,77,8.345195,1
107,95,47,8.547447,1
107,96,66,8.606667,1
107,97,64,8.565,1
107,98,57,8.444386,0
107,99,57,8.521579,0
107,100,48,8.519167,1
107,101,54,8.575185,0
107,102,55,8.55,1
107,103,52,8.649615,0
107,104,57,8.521579,1
107,105,274,8.053504,1
107,106,306,8.095065,1
107,107,36,8.5275,1
107,108,86,8.664418,0
107,109,49,8.507551,1
107,110,53,8.728868,0
107,111,93,7.99,1
107,112,40,8.615,1
107,113,432,8.027268,1
107,114,254,8.152598,1
107,115,78,8.45923,1
107,116,60,8.561666,1
107,117,71,8.405493,1
107,118,58,8.36138,1
107,119,82,8.51561,1
107,120,79,8.592026,1
107,121,100,8.8488,1
107,122,242,7.142892,1
107,123,64,7.486875,1
107,124,54,8.777037,1
107,125,48,8.638333,1
107,126,71,8.550564,1
107,127,251,6.445777,1
107,128,40,7.585,1
107,129,52,8.416924,1
107,130,56,8.618571,1
107,131,48,8.49625,1
107,132,45,8.585556,1
107,133,52,8.618846,1
107,134,56,8.736428,1
107,135,57,8.560176,1
107,136,117,7.354957,1
107,137,49,7.820612,1
107,138,51,8.697844,1
107,139,116,7.800345,1
107,140,79,8.192532,1
107,141,58,8.336552,1
107,142,74,8.388649,1
107,143,197,7.175787,1
107,144,49,8.641021,1
107,145,59,8.441187,1
107,146,54,8.577408,1
107,147,59,8.618814,1
107,149,121,8.355289,1
107,150,64,8.6775,1
107,151,64,8.765,1
107,152,52,8.70923,1
107,153,60,8.615,0
107,154,154,8.20039,1
107,155,67,8.643731,1
107,156,56,8.618215,1
107,157,438,7.969657,1
107,158,257,8.055369,1
107,159,55,8.697272,1
107,160,58,8.733104,1
107,161,1113,7.015697,1
107,162,81,8.875802,1
107,163,66,8.836212,1
107,164,40,8.78975,1
107,165,27,8.938148,0
107,166,28,9.018572,1
107,167,45,8.843333,1
107,168,40,8.23,1
107,169,72,8.078889,1
107,170,48,8.173333,1
107,172,83,8.176747,1
107,173,30,8.173333,1
107,174,157,7.965796,0
107,175,125,7.9036,0
107,176,11,8.199091,1
107,177,40,8.1025,1
107,178,972,7.014074,1
107,179,286,7.026364,1
107,180,40,7.9325,0
107,181,21,7.970953,1
107,182,25,8.23,1
107,183,30,8.286667,1
107,184,35,8.23,1
107,185,59,7.38661,1
107,186,114,6.27421,1
107,187,26,8.151539,1
107,188,35,8.035714,0
109,1,113,8.683805,1
109,2,129,8.724109,0
109,3,136,8.753235,0
109,4,338,8.738225,0
109,5,258,6.99,1
109,6,210,8.832857,1
109,7,145,9.114138,1
109,8,212,8.983397,1
109,9,131,8.973207,1
109,10,152,8.845922,0
109,11,73,9.700959,0
109,12,174,9.669311,0
109,13,155,10.09323,1
109,14,206,9.708447,1
109,15,181,9.242486,1
109,16,226,9.420531,1
109,17,1075,7.993274,1
109,18,150,9.056666,0
109,19,207,8.886619,0
109,20,825,7.102,1
109,21,229,7.422315,1
109,22,123,9.066422,1
109,23,140,8.907857,1
109,37,160,10.13688,1
109,38,132,10.04379,1
109,39,143,10.13266,1
109,40,133,10.10955,1
109,41,133,10.02308,1
109,42,154,9.773767,1
109,43,120,9.64,1
109,44,112,9.834642,0
109,45,110,9.894546,1
109,46,103,9.882233,1
109,47,73,10.08452,1
109,48,65,10.00538,0
109,49,91,9.943846,0
109,50,93,9.876021,1
109,51,114,9.601403,1
109,52,114,9.51807,1
109,53,154,8.809481,1
109,54,566,7.069505,1
109,55,289,7.201765,1
109,56,61,8.355574,1
109,57,82,8.33878,0
109,58,105,8.277619,1
109,59,149,8.558456,0
109,60,177,8.490056,1
109,61,471,7.02397,1
109,62,203,7.049113,1
109,63,117,8.214787,1
109,64,135,8.368148,0
109,65,122,8.341393,1
109,66,136,8.479706,1
109,67,147,9.168912,1
109,68,171,9.179474,1
109,69,183,8.401475,1
109,70,158,9.237469,1
109,71,155,9.184194,1
109,72,214,9.187757,1
109,73,638,7.025862,1
109,74,290,7.104759,1
109,75,180,9.192111,1
109,76,142,9.163803,1
109,77,148,9.157297,1
109,78,175,10.16994,1
109,79,527,7.24647,1
109,80,178,7.677865,1
109,81,180,9.733334,1
109,82,195,8.89318,1
109,83,164,8.922683,1
109,84,754,7.020239,1
109,85,123,9.643984,1
109,86,171,9.151286,1
109,87,249,7.845261,1
109,88,385,7.343766,1
109,90,284,8.469683,1
109,91,156,8.973269,1
109,92,153,8.925098,1
109,93,185,8.91973,1
109,94,152,8.921711,1
109,95,119,9.341008,1
109,96,103,9.370583,1
109,97,130,9.377615,1
109,98,105,9.315714,0
109,99,105,9.315714,0
109,100,114,9.330263,1
109,101,115,9.294348,0
109,102,122,9.334344,1
109,103,129,9.37,0
109,104,118,9.332373,1
109,105,557,8.10456,1
109,106,369,8.124391,1
109,107,111,8.458018,1
109,108,183,9.128361,0
109,109,71,9.427464,1
109,110,101,9.387822,0
109,111,135,7.947778,1
109,112,115,8.792521,1
109,113,488,8.06291,1
109,114,336,8.317708,1
109,115,155,8.613483,1
109,116,115,8.594174,1
109,117,114,8.579123,1
109,118,142,8.808803,1
109,119,128,8.567968,1
109,120,124,8.574435,1
109,121,140,9.229357,1
109,122,464,7.138211,1
109,123,241,7.258091,1
109,124,77,9.516104,1
109,125,78,9,1
109,126,143,9.16035,1
109,127,500,6.3354,1
109,128,130,6.998231,1
109,129,68,9.267647,1
109,130,90,9.247,1
109,131,74,9.300675,1
109,132,70,9.343429,1
109,133,95,9.287053,1
109,134,80,9.566,1
109,135,138,9.358261,1
109,136,365,7.25148,1
109,137,125,7.87512,1
109,138,102,9.414412,1
109,139,234,7.674145,1
109,140,166,8.15241,1
109,141,130,8.360385,1
109,142,137,8.434963,1
109,143,444,7.190991,1
109,144,136,9.287132,1
109,145,159,9.212075,1
109,146,90,9.239,1
109,147,154,9.193312,1
109,148,264,8.646705,1
109,149,142,8.959155,1
109,150,72,9.524445,1
109,151,123,9.339594,1
109,152,116,9.461206,1
109,153,124,9.450484,0
109,154,301,8.210764,1
109,155,93,9.47,1
109,156,98,9.262857,1
109,157,570,8.04486,1
109,158,384,8.028958,1
109,159,109,9.325046,1
109,160,104,9.283365,1
109,161,1188,7.023653,1
109,162,120,9.305917,1
109,163,56,9.319107,1
109,164,44,9.300454,1
109,165,56,9.103393,0
109,166,60,9.019167,1
109,167,92,8.93837,1
109,168,68,8.681911,1
109,169,92,8.725869,1
109,170,77,8.784805,1
109,171,58,8.654655,1
109,172,52,8.614038,1
109,173,72,8.711528,1
109,174,265,8.199811,0
109,175,117,8.319915,0
109,176,39,8.622051,1
109,177,59,8.82305,1
109,178,1097,7.013382,1
109,179,228,7.0525,1
109,180,48,8.74625,0
109,181,54,8.682592,1
109,182,43,8.706279,1
109,183,61,8.651475,1
109,184,19,8.787369,1
109,185,95,7.2,1
109,186,243,6.037531,1
109,187,40,8.74625,1
110,1,22,7.765455,1
110,2,57,7.806491,0
110,3,66,7.891818,0
110,4,140,7.872143,0
110,5,148,7.055135,1
110,6,93,8.006344,1
110,7,61,7.804098,1
110,8,58,8.015862,1
110,9,71,8.069155,0
110,10,70,8.076,0
110,11,36,8.778334,0
110,12,57,9.00228,0
110,13,51,9.080196,1
110,14,62,9.022258,1
110,15,68,8.689412,1
110,16,75,8.6756,1
110,17,428,7.985654,1
110,18,44,8.802273,0
110,21,82,7.422439,1
110,22,39,8.227949,0
110,23,65,8.071539,1
110,39,45,9.044666,1
110,40,56,9.168214,1
110,41,44,9.081819,1
110,42,42,9.011429,1
110,43,47,8.943192,1
110,44,38,8.924211,0
110,45,27,9.167778,1
110,46,42,9.15,1
110,47,33,9.204545,1
110,48,28,9.205714,0
110,49,37,8.820811,0
110,50,28,8.772857,1
110,51,29,8.487931,1
110,52,41,8.582195,1
110,53,55,8.184182,1
110,54,174,7.021265,1
110,55,117,7.129316,1
110,56,59,7.561525,1
110,57,39,7.515128,0
110,58,52,7.415,0
110,59,49,7.422653,0
110,60,65,7.651538,1
110,61,145,7.024483,1
110,62,90,7.195556,1
110,63,39,7.405385,1
110,64,65,7.49,0
110,65,37,7.592703,1
110,66,51,7.831176,1
110,67,52,8.411154,1
110,68,77,8.586103,1
110,69,86,8.26093,1
110,70,58,8.96862,1
110,71,62,8.893226,1
110,72,74,8.914325,1
110,73,311,6.99418,1
110,74,96,7.003541,1
110,75,53,8.918302,1
110,76,66,8.876364,1
110,77,49,8.818571,1
110,78,56,9.2525,1
110,79,209,7.244833,1
110,80,91,7.902527,1
110,81,47,8.952127,1
110,82,67,8.813582,1
110,83,67,8.807014,1
110,84,345,7.003913,1
110,85,49,9.00551,1
110,88,220,7.275,1
110,89,54,8.558518,1
110,90,81,7.96963,1
110,91,54,8.490926,1
110,92,51,8.449804,1
110,93,48,8.336875,1
110,94,51,8.391961,1
110,95,44,8.59,1
110,96,52,8.522693,1
110,97,40,8.5375,1
110,98,43,8.571395,0
110,99,46,8.553043,0
110,100,40,8.51,1
110,101,48,8.679584,0
110,102,55,8.63,1
110,103,46,8.505218,0
110,104,56,8.506071,1
110,105,209,8.068948,1
110,106,159,8.20195,1
110,107,72,8.247639,1
110,109,39,8.810513,1
110,110,48,8.938334,0
110,111,76,7.908421,1
110,112,57,8.926842,1
110,113,225,8.067778,1
110,114,103,8.479321,1
110,115,72,8.512222,1
110,116,51,8.491961,1
110,117,62,8.538387,1
110,118,67,8.651791,1
110,119,64,8.4675,1
110,120,63,8.610317,1
110,121,54,8.687037,1
110,122,189,7.112222,1
110,123,62,7.369032,1
110,124,38,8.991053,1
110,125,32,8.685625,1
110,126,48,8.465,1
110,127,168,6.379286,1
110,128,45,6.981111,1
110,129,28,8.568571,1
110,130,50,8.604,1
110,131,38,8.429474,1
110,132,32,8.655625,1
110,133,30,8.7,1
110,134,37,8.711621,1
110,135,33,8.668788,1
110,136,94,7.355958,1
110,137,51,7.746863,1
110,138,35,8.61,1
110,139,73,7.796849,1
110,140,68,8.050294,1
110,141,40,8.3175,1
110,142,41,8.299756,1
110,143,93,7.223333,1
110,144,32,8.580625,1
110,145,71,6.916056,1
110,146,77,6.275584,1
110,147,37,8.514324,1
110,148,156,6.3825,1
110,149,43,8.417907,1
110,150,34,8.537059,1
110,151,34,8.631176,1
110,152,25,8.714,1
110,154,79,8.336836,1
110,155,34,8.707647,1
110,156,36,8.649167,1
110,157,129,8.002171,1
110,158,113,7.410265,1
110,159,33,8.477879,1
110,160,34,8.834118,1
110,161,984,6.997622,1
110,162,25,8.8392,1
110,163,20,8.8625,1
110,164,26,8.833462,1
110,165,11,8.849091,0
110,166,17,8.86647,1
110,167,25,8.868,1
110,168,24,8.212916,1
110,169,56,5.741786,1
110,170,26,8.188077,1
110,171,13,8.366923,1
110,172,22,8.03091,1
110,173,14,8.111428,1
110,174,80,7.986875,0
110,175,41,7.96561,0
110,176,21,8.185238,1
110,177,25,8.076,1
110,178,628,6.99,1
110,179,135,7.044445,1
110,180,12,8.406667,0
110,181,15,7.993333,1
110,182,18,8.062222,1
110,183,29,8.050344,1
110,184,37,7.733243,1
110,185,55,7.123636,1
110,187,22,8.171818,1
110,188,17,7.981176,0
110,298,31,5.99,1
110,299,41,5.99,1
111,1,13,8.405385,1
111,2,11,8.335455,0
111,3,12,8.415,0
111,4,33,8.365758,0
111,5,16,6.99,1
111,6,13,8.443846,1
111,7,29,8.341724,1
111,8,37,8.479189,1
111,9,13,8.559231,1
111,10,25,8.39,0
111,11,13,8.443846,0
111,12,29,8.617586,0
111,13,26,8.555385,1
111,14,40,8.7675,1
111,15,18,8.895555,1
111,16,24,9.035833,1
111,17,130,8.112154,1
111,18,28,8.861428,0
111,25,23,8.063913,1
111,26,19,8.147895,1
111,27,21,8.851905,0
111,28,87,7.162414,1
111,29,76,7.199211,1
111,30,50,8.014,0
111,31,62,8.051291,0
111,32,38,8.11421,0
111,33,25,8.5356,0
111,34,20,8.01,0
111,35,31,8.21129,1
111,36,41,8.582195,1
111,37,34,8.572941,1
111,38,41,8.645122,1
111,39,36,8.671667,0
111,40,31,8.850645,1
111,41,19,8.688948,1
111,42,48,8.3525,1
111,43,25,8.55,1
111,44,13,8.328462,0
111,45,20,8.715,1
111,46,13,8.711538,1
111,47,10,8.682,1
111,48,10,9.702,0
111,49,9,9.15,0
111,50,15,8.634,1
111,51,21,8.755714,1
111,52,20,9.114,1
111,53,26,8.31,1
111,54,148,7.06973,1
111,55,53,7.069245,1
111,56,17,7.902941,1
111,57,15,7.922,0
111,58,15,7.71,1
111,59,14,8.047143,0
111,60,22,8.140909,1
111,61,85,7.002706,1
111,62,73,7.009726,1
111,63,32,8.209375,1
111,64,37,7.908919,0
111,65,22,7.862727,1
111,66,37,8.035946,1
111,67,41,7.879756,1
111,68,48,8.02375,1
111,69,51,8.146471,1
111,70,49,8.190408,1
111,71,43,8.305814,1
111,72,62,8.328387,1
111,73,456,6.896974,1
111,74,92,6.796087,1
111,75,30,8.789333,1
111,76,45,8.893111,1
111,77,45,8.932667,1
111,78,37,9.124595,1
111,79,174,7.30931,1
111,80,66,7.524546,1
111,81,62,8.642258,1
111,82,48,8.514167,1
111,83,56,8.513572,1
111,84,364,6.968022,1
111,85,59,8.927966,1
111,86,67,8.541642,1
111,87,116,7.798276,1
111,88,118,7.147627,1
111,89,61,8.804098,1
111,90,57,8.365789,1
111,91,38,8.808421,1
111,92,32,9.056875,1
111,93,52,9.210384,1
111,94,47,9.254255,1
111,95,32,9.29,1
111,96,43,9.30814,1
111,97,43,9.622559,1
111,98,32,9.6775,0
111,99,49,9.59898,0
111,100,24,9.58,1
111,101,29,9.665862,0
111,102,35,9.604857,1
111,103,40,9.592,0
111,104,41,9.684634,1
111,105,236,8.189831,1
111,106,175,8.331314,0
111,107,46,9.373913,1
111,108,57,9.448947,1
111,109,52,9.755384,1
111,110,50,9.5648,0
111,111,51,8.974314,1
111,112,47,9.47,1
111,113,260,8.218462,1
111,114,133,8.297669,1
111,115,49,9.487959,1
111,116,47,9.407022,1
111,117,49,9.446734,1
111,118,31,9.493226,1
111,119,57,9.442632,1
111,120,39,9.562051,1
111,121,58,8.780345,1
111,122,123,7.67813,1
111,123,26,8.925385,1
111,124,34,9.719412,1
111,125,56,9.491428,1
111,126,39,9.11718,1
111,127,206,6.635631,1
111,128,43,8.338838,1
111,129,30,9.71,1
111,130,38,9.716316,1
111,131,33,9.530606,1
111,132,48,9.701667,1
111,133,39,9.748975,1
111,134,52,9.696154,1
111,135,33,9.256667,1
111,136,63,7.993175,1
111,137,46,9.033044,1
111,138,43,9.453954,1
111,139,56,8.043571,1
111,140,50,9.202,1
111,141,32,9.161875,1
111,142,45,9.411777,1
111,143,79,8.06038,1
111,144,29,9.712759,1
111,145,38,9.632105,1
111,146,40,9.544,1
111,147,28,9.507143,1
111,148,79,8.807215,1
111,149,42,9.250953,1
111,150,37,9.705676,0
111,151,31,9.580968,1
111,152,28,9.627143,1
111,153,29,9.646552,0
111,154,67,8.588209,1
111,155,26,9.59,1
111,156,35,9.578857,1
111,157,154,8.244935,1
111,158,131,8.318015,1
111,159,22,9.395454,1
111,160,23,9.583043,1
111,161,1317,7.00653,1
111,162,23,8.986522,1
111,163,24,9.477917,1
111,164,26,9.504616,1
111,165,22,9.555909,0
111,166,22,9.758182,1
111,167,25,9.538,1
111,168,24,9.579583,1
111,169,31,9.356129,1
111,170,21,9.601905,1
111,171,25,9.44,1
111,172,23,9.459565,1
111,173,30,9.34,1
111,174,75,8.641334,1
111,175,40,8.955,1
111,176,18,9.562222,1
111,177,27,9.562222,1
111,178,507,7.046213,1
111,179,108,7.545556,1
111,180,23,8.861739,0
111,181,32,9.449375,1
111,182,13,9.647693,1
111,183,21,9.311429,1
111,184,16,9.449375,1
111,185,25,8.016,1
111,186,43,7.512093,1
111,187,14,9.393572,1
