detergent_data.csv
store,week,sales,price,promoflag
112,1,55,7.802,1
112,2,49,7.851633,0
112,3,77,7.952857,0
112,4,172,7.859303,0
112,5,172,6.99,1
112,7,77,7.838572,1
112,8,82,7.851951,1
112,9,100,7.8546,1
112,10,144,7.916667,0
112,11,64,8.22125,0
112,12,98,8.789184,0
112,13,98,9.251429,1
112,14,113,9.083274,1
112,15,119,8.825967,1
112,16,242,8.386694,1
112,17,380,8.028631,1
112,18,78,8.915897,0
112,19,107,8.29729,0
112,21,93,7.439892,1
112,22,82,8.300732,1
112,24,87,8.167011,1
112,30,149,7.998456,0
112,31,94,8.399787,0
112,32,116,8.463793,0
112,33,126,8.21381,0
112,34,117,8.215982,0
112,35,112,8.383036,0
112,36,117,8.984529,1
112,37,104,9.24,1
112,38,88,9.199773,1
112,39,95,9.134842,1
112,41,100,9.2226,1
112,42,101,9.214752,1
112,43,105,9.007143,1
112,44,65,9.03923,0
112,45,77,8.638052,1
112,46,90,8.939555,1
112,47,92,9.217174,1
112,48,46,8.899565,0
112,49,61,9.046721,0
112,50,69,8.889131,1
112,51,90,8.601334,1
112,52,86,8.305814,1
112,53,110,7.965273,1
112,54,282,7.105532,1
112,55,224,7.221607,1
112,56,90,7.786,1
112,58,110,7.431818,0
112,59,141,7.421773,0
112,60,229,7.464236,1
112,61,290,7.007241,1
112,62,212,7.039528,1
112,63,107,7.395607,1
112,64,131,7.416718,0
112,65,108,7.440926,1
112,66,118,8.078135,1
112,67,111,8.531442,1
112,69,146,8.450274,1
112,70,124,8.950484,1
112,71,126,8.840794,1
112,72,133,8.917068,1
112,73,426,6.999155,1
112,74,146,6.99,1
112,75,125,8.8764,1
112,76,140,8.842857,1
112,77,98,8.854285,1
112,78,149,9.286644,1
112,79,319,7.252445,1
112,80,203,7.459064,1
112,81,122,9.036885,1
112,82,164,8.825122,1
112,83,109,8.792752,1
112,84,410,7.030976,1
112,85,119,9.112185,1
112,86,155,8.427936,1
112,87,174,7.829655,1
112,88,253,7.336245,1
112,89,147,8.280136,1
112,90,160,7.909688,1
112,91,99,8.340505,1
112,92,139,8.251151,1
112,93,156,8.272051,0
112,94,117,8.31453,0
112,95,101,8.464257,0
112,96,85,8.535882,0
112,97,71,8.413943,0
112,98,107,8.475047,0
112,99,93,8.443764,0
112,100,87,8.365862,0
112,101,91,8.386703,0
112,102,92,8.457392,0
112,103,105,8.499524,0
112,104,115,8.471739,0
112,105,410,8.050244,0
112,106,323,8.091238,0
112,107,92,8.280543,1
112,108,115,8.583043,1
112,109,65,8.949693,1
112,110,97,8.513093,0
112,111,118,8.065254,1
112,112,78,8.762052,1
112,113,269,8.030892,1
112,114,161,8.521366,1
112,115,125,8.6812,1
112,116,68,8.607647,1
112,117,75,8.696667,1
112,118,93,8.473441,1
112,119,84,8.529762,1
112,120,135,8.423111,1
112,121,127,8.07433,1
112,122,255,7.097451,1
112,123,101,7.608911,1
112,124,77,8.854935,1
112,125,87,8.692988,1
112,126,99,7.756566,1
112,127,299,6.383311,1
112,128,85,7.701647,1
112,129,91,8.657033,1
112,130,72,8.594167,1
112,131,55,8.497272,1
112,132,68,8.641471,1
112,133,63,8.609048,1
112,134,57,8.63386,1
112,135,72,8.012917,1
112,136,186,7.306129,1
112,137,120,7.698083,1
112,138,107,8.333084,1
112,139,116,7.870173,1
112,140,84,8.123333,1
112,141,73,8.268083,1
112,142,92,8.306848,1
112,143,185,7.157027,1
112,144,80,8.475875,1
112,145,138,6.897101,1
112,146,83,7.005662,1
112,147,68,8.471176,1
112,148,180,7.103778,1
112,149,73,8.327671,1
112,150,59,8.49339,0
112,151,50,8.59,1
112,152,48,8.560833,1
112,153,72,8.581667,0
112,154,136,8.153971,1
112,155,62,8.538226,0
112,156,49,8.499388,1
112,157,260,7.989,1
112,158,185,7.888703,1
112,159,80,8.4275,1
112,160,60,8.444,1
112,161,875,7.001886,1
112,162,34,8.524706,1
112,163,24,8.74125,1
112,164,49,8.63898,1
112,165,42,8.683809,0
112,166,29,8.807241,1
112,167,48,8.524167,1
112,168,40,7.89,1
112,169,68,6.515,1
112,170,41,7.89,1
112,171,39,7.89,1
112,172,39,7.89,1
112,173,43,7.89,1
112,174,148,7.89,0
112,175,101,7.89,0
112,176,24,7.89,1
112,177,39,7.89,1
112,178,605,6.99,1
112,179,145,7.077517,1
112,180,42,7.89,0
112,181,24,7.89,1
112,182,36,7.89,1
112,183,41,7.89,1
112,184,34,7.89,1
112,185,44,6.99,1
112,186,148,5.99,1
112,187,43,7.799302,1
112,188,30,7.89,0
112,189,59,7.89,0
113,1,26,8.732307,1
113,2,50,8.48,0
113,3,33,8.714242,0
113,4,306,8.772026,0
113,5,278,7.057626,1
113,6,54,7.772222,1
113,7,54,7.835556,1
113,8,40,7.8235,1
113,9,51,7.986078,1
113,10,61,8.07295,0
113,11,32,8.55625,0
113,12,30,9.002666,0
113,13,59,9.227627,1
113,14,79,8.99481,1
113,15,92,8.639783,1
113,16,102,8.591569,1
113,17,420,7.991714,1
113,18,61,8.420492,0
113,19,108,8.167222,0
113,20,607,7.040379,1
113,22,36,8.197778,0
113,37,56,9.108571,1
113,38,54,9.16,1
113,39,56,9.091071,1
113,40,62,9.093871,1
113,41,65,8.952461,1
113,42,86,8.406279,1
113,43,56,8.500714,1
113,44,33,8.708181,0
113,45,33,9.162727,1
113,46,25,9.282,1
113,47,41,9.224634,1
113,48,25,9.0804,0
113,49,34,9.114706,0
113,51,46,8.634783,1
113,52,37,8.355406,1
113,53,48,7.97375,1
113,54,278,7.084748,1
113,55,58,7.242759,1
113,56,30,7.716667,1
113,57,37,7.71,0
113,58,57,7.559474,0
113,59,47,7.932979,0
113,60,47,7.592128,1
113,61,198,7.020303,1
113,62,77,7.067922,1
113,63,42,7.406667,1
113,64,42,7.425714,0
113,65,38,7.495263,1
113,66,33,7.714242,1
113,67,62,8.238387,1
113,68,59,8.842543,1
113,69,56,8.338214,1
113,70,47,8.939787,1
113,71,62,8.860968,1
113,72,61,8.927705,1
113,73,325,6.966923,1
113,74,62,6.99,1
113,75,45,8.934444,1
113,76,60,8.92,1
113,77,58,8.881379,1
113,78,59,9.315424,1
113,79,119,7.526134,1
113,80,77,7.78039,1
113,81,63,8.997619,1
113,82,69,8.815507,1
113,83,90,8.821333,1
113,84,285,7.006842,1
113,85,48,8.957916,1
113,86,68,8.588235,1
113,87,98,7.431837,1
113,88,156,7.276538,1
113,89,68,8.531177,1
113,90,108,8.017777,1
113,91,25,8.566,1
113,92,55,8.504545,1
113,93,48,8.570209,1
113,94,64,8.518125,1
113,95,57,8.772456,1
113,96,52,8.776539,1
113,97,39,8.741282,1
113,98,53,8.705094,0
113,99,40,8.6475,0
113,100,45,8.778889,1
113,101,48,8.7025,0
113,102,37,8.735946,1
113,103,43,8.827209,0
113,104,52,8.607307,1
113,105,414,8.063913,1
113,106,97,8.275567,1
113,107,57,8.26193,1
113,108,87,8.607242,0
113,109,33,8.628181,1
113,110,34,8.508823,0
113,111,44,7.899091,1
113,112,23,8.231739,1
113,113,316,8.01943,1
113,114,154,8.298442,1
113,115,64,8.560312,1
113,116,38,8.392632,1
113,117,38,8.308421,1
113,118,48,8.575833,1
113,119,34,8.505294,1
113,120,45,8.515778,1
113,121,44,8.747727,1
113,122,216,7.002037,1
113,123,40,7.055,1
113,124,18,8.6,1
113,125,19,8.571053,1
113,126,37,8.381892,1
113,127,367,6.19436,1
113,128,27,7.027037,1
113,129,22,8.644546,1
113,130,30,8.643333,1
113,131,20,8.86,1
113,132,24,8.681666,1
113,133,26,8.443846,1
113,134,31,8.709354,1
113,135,34,8.613529,1
113,136,136,7.192941,1
113,137,34,7.645882,1
113,138,36,8.651111,1
113,139,84,7.730476,1
113,140,70,8.185715,1
113,141,42,8.542381,1
113,142,37,8.392703,1
113,143,192,7.128021,1
113,144,27,8.76037,1
113,145,40,8.7065,1
113,146,33,8.642121,1
113,147,47,8.702766,1
113,149,76,8.254474,1
113,150,25,8.674,1
113,151,31,8.631935,1
113,152,31,8.586774,1
113,153,41,8.785122,0
113,154,115,8.121305,1
113,155,66,8.79,1
113,156,30,8.729333,1
113,157,350,8.029285,1
113,158,174,8.128965,1
113,159,34,8.881176,1
113,160,35,8.607715,1
113,161,1279,6.997224,1
113,162,46,8.866087,1
113,163,21,8.981905,1
113,164,29,8.972758,1
113,165,31,8.887742,1
113,166,15,8.960667,1
113,167,41,9.008536,1
113,168,26,8.644615,1
113,169,86,8.118139,1
113,170,24,8.525833,1
113,171,27,8.374444,1
113,172,28,8.435,1
113,173,29,8.341035,1
113,174,123,7.978618,0
113,175,116,8.021552,0
113,176,38,8.406316,1
113,177,23,7.984783,1
113,178,803,6.993835,1
113,179,101,7.142475,1
113,180,20,8.108,0
113,181,23,8.174348,1
113,182,28,8.201428,1
113,183,28,8.123571,1
113,184,25,8.2388,1
113,185,43,7.34814,1
113,186,35,6.456285,1
113,187,29,8.19069,1
113,188,26,8.644615,0
114,1,26,7.823846,1
114,2,36,7.423333,0
114,3,44,7.713636,0
114,4,74,7.485946,0
114,5,75,7.022533,1
114,6,54,7.851111,1
114,7,39,7.651026,1
114,8,26,7.758461,1
114,9,27,7.770741,0
114,10,36,7.806667,0
114,11,30,7.574,0
114,12,44,8.395454,0
114,13,32,9.17625,1
114,14,52,8.993846,1
114,15,59,8.828305,1
114,18,37,8.972703,0
114,19,54,8.616667,0
114,20,210,7.082,1
114,22,39,8.070513,1
114,27,33,8.556061,0
114,32,49,8.24102,0
114,33,60,7.957,0
114,34,40,8.382,0
114,35,32,8.301875,1
114,36,48,8.474584,1
114,37,54,9.015185,1
114,39,47,9.00234,1
114,40,48,9.01875,1
114,41,47,8.967447,1
114,42,34,8.675294,1
114,43,44,8.824091,1
114,44,24,8.5525,0
114,45,16,8.4525,1
114,46,22,7.993636,1
114,47,24,9.0825,1
114,48,13,8.951538,0
114,49,21,8.829047,0
114,50,25,8.4924,1
114,51,19,8.432105,1
114,52,24,8.5675,1
114,53,35,8.187143,1
114,54,132,7.079242,1
114,55,57,7.274561,1
114,56,38,7.469474,1
114,57,25,7.5804,0
114,58,32,7.36875,1
114,59,31,7.433226,0
114,60,38,7.797895,1
114,61,84,7.037619,1
114,62,93,7.092151,1
114,63,25,7.41,1
114,64,34,7.552941,0
114,65,28,7.515,1
114,66,34,8.11647,1
114,67,68,8.082647,1
114,69,64,8.28375,1
114,70,57,8.633509,1
114,71,74,8.473783,1
114,72,50,8.83,1
114,73,332,7.016205,1
114,74,84,6.997143,1
114,75,43,8.806279,1
114,76,59,8.88661,1
114,77,53,8.878679,1
114,78,58,9.184828,1
114,79,201,7.418458,1
114,80,82,7.947561,1
114,81,68,8.862353,1
114,82,59,8.807627,1
114,83,76,8.807105,1
114,84,368,7.003044,1
114,85,57,9.034912,1
114,86,89,8.842585,1
114,87,84,7.728095,1
114,88,115,7.25087,1
114,89,57,8.582982,1
114,90,82,8.003415,1
114,91,59,8.552711,1
114,92,53,8.679623,1
114,93,54,8.647408,0
114,94,48,8.655625,0
114,95,49,8.604285,0
114,96,28,8.879286,0
114,97,28,8.722143,0
114,98,36,8.748333,0
114,99,42,8.761429,0
114,100,38,8.782105,0
114,101,38,8.868947,0
114,102,29,8.858966,0
114,103,39,8.882308,0
114,104,34,8.775294,0
114,105,210,8.13619,0
114,106,173,8.263988,0
114,107,46,8.798696,1
114,108,83,8.882771,1
114,109,47,9.118085,1
114,110,40,8.94675,0
114,111,68,8.216471,1
114,112,48,9.022917,1
114,113,203,8.092956,1
114,114,105,8.423524,1
114,115,47,8.83149,1
114,116,40,8.759,1
114,117,45,9.001111,1
114,118,45,8.677333,1
114,119,45,8.752666,1
114,120,45,8.861111,1
114,121,54,8.561666,1
114,122,108,7.44,1
114,123,39,7.643846,1
114,124,29,9.293448,1
114,125,32,8.955937,1
114,126,41,7.987561,1
114,127,238,6.359748,1
114,128,40,7.79075,1
114,129,40,9.01,1
114,130,27,8.99,1
114,131,42,8.842381,1
114,132,30,8.826667,1
114,133,31,9.048064,1
114,134,38,8.911053,1
114,135,38,8.915263,1
114,136,123,7.300569,1
114,137,59,7.894068,1
114,138,33,8.650606,1
114,139,76,7.876842,1
114,140,41,8.121707,1
114,141,36,8.745556,1
114,142,39,8.792564,1
114,143,102,7.471373,1
114,144,21,8.888095,1
114,145,44,8.483182,1
114,146,44,8.652954,1
114,147,34,8.987059,1
114,148,102,8.022157,1
114,149,70,8.445143,1
114,150,37,8.852162,0
114,151,47,8.953404,1
114,152,51,9.001764,1
114,153,41,8.99,0
114,154,66,8.396061,1
114,155,48,8.899375,0
114,156,27,8.898149,1
114,157,194,8.105052,1
114,158,122,8.077623,1
114,159,43,8.738837,1
114,160,21,9.107142,1
114,161,1415,7.024912,1
114,162,69,8.755507,1
114,163,21,9.110952,1
114,164,33,9.105454,1
114,165,14,9.195714,0
114,166,27,9.234445,1
114,167,22,8.921818,1
114,168,20,8.91,1
114,169,35,7.89,1
114,170,27,8.708519,1
114,171,21,8.618571,1
114,172,31,8.493226,1
114,173,25,8.298,1
114,174,61,8.280164,0
114,175,60,8.145,0
114,176,21,8.699524,1
114,177,32,8.5275,1
114,178,589,7.025314,1
114,179,161,7.307143,1
114,180,29,8.552069,0
114,181,43,8.522558,1
114,182,32,8.5275,1
114,183,31,8.383549,1
114,184,18,8.834444,1
114,185,27,7.856667,1
114,186,86,6.408605,1
114,187,32,8.42125,1
115,1,37,8.092703,1
115,2,40,7.738,0
115,3,65,7.880769,0
115,4,142,7.907465,0
115,5,121,6.99,1
115,6,80,7.91975,1
115,7,94,8.192341,1
115,8,74,8.072433,1
115,9,76,8.041579,1
115,11,42,9.075238,0
115,12,72,9.022778,0
115,13,68,9.262941,1
115,14,98,9.055102,1
115,15,82,8.727317,1
115,16,135,8.660371,1
115,17,345,8.031739,1
115,18,59,8.664237,0
115,19,69,8.381015,0
115,20,354,7.11452,1
115,21,74,7.154865,1
115,31,63,8.378889,0
115,32,79,8.782659,0
115,33,86,8.512558,0
115,34,66,8.379091,0
115,35,64,8.2425,1
115,36,83,8.770964,1
115,37,53,9.169622,1
115,38,66,9.139394,1
115,39,40,9.037,1
115,40,59,9.101525,1
115,41,65,8.957077,1
115,42,58,9.095173,1
115,43,65,8.956154,1
115,44,40,9.045,0
115,45,42,9.118571,1
115,46,47,9.087021,1
115,47,40,9.0705,1
115,48,25,9.042,0
115,49,41,9.128049,0
115,50,32,8.548125,1
115,51,52,9.036923,1
115,52,37,8.665135,1
115,53,69,8.177246,1
115,54,264,7.044015,1
115,55,66,7.395454,1
115,56,32,7.685625,1
115,57,43,7.569535,0
115,58,43,7.353721,1
115,59,64,7.38375,0
115,60,85,7.748824,1
115,61,203,7.036798,1
115,62,197,7.010304,1
115,63,74,7.402162,1
115,64,90,7.506667,0
115,65,48,7.4525,1
115,66,57,7.721579,1
115,67,89,8.244382,1
115,68,105,8.747905,1
115,69,113,8.058142,1
115,70,71,8.917324,1
115,71,73,8.906439,1
115,72,99,8.89505,1
115,73,367,6.986185,1
115,74,133,7.009549,1
115,75,77,8.90039,1
115,76,62,8.856129,1
115,77,70,8.794286,1
115,79,214,7.257103,1
115,80,78,7.728974,1
115,81,98,9.050817,1
115,82,75,8.778,1
115,83,103,8.767087,1
115,84,329,7.015532,1
115,85,78,9.052052,1
115,86,91,8.502967,1
115,87,115,7.664783,1
115,88,168,7.295357,1
115,89,84,8.359048,1
115,90,93,7.956129,1
115,91,58,8.379655,1
115,92,85,8.248823,1
115,93,63,8.332857,0
115,94,65,8.341077,0
115,95,48,8.335834,0
115,96,54,8.758518,0
115,97,54,8.554814,0
115,98,50,8.532,0
115,99,41,8.477805,0
115,100,45,8.583333,0
115,101,36,8.595555,0
115,102,50,8.422,0
115,103,61,8.524426,0
115,104,36,8.442778,0
115,105,254,8.013622,0
115,106,170,8.098235,0
115,107,67,8.455224,1
115,108,102,8.611568,1
115,109,42,8.809524,1
115,110,55,8.546909,0
115,111,92,7.796413,1
115,112,45,8.821111,1
115,113,266,8.020075,1
115,114,191,8.543612,1
115,115,81,8.438889,1
115,116,52,8.454039,1
115,117,53,8.657736,1
115,118,82,8.423536,1
115,119,51,8.344902,1
115,120,82,8.518659,1
115,121,69,7.943623,1
115,122,188,7.069787,1
115,123,68,7.587353,1
115,124,39,8.780769,1
115,125,42,8.725715,1
115,126,65,7.566616,1
115,127,359,6.314234,1
115,128,70,7.117143,1
115,129,59,8.717118,1
115,130,42,8.74,1
115,131,44,8.537727,1
115,132,36,8.478889,1
115,133,53,8.610755,1
115,134,42,8.611428,1
115,135,61,7.96541,1
115,136,103,7.176408,1
115,137,65,7.851846,1
115,138,41,8.533659,1
115,139,80,7.85,1
115,140,96,8.137917,1
115,141,70,8.188571,1
115,142,64,8.325313,1
115,143,123,7.22252,1
115,144,41,8.589512,1
115,145,65,7.024154,1
115,146,74,7.261892,1
115,147,43,8.472325,1
115,148,193,7.21456,1
115,149,64,8.39375,1
115,150,47,8.59,0
115,151,40,8.552,1
115,152,36,8.612223,1
115,153,45,8.643333,0
115,154,125,8.138,1
115,155,49,8.625306,0
115,156,35,8.506286,1
115,157,214,7.988879,1
115,158,154,7.833896,1
115,159,54,8.547037,1
115,160,50,8.588,1
115,161,1362,6.997034,1
115,162,37,8.320811,1
115,163,11,7.923636,1
115,164,29,8.475517,1
115,165,36,8.599444,0
115,166,40,8.7345,1
115,167,35,8.257714,1
115,168,32,8.0025,1
115,169,74,6.622973,1
115,170,34,8.082353,1
115,171,39,8.057693,1
115,172,36,8.071667,1
115,173,49,7.97898,1
115,174,160,7.91725,0
115,175,81,7.916914,0
115,176,23,7.89,1
115,177,25,8.0644,1
115,178,703,6.994381,1
115,179,224,7.064107,1
115,180,49,7.89,0
115,181,42,7.870476,1
115,182,40,7.89,1
115,183,36,8.011111,1
115,184,24,7.89,1
115,185,40,7.144,1
115,186,138,6.04913,1
115,187,22,7.989091,1
115,188,24,8.071667,0
