detergent_data.csv
store,week,sales,price,promoflag
121,1,6,7.503334,1
121,2,37,7.878108,0
121,3,45,7.778444,0
121,4,134,7.834477,0
121,5,111,6.99,1
121,6,31,7.826774,1
121,7,60,8.326667,1
121,8,69,8.147681,1
121,9,50,8.232,1
121,10,67,8.229104,0
121,11,35,9.363714,0
121,12,59,8.837119,0
121,13,68,9.256471,1
121,14,101,9.066436,1
121,15,70,8.639143,1
121,16,84,8.525952,1
121,17,401,8.031596,1
121,18,48,8.507916,0
121,19,88,8.263409,0
121,20,285,7.171684,1
121,21,57,7.727544,1
121,22,32,8.2325,1
121,23,47,8.32234,1
121,31,59,8.409661,0
121,32,72,8.59,0
121,33,62,8.363871,0
121,34,79,8.456329,0
121,35,66,8.199394,1
121,36,78,8.767949,1
121,37,86,9.170465,1
121,38,94,9.067021,1
121,39,60,9.174,1
121,40,86,9.182791,1
121,41,64,9.089063,1
121,42,75,8.874,1
121,43,51,8.884118,1
121,44,43,9.215581,0
121,45,52,9.176538,1
121,46,46,9.133043,1
121,47,65,9.210615,1
121,48,33,9.064546,0
121,49,43,9.247674,0
121,50,45,8.827333,1
121,51,48,8.885,1
121,52,38,8.493158,1
121,53,58,8.122414,1
121,54,253,7.047549,1
121,55,78,7.801026,1
121,56,32,7.94875,1
121,57,54,7.478148,0
121,58,51,7.472745,0
121,62,190,7.066316,1
121,63,61,7.424426,1
121,64,81,7.451728,0
121,65,71,7.425211,1
121,66,89,7.592247,1
121,67,109,8.285413,1
121,68,97,8.621959,1
121,69,99,8.165757,1
121,70,67,8.909701,1
121,71,83,8.897229,1
121,72,119,8.885798,1
121,73,342,6.997602,1
121,74,122,6.908033,1
121,75,77,8.90948,1
121,76,72,8.845555,1
121,77,75,8.831333,1
121,78,96,9.286875,1
121,79,268,7.201492,1
121,80,105,7.57019,1
121,81,102,9.041764,1
121,82,120,8.8885,1
121,83,89,8.768876,1
121,84,422,7.02128,1
121,85,107,9.15,1
121,86,157,8.393312,1
121,87,170,7.993529,1
121,88,189,7.329682,1
121,89,147,8.245782,1
121,90,141,7.94,1
121,91,64,8.534532,1
121,92,80,8.26,1
121,93,69,8.350145,0
121,94,61,8.31082,0
121,95,62,8.46742,0
121,96,51,8.484118,0
121,97,71,8.460423,0
121,98,67,8.503433,0
121,99,58,8.498621,0
121,100,53,8.476792,0
121,101,57,8.405789,0
121,102,63,8.604285,0
121,103,65,8.391539,0
121,104,54,8.371482,0
121,105,418,8.04598,0
121,106,276,8.050508,0
121,107,63,8.446349,1
121,108,95,8.641579,1
121,109,77,8.718311,1
121,110,87,8.643448,0
121,111,118,7.859322,1
121,112,60,8.651667,1
121,113,306,8.035425,1
121,114,244,8.326475,1
121,115,81,8.69642,1
121,116,76,8.457237,1
121,117,62,8.695161,1
121,118,67,8.599105,1
121,119,78,8.386282,1
121,120,99,8.549394,1
121,121,59,7.990509,1
121,122,176,7.118409,1
121,123,139,7.538345,1
121,124,45,8.871333,1
121,125,53,8.74849,1
121,126,61,7.856393,1
121,127,278,6.354029,1
121,128,130,6.766385,1
121,129,64,8.586875,1
121,130,36,8.701111,1
121,131,58,8.645172,1
121,132,62,8.577097,1
121,133,58,8.651207,1
121,134,49,8.673674,1
121,135,89,7.939888,1
121,136,207,7.260048,1
121,137,84,7.774405,1
121,138,64,8.298437,1
121,139,122,7.791639,1
121,140,93,8.223333,1
121,141,85,8.335882,1
121,142,75,8.3456,1
121,143,203,7.170788,1
121,144,68,8.528971,1
121,145,74,7.352432,1
121,146,90,7.392222,1
121,147,79,8.536076,1
121,148,175,7.0476,1
121,149,95,8.317473,1
121,150,54,8.521482,0
121,151,59,8.571356,1
121,152,56,8.531072,1
121,153,69,8.505942,0
121,154,220,8.190909,1
121,155,75,8.6224,0
121,156,58,8.584483,1
121,157,319,8.01464,1
121,158,197,7.911421,1
121,159,59,8.639322,1
121,160,64,8.472187,1
121,161,1182,6.997318,1
121,162,38,8.586843,1
121,163,28,8.841429,1
121,164,28,8.785,1
121,165,37,8.846757,0
121,166,27,8.838148,1
121,167,54,8.393703,1
121,168,45,8.062222,1
121,169,93,6.841613,1
121,170,46,8.024782,1
121,171,31,8.19,1
121,172,43,8.034186,1
121,173,51,8.163529,1
121,174,142,8.010071,0
121,175,98,8.000714,0
121,176,35,8.111428,1
121,177,30,7.993333,1
121,178,635,6.993858,1
121,179,161,7.124596,1
121,180,33,7.983939,0
121,181,30,8.251667,1
121,182,23,7.957391,1
121,183,22,7.960454,1
121,184,37,8.225135,1
121,185,41,7.169268,1
121,186,138,6.19,1
121,187,34,8.117941,1
121,188,28,8.166785,0
122,1,81,7.415926,1
122,2,76,7.391316,0
122,3,93,7.43086,0
122,4,184,7.443804,0
122,5,184,6.99,1
122,6,125,7.88216,1
122,7,181,7.934752,1
122,8,171,7.904971,1
122,9,144,7.997361,1
122,10,135,7.918889,0
122,11,63,8.464286,0
122,12,113,8.537434,0
122,13,63,8.785873,1
122,14,74,8.914865,1
122,15,94,8.368298,1
122,17,637,7.975463,1
122,18,165,8.046364,0
122,19,105,8.067142,0
122,20,549,7.057395,1
122,22,112,7.664107,0
122,23,112,7.668571,1
122,30,152,7.605132,0
122,31,186,7.745376,0
122,32,185,7.662973,0
122,33,126,7.755873,0
122,34,116,7.709827,0
122,35,91,7.814176,1
122,36,108,8.133518,1
122,37,91,8.830659,1
122,38,108,8.74,1
122,39,87,8.788851,0
122,40,131,8.760992,1
122,41,97,8.773505,1
122,42,89,8.754045,1
122,43,78,8.554103,1
122,44,65,8.674616,0
122,45,74,8.354865,1
122,46,80,8.5275,1
122,47,57,8.612807,1
122,48,46,8.729131,0
122,49,48,8.356667,0
122,50,66,8.38394,1
122,51,73,8.537945,1
122,52,60,7.815,1
122,53,106,7.390944,1
122,54,272,7.063529,1
122,55,184,7.106848,1
122,56,61,6.99,1
122,57,76,7.049211,0
122,58,44,7.126364,0
122,59,79,7.179873,0
122,60,112,7.186429,1
122,61,236,7.017542,1
122,62,186,7.059893,1
122,63,65,7.066923,1
122,64,93,7.065269,0
122,65,76,7.055789,1
122,66,80,7.78375,1
122,67,91,8.66033,1
122,68,91,8.808681,1
122,69,116,8.093449,1
122,70,124,8.965806,1
122,71,82,8.766829,1
122,72,95,8.920527,1
122,73,247,6.99,1
122,74,142,7.002676,1
122,75,92,8.894348,1
122,76,137,8.88562,1
122,77,129,8.845038,1
122,78,118,8.831526,1
122,79,262,7.289237,1
122,80,136,7.658382,1
122,81,112,8.78375,1
122,82,93,8.788925,1
122,83,159,8.879308,1
122,84,475,7.016526,1
122,85,113,8.814778,1
122,86,121,8.244545,1
122,87,146,7.557123,1
122,88,217,7.287235,1
122,89,109,8.192752,1
122,90,141,7.924752,1
122,91,129,8.145814,1
122,92,107,8.075047,1
122,93,108,8.093703,0
122,94,128,8.173594,0
122,95,106,8.097548,0
122,96,100,8.209,0
122,97,79,8.098861,0
122,98,108,8.144629,0
122,99,73,8.116028,0
122,100,97,8.105464,0
122,101,106,8.097548,0
122,102,97,8.150825,0
122,103,112,8.125714,0
122,104,112,8.056964,0
122,105,291,7.973162,0
122,106,253,8.034071,0
122,107,108,8.18213,1
122,108,119,8.384958,1
122,109,101,8.411386,1
122,110,107,8.293365,0
122,111,145,7.724552,1
122,112,86,8.343953,1
122,113,268,7.994478,1
122,114,186,8.216882,1
122,115,116,8.384828,1
122,116,66,8.230909,1
122,117,79,8.304304,1
122,118,96,8.201667,1
122,119,96,8.30125,1
122,120,101,8.255743,1
122,121,95,7.916632,1
122,122,209,7.079473,1
122,123,92,7.51337,1
122,124,64,8.327188,1
122,125,65,8.455846,1
122,126,99,7.330808,0
122,127,281,6.409929,1
122,128,99,7.323939,1
122,129,75,8.374,1
122,130,58,8.288276,0
122,131,61,8.394918,0
122,132,58,8.23138,0
122,133,76,8.280789,0
122,134,71,8.277324,0
122,135,86,7.777558,1
122,136,243,7.230741,1
122,137,90,7.691556,1
122,138,64,8.148438,1
122,139,107,7.893738,1
122,140,96,8.182813,1
122,141,81,8.310987,1
122,142,83,8.300843,1
122,143,201,7.262139,1
122,144,82,8.332683,1
122,145,83,8.221325,1
122,146,128,8.104844,1
122,147,72,8.241389,1
122,148,147,8.092041,1
122,149,111,8.226937,1
122,150,85,8.304117,0
122,151,85,8.287647,1
122,152,67,8.288507,1
122,153,78,8.274615,0
122,154,118,8.060339,1
122,155,80,8.2,0
122,156,65,8.271539,1
122,157,219,8.034749,1
122,158,190,8.063158,0
122,159,62,8.391613,0
122,160,53,8.326793,1
122,161,1418,7.002624,1
122,162,94,8.754362,1
122,163,45,8.776667,1
122,164,59,8.372881,1
122,165,233,5.870386,0
122,166,139,6.233453,1
122,167,44,8.5375,1
122,168,53,7.939056,1
122,169,118,7.731102,1
122,170,53,7.799434,1
122,171,36,7.949722,1
122,172,46,7.871522,1
122,173,54,8.035371,1
122,174,129,7.776434,0
122,175,96,7.667083,0
122,176,44,7.716136,1
122,177,35,7.801429,1
122,178,689,7.004223,1
122,179,172,7.067849,1
122,180,35,7.854286,0
122,181,35,7.96,1
122,182,34,7.862059,1
122,183,37,7.99,1
122,184,40,7.8675,1
122,185,64,7.181406,1
122,186,192,6.043906,1
122,187,34,7.862059,1
122,188,43,7.762093,0
122,277,75,5.99,1
122,278,1272,5.99,1
122,279,37,6.585676,1
122,280,77,5.99,1
122,281,49,6.59,0
122,282,1272,5.99,1
122,283,37,6.585676,1
122,284,28,6.918571,1
122,285,37,6.91973,1
122,286,71,6.90831,1
122,287,709,4.994358,1
122,288,26,6.786923,1
122,289,32,6.99,1
123,1,30,8.038,1
123,2,19,8.532105,0
123,3,28,8.497143,0
123,4,76,8.334737,0
123,5,102,6.99,1
123,14,39,9.39,1
123,15,51,9.148824,1
123,16,66,9.117272,1
123,17,480,7.964792,1
123,18,40,8.96,0
123,19,74,8.718378,0
123,20,411,7.021873,1
123,21,37,7.346757,1
123,22,39,8.566923,1
123,23,34,8.469412,1
123,24,24,8.4525,1
123,25,37,8.51973,1
123,26,22,8.362727,1
123,27,24,8.594167,0
123,28,196,7.078775,1
123,29,121,7.031322,1
123,30,62,8.091613,0
123,31,43,9.078372,0
123,32,58,8.353793,0
123,33,29,8.117586,0
123,34,31,8.69,0
123,35,45,8.91,1
123,36,58,9.300344,1
123,37,47,9.449574,1
123,38,53,9.425849,1
123,39,55,9.426364,1
123,40,68,9.510589,1
123,41,49,9.571632,1
123,42,71,8.754788,1
123,43,55,9.117272,1
123,44,27,9.29,0
123,45,34,9.716471,1
123,46,32,9.50875,1
123,47,31,9.838387,1
123,48,14,9.718572,0
123,49,12,9.248333,0
123,50,21,9.528095,1
123,51,22,9.380909,1
123,52,23,9.985652,1
123,53,51,9.054706,1
123,54,274,7.026131,1
123,55,46,7.198696,1
123,56,19,8.711053,1
123,57,20,8.64,0
123,58,32,8.336875,0
123,59,33,8.411212,0
123,60,34,8.609118,1
123,61,242,7.041653,1
123,63,61,8.106394,1
123,64,26,8.443461,0
123,65,34,8.440883,1
123,66,35,8.632857,1
123,67,57,8.140877,1
123,68,69,8.976956,1
123,69,76,8.49,1
123,70,65,9.151539,1
123,71,69,9.110869,1
123,72,81,9.124568,1
123,73,552,6.987283,1
123,74,134,7.005522,1
123,75,46,9.076522,1
123,76,49,9.05449,1
123,77,57,9.069298,1
123,78,47,10.30872,1
123,79,237,7.365696,1
123,80,77,8.19935,1
123,81,59,9.447289,1
123,82,63,9.020476,1
123,83,55,9.014,1
123,84,421,6.99285,1
123,85,51,9.630784,1
123,86,67,9.470896,1
123,87,155,7.258387,1
123,88,248,7.240403,1
123,89,78,9.66141,1
123,90,95,8.677158,1
123,91,30,9.438666,1
123,92,55,9.354909,1
123,93,62,9.101129,1
123,94,45,9.569111,1
123,95,27,9.691112,1
123,96,34,9.677059,1
123,97,28,9.668928,1
123,98,46,9.602826,0
123,99,32,9.594063,0
123,100,40,9.715,1
123,101,39,9.698462,0
123,102,36,9.5,1
123,103,38,9.884737,0
123,104,34,9.677059,1
123,105,313,8.106358,1
123,106,117,8.213675,1
123,107,36,8.498333,1
123,108,82,8.945853,1
123,109,42,9.292857,1
123,110,45,9.062667,0
123,111,89,7.760899,1
123,112,39,8.739488,1
123,113,292,8.035069,1
123,114,116,8.387241,1
123,115,58,8.827931,1
123,116,44,8.826364,1
123,117,42,8.637619,1
123,118,41,8.539268,1
123,119,38,8.593158,1
123,120,60,8.858,1
123,121,54,8.428148,1
123,122,240,7.107666,1
123,123,83,7.300241,1
123,124,40,9.09175,1
123,125,45,8.874444,1
123,126,51,8.203529,1
123,127,353,6.525411,1
123,128,57,7.78193,1
123,129,32,9.0425,1
123,130,27,9.078889,1
123,131,38,9.076316,1
123,132,52,9.183846,1
123,133,33,9.232424,1
123,134,39,9.211538,1
123,135,50,8.4744,1
123,136,224,7.264286,1
123,137,42,8.509523,1
123,138,29,9.1,1
123,139,110,7.691818,1
123,140,75,8.319333,1
123,141,64,8.479375,1
123,142,53,8.624906,1
123,143,181,7.285691,1
123,144,29,9.155518,1
123,145,58,8.143104,1
123,146,36,8.325556,1
123,147,50,9.102,1
123,148,153,7.723333,1
123,149,60,8.4605,1
123,150,38,9.091053,0
123,151,32,9.2875,1
123,152,35,9.07,1
123,153,40,9.168,0
123,154,152,8.246448,1
123,155,40,9.1675,0
123,156,39,9.075641,1
123,157,276,8.057681,1
123,158,102,8.178627,1
123,159,30,9.247334,1
123,160,33,9.527879,1
123,161,1987,7.013493,1
123,162,33,8.668181,1
123,163,31,9.470645,1
123,164,26,9.610385,1
123,165,36,9.365,0
123,166,26,9.482307,1
123,167,44,9.205,1
123,168,34,9.067941,1
123,169,76,7.595921,1
123,170,30,9.048333,1
123,171,23,9.133478,1
123,172,27,8.867778,1
123,173,27,9.145555,1
123,174,83,8.392409,1
123,175,64,8.673594,1
123,176,25,9.34,1
123,177,27,8.932963,1
123,178,695,6.994101,1
123,179,106,7.054245,1
123,180,18,9.076111,0
123,181,27,9.145555,1
123,182,26,9.311153,1
123,183,28,9.036428,1
123,184,23,9.133478,1
123,185,45,7.94,1
123,186,63,6.54,1
123,187,26,9.118846,1
124,3,44,8.24,0
124,8,54,8.578889,1
124,9,73,8.509178,1
124,12,41,8.975366,0
124,13,35,9.547143,1
124,16,172,8.69,1
124,17,369,7.993252,1
124,18,55,8.57,0
124,19,55,8.477273,0
124,24,46,8.605217,1
124,25,41,8.624146,1
124,26,47,8.170851,1
124,27,34,8.292941,0
124,28,267,7.051798,1
124,29,149,7.148389,1
124,30,41,9.046098,0
124,31,63,9.297936,0
124,32,49,9.443061,0
124,33,49,9.06551,0
124,34,50,9.38,0
124,37,73,9.940685,1
124,45,37,9.438648,1
124,46,33,9.547576,1
124,47,27,9.734445,1
124,48,20,9.44,0
124,49,27,9.827037,0
124,50,21,9.551905,1
124,51,34,9.481176,1
124,52,26,9.443846,1
124,53,47,8.938936,1
124,54,200,7.074,1
124,55,81,7.186296,1
124,56,20,8.49,1
124,57,33,8.59303,0
124,58,21,8.432858,0
124,59,47,8.470851,0
124,60,47,8.569362,1
124,61,151,7.026424,1
124,62,81,7.199876,1
124,63,26,8.043846,1
124,64,43,8.462326,0
124,65,37,8.444054,1
124,66,30,8.463333,1
124,67,46,8.609565,1
124,68,76,8.808421,1
124,69,92,8.315,1
124,70,76,9.296579,1
124,71,70,9.086857,1
124,72,81,9.124568,1
124,73,443,7.004086,1
124,74,157,7.029745,1
124,75,77,9.171558,1
124,76,65,9.132154,1
124,77,65,9.13,1
124,78,74,10.1573,1
124,79,206,7.421262,1
124,80,76,8.131053,1
124,81,74,9.507567,1
124,82,76,8.99579,1
124,83,81,8.982593,1
124,84,440,7.000909,1
124,85,46,9.658695,1
124,86,65,9.342,1
124,87,100,7.558,1
124,88,146,7.205753,1
124,89,56,9.253928,1
124,90,73,8.993562,1
124,91,34,9.839705,1
124,92,40,9.6565,1
124,93,51,9.426274,1
124,94,56,9.481428,1
124,95,46,9.827174,1
124,96,33,9.773637,1
124,97,26,9.814231,1
124,98,38,9.477368,0
124,99,38,9.613158,0
124,100,27,9.643333,1
124,101,33,9.695455,0
124,102,29,9.737242,1
124,103,33,9.656363,0
124,104,42,9.592143,1
124,105,257,8.075564,1
124,106,207,8.263623,1
124,107,68,9.1175,1
124,108,78,9.17282,1
124,109,38,9.659737,1
124,110,35,9.476286,0
124,111,56,8.6575,1
124,112,37,9.000811,1
124,113,101,8.382673,1
124,114,52,9.147307,1
124,115,71,9.028028,1
124,116,47,8.892766,1
124,117,54,8.908519,1
124,118,41,8.896341,1
124,119,46,9.057826,1
124,120,41,9.511951,1
124,121,54,8.781667,1
124,122,103,7.30466,1
124,123,40,8.3195,1
124,124,37,9.604865,1
124,125,35,9.313714,1
124,126,33,8.40697,1
124,127,206,6.631116,1
124,128,53,7.138491,1
124,129,42,9.674047,1
124,130,15,9.36,1
124,131,39,9.633333,1
124,132,26,9.705,1
124,133,37,9.898919,1
124,134,38,9.747106,1
124,135,39,8.83359,1
124,136,133,7.521654,1
124,137,51,8.638824,1
124,138,39,9.110513,1
124,139,98,8.078571,1
124,140,59,8.759152,1
124,141,50,8.8412,1
124,142,40,9.07825,1
124,143,165,7.456364,1
124,144,20,9.5285,1
124,145,51,7.470588,1
124,146,65,7.507231,1
124,147,48,9.356875,1
124,148,118,7.324492,1
124,149,40,8.88975,1
124,150,34,9.357647,0
124,151,28,9.708928,1
124,152,50,9.4522,1
124,153,32,9.677813,0
124,154,46,8.63,1
124,155,29,9.664827,0
124,156,26,9.45577,1
124,157,279,8.093692,1
124,158,130,8.210384,1
124,159,33,9.597878,1
124,160,31,9.595806,1
124,161,1450,7.011821,1
124,162,26,7.593846,1
124,163,38,8.843684,1
124,164,34,9.471765,1
124,165,170,5.552294,0
124,166,34,8.626177,1
124,167,30,9.715333,1
124,168,25,9.3228,1
124,169,50,7.926,1
124,170,26,9.470769,1
124,171,29,9.695518,1
124,172,28,9.489643,1
124,173,25,9.7808,1
124,174,89,8.46427,1
124,175,72,8.51,1
124,176,40,9.33425,1
124,177,39,9.353333,1
124,178,497,7.039879,1
124,179,74,7.544189,1
124,180,26,9.244231,0
124,181,32,9.192187,1
124,182,32,9.019375,1
124,183,25,9.3228,1
124,184,20,9.8985,1
124,185,27,8.574815,1
124,186,56,6.775893,1
124,187,23,9.784782,1
