detergent_data.csv
store,week,sales,price,promoflag
131,1,28,7.800714,1
131,2,36,7.858889,0
131,3,53,7.922075,0
131,4,147,7.886463,0
131,5,206,6.99,1
131,6,74,7.970811,1
131,7,86,7.975116,1
131,8,77,8.20013,1
131,9,64,7.884687,1
131,10,80,8.172,0
131,13,47,9.292128,1
131,14,84,9.047143,1
131,15,82,8.86561,1
131,16,87,8.854598,1
131,19,113,8.180619,0
131,20,427,7.151218,1
131,21,79,7.175316,1
131,22,112,7.977143,1
131,23,122,8.035574,1
131,24,129,7.980698,1
131,25,136,8.045294,1
131,26,109,7.897707,1
131,27,99,8.047374,0
131,28,211,7.15436,1
131,29,161,7.139565,1
131,30,105,8.014571,0
131,31,109,8.087431,0
131,32,65,8.063231,0
131,33,69,8.238406,0
131,34,70,8.269143,0
131,35,73,8.269178,1
131,38,73,9.082603,1
131,42,64,9.061875,1
131,43,59,8.978136,1
131,44,43,8.936512,0
131,45,47,8.458085,1
131,46,46,8.97087,1
131,47,56,8.873215,1
131,48,26,9.07923,0
131,49,43,9.039767,0
131,50,39,8.988461,1
131,51,40,8.5675,1
131,52,46,9.014348,1
131,53,66,8.120606,1
131,54,346,7.02948,1
131,55,170,7.170706,1
131,56,48,7.550833,1
131,57,55,7.545636,0
131,58,49,7.557755,0
131,59,60,7.418,0
131,60,70,7.44,1
131,61,145,7.007241,1
131,62,193,7.034041,1
131,63,101,7.416733,1
131,64,123,7.44691,0
131,65,51,7.468431,1
131,66,80,7.895,1
131,67,80,8.45875,1
131,68,72,8.783055,1
131,69,80,8.17125,1
131,70,73,9.011643,1
131,71,69,8.850869,1
131,72,126,8.868571,1
131,73,398,7.006331,1
131,74,104,7.0775,1
131,75,66,8.855151,1
131,76,87,8.886552,1
131,77,66,8.858182,1
131,78,72,9.313611,1
131,79,250,7.28464,1
131,80,145,7.329448,1
131,81,66,8.972727,1
131,82,90,8.861777,1
131,83,93,8.895806,1
131,84,299,7.02612,1
131,85,70,9.138,1
131,86,98,8.473878,1
131,87,102,7.781177,1
131,88,193,7.303989,1
131,89,100,8.281,1
131,90,128,7.975547,1
131,91,76,8.293947,1
131,92,62,8.311774,1
131,93,68,8.307647,0
131,94,112,8.320446,0
131,95,85,8.432353,0
131,96,56,8.4275,0
131,97,52,8.543846,0
131,98,68,8.419412,0
131,99,59,8.420508,0
131,100,53,8.476792,0
131,101,50,8.422,0
131,102,64,8.35875,0
131,103,70,8.478572,0
131,104,63,8.429683,0
131,105,287,8.077805,0
131,106,192,8.217865,0
131,107,57,8.542281,1
131,108,93,8.667419,1
131,109,51,8.898627,1
131,110,60,8.7785,0
131,111,119,7.702773,1
131,112,65,8.905385,1
131,113,261,8.032146,1
131,114,158,8.431076,1
131,115,78,8.592564,1
131,116,58,8.746379,1
131,117,68,8.549118,1
131,118,67,8.519104,1
131,119,72,8.4375,1
131,120,86,8.545116,1
131,121,61,7.752295,1
131,122,273,7.08011,1
131,123,120,7.37375,1
131,124,42,8.777143,1
131,125,55,8.732546,1
131,126,67,7.502537,1
131,127,301,6.535515,1
131,128,75,7.287333,1
131,129,36,8.651111,1
131,130,43,8.664418,1
131,131,43,8.617907,1
131,132,40,8.5725,1
131,133,46,8.634783,1
131,134,54,8.714074,1
131,135,70,7.822,1
131,136,190,7.202631,1
131,137,69,7.951449,1
131,138,51,8.409019,1
131,139,87,7.846322,1
131,140,71,8.118732,1
131,141,57,8.351403,1
131,142,67,8.441642,1
131,143,186,7.16957,1
131,144,41,8.733171,1
131,145,44,8.567273,1
131,146,45,8.487333,1
131,147,66,8.558485,1
131,148,155,8.301097,1
131,149,73,8.439315,1
131,150,41,8.616829,0
131,151,54,8.72074,1
131,152,71,8.528028,1
131,153,44,8.642273,0
131,154,122,8.24,1
131,155,58,8.594828,0
131,156,57,8.610702,1
131,157,228,7.989518,1
131,158,203,8.03601,1
131,159,43,8.284419,1
131,160,41,8.445122,1
131,161,1489,7.002962,1
131,162,49,8.65449,1
131,163,26,8.666154,1
131,164,188,5.92617,1
131,165,70,6.864143,0
131,166,32,9.11,1
131,167,44,8.418636,1
131,168,57,8.195965,1
131,169,97,8.024845,1
131,170,38,8.234211,1
131,171,32,8.094375,1
131,172,39,8.113589,1
131,173,53,8.054528,1
131,174,171,7.915497,0
131,175,120,8.035334,0
131,176,33,8.154243,1
131,177,27,8.293704,1
131,178,1009,7.011368,1
131,179,299,7.053712,1
131,180,40,8.3805,0
131,181,27,8.535926,1
131,182,24,8.071667,1
131,183,41,7.996341,1
131,184,29,8.341035,1
131,185,44,7.41,1
131,186,215,6.084884,1
131,187,22,8.385454,1
131,277,100,5.6175,1
131,278,1329,5.99,1
131,279,21,6.595238,1
131,280,132,4.99,1
131,281,47,6.554255,1
131,282,1329,5.99,1
131,283,21,6.595238,1
131,284,39,6.99,1
131,285,43,6.99,1
131,286,48,6.99,1
131,287,773,4.99,1
131,288,23,6.641739,1
132,1,28,7.655715,1
132,2,20,7.41,0
132,3,33,7.58697,0
132,4,125,7.49912,0
132,5,159,7.012641,1
132,6,87,7.846782,1
132,7,59,8.079152,1
132,8,59,8.162881,1
132,9,43,7.998837,1
132,10,44,7.745454,0
132,11,33,8.120909,0
132,12,51,8.486078,0
132,14,70,8.942,1
132,15,58,8.968276,1
132,16,61,8.675246,0
132,17,397,7.982141,1
132,18,27,8.650741,0
132,21,53,7.184717,1
132,22,45,8.344222,1
132,23,54,8.17037,1
132,24,36,8.426111,1
132,25,48,8.255834,1
132,26,30,8.29,1
132,27,46,8.25,0
132,28,141,7.131277,1
132,29,108,7.177593,1
132,30,58,8.142758,0
132,31,34,8.231176,0
132,32,52,8.614615,0
132,33,47,8.163192,0
132,34,40,8.2765,0
132,35,30,8.228,1
132,36,72,8.784722,1
132,37,54,9.062963,1
132,38,62,9.052258,1
132,39,51,9.051176,0
132,40,66,9.038182,1
132,41,56,8.855357,1
132,42,39,8.99,1
132,43,57,8.700526,1
132,44,54,8.984445,0
132,45,43,8.692326,1
132,46,30,9.168,1
132,47,40,9.0985,1
132,48,32,9.2925,0
132,49,31,8.973871,0
132,50,36,8.543333,1
132,51,33,8.722727,1
132,52,36,8.073334,1
132,53,46,8.032609,1
132,54,262,7.040992,1
132,55,144,7.110556,1
132,56,35,7.421429,1
132,57,22,7.447273,0
132,58,37,7.781352,0
132,59,33,7.60394,0
132,60,61,7.717869,1
132,61,204,7.024314,1
132,62,86,7.083023,1
132,63,48,7.44625,1
132,64,47,7.540638,0
132,65,46,7.477826,1
132,66,58,7.685517,1
132,67,98,8.327755,1
132,68,92,8.62913,1
132,69,77,8.586103,1
132,70,75,8.954,1
132,71,57,8.86193,1
132,72,82,8.887561,1
132,73,357,6.973193,1
132,74,129,7.010155,1
132,75,58,8.879655,1
132,76,56,8.872143,1
132,77,83,8.850241,1
132,78,70,9.342857,1
132,79,232,7.216897,1
132,80,78,7.672821,1
132,81,96,9.013541,1
132,82,93,8.869785,1
132,83,85,8.819177,1
132,84,462,7.018571,1
132,85,67,9.051194,1
132,86,64,8.575,1
132,87,150,7.414,1
132,88,160,7.27875,1
132,89,103,8.261845,1
132,90,115,7.818261,1
132,91,56,8.404285,1
132,92,63,8.541587,1
132,93,74,8.437297,0
132,94,69,8.535942,0
132,95,51,8.505686,0
132,96,37,8.587297,0
132,97,43,8.469069,0
132,98,54,8.615926,0
132,99,55,8.63,0
132,100,39,8.543846,0
132,101,47,8.524042,0
132,102,48,8.542084,0
132,103,56,8.565,0
132,104,55,8.55,0
132,105,276,8.066993,0
132,106,256,8.095664,0
132,107,64,8.466719,1
132,108,91,8.597692,1
132,109,64,9.012813,1
132,110,54,8.755926,0
132,111,111,7.845496,1
132,112,52,8.784231,1
132,113,289,8.078927,1
132,114,134,8.110149,1
132,115,66,8.732424,1
132,116,51,8.591961,1
132,117,75,8.781734,1
132,118,60,8.585333,1
132,119,72,8.605,1
132,120,92,8.616087,1
132,121,62,8.388226,1
132,122,186,7.14914,1
132,123,111,7.577207,1
132,124,32,8.87625,1
132,125,56,8.784107,1
132,126,36,7.965833,1
132,127,245,6.305102,1
132,128,71,7.310282,1
132,129,50,8.564,1
132,130,70,8.68,1
132,131,62,8.544839,1
132,132,52,8.849615,1
132,133,52,8.682307,1
132,134,47,8.849574,1
132,135,71,8.44338,1
132,136,93,7.448064,1
132,137,65,7.892769,1
132,138,40,8.6035,1
132,139,100,7.741,1
132,140,70,8.238,1
132,141,66,8.359697,1
132,142,62,8.566129,1
132,143,97,7.577629,1
132,144,32,8.69625,1
132,145,46,8.639131,1
132,146,57,8.725789,1
132,147,46,8.603044,1
132,148,109,8.409266,1
132,149,57,8.434211,1
132,150,42,8.766191,0
132,151,51,8.853137,1
132,152,48,8.892083,1
132,153,56,8.684643,0
132,154,101,8.263268,1
132,155,57,8.814562,0
132,156,47,8.689787,1
132,157,213,8.092254,1
132,158,204,8.151667,1
132,159,50,8.71,1
132,160,56,8.755357,1
132,161,1813,7.0115,1
132,162,62,8.724355,1
132,163,64,8.826563,1
132,164,67,8.946866,1
132,165,45,8.783334,0
132,166,37,9.049459,1
132,167,36,8.809444,1
132,168,40,8.315,1
132,169,72,8.149722,1
132,170,46,8.259565,1
132,171,42,8.456667,1
132,172,36,8.645555,1
132,173,42,8.375714,1
132,174,120,8.045834,0
132,175,82,8.076586,0
132,176,44,8.469545,1
132,177,35,8.181429,1
132,178,858,7.023334,1
132,179,185,7.185027,1
132,180,31,8.548064,0
132,181,34,8.64,1
132,182,22,8.430909,1
132,183,29,8.417586,1
132,184,22,8.585455,1
132,185,49,7.41449,1
132,186,113,6.149292,1
132,187,45,8.381111,1
132,188,20,8.825,0
132,189,44,8.315,0
132,255,22,6.59,0
132,256,26,6.59,0
133,127,21,8.928095,1
133,128,54,8.664074,1
133,129,904,6.088673,1
133,130,30,8.45,1
133,131,36,8.226111,1
133,133,39,8.476923,1
133,134,33,8.405151,1
133,135,63,7.818413,1
133,136,209,7.147895,1
133,137,37,7.828378,1
133,138,35,8.178572,1
133,139,81,7.572716,1
133,140,59,8.204915,1
133,141,52,8.407308,1
133,142,42,8.590952,1
133,143,164,7.29122,1
133,144,25,8.882,1
133,145,29,8.634138,1
133,146,38,8.61,1
133,147,40,8.6485,1
133,148,137,8.240949,1
133,149,72,8.345555,1
133,150,30,8.683333,0
133,151,39,8.531026,1
133,152,41,8.768049,1
133,153,48,8.706667,0
133,154,80,8.17875,1
133,155,41,8.698537,0
133,156,29,8.413448,1
133,157,362,7.953867,1
133,158,237,8.005232,1
133,159,36,8.558888,1
133,160,36,8.595834,1
133,161,1762,7.001691,1
133,162,70,8.691714,1
133,163,42,8.452381,1
133,164,47,8.562979,1
133,165,64,8.105312,0
133,166,16,9.15875,1
133,167,32,8.824375,1
133,168,23,8.174348,1
133,169,73,7.919863,1
133,170,27,8.293704,1
133,171,12,8.071667,1
133,172,28,8.357142,1
133,173,26,8.141539,1
133,174,146,7.949726,0
133,175,82,8.049512,0
133,176,23,8.269131,1
133,177,19,8.234211,1
133,178,990,6.999333,1
133,179,228,7.075526,1
133,180,16,8.1625,0
133,181,26,8.393077,1
133,182,20,7.999,1
133,183,23,8.174348,1
133,184,15,8.907333,1
133,185,35,7.078,1
133,186,152,6.043684,1
133,187,25,8.326,1
134,66,35,7.636286,1
134,67,32,8.43375,1
134,68,37,8.659189,1
134,69,38,8.662632,1
134,71,51,8.819804,1
134,72,71,8.907746,1
134,73,249,7.046627,1
134,74,54,7.245555,1
134,75,45,8.830889,1
134,76,30,8.849334,1
134,77,39,8.926923,1
134,78,37,9.218649,1
134,79,149,7.192013,1
134,80,82,7.549268,1
134,81,51,8.687255,1
134,82,44,8.493636,1
134,83,50,8.5284,1
134,84,240,7.005,1
134,85,42,8.702857,1
134,86,69,8.071739,1
134,87,51,7.307647,1
134,88,98,7.345102,1
134,89,77,7.862857,1
134,90,76,7.681973,1
134,91,37,8.157297,1
134,92,45,8.038445,1
134,93,43,8.085116,0
134,94,40,8.21225,0
134,95,34,8.195883,0
134,96,19,8.336316,0
134,97,18,8.39,0
134,98,24,8.206667,0
134,99,15,8.268666,0
134,100,24,8.145,0
134,101,19,8.239473,0
134,102,18,8.312222,0
134,103,23,8.323044,0
134,104,13,8.366923,0
134,105,207,7.919565,0
134,106,198,7.918687,0
134,107,48,8.10875,1
134,108,69,8.626232,1
134,109,14,8.312857,1
134,110,45,8.163777,0
134,111,39,7.607949,1
134,112,18,8.392222,1
134,113,170,7.930588,1
134,114,76,8.24921,1
134,115,24,8.5025,1
134,116,20,8.52,1
134,117,26,8.37923,1
134,118,20,8.342,0
134,119,45,8.246889,1
134,120,45,8.409111,1
134,121,39,7.871795,1
134,122,110,7.199091,1
134,123,34,7.721765,1
134,124,24,8.0425,1
134,125,33,8.457576,1
134,126,43,7.780698,1
134,127,193,6.444404,1
134,128,29,7.382069,1
134,129,18,8.723333,1
134,130,21,8.794762,1
134,131,21,8.547143,1
134,132,31,8.496451,1
134,133,21,8.751904,1
134,134,22,8.712728,1
134,135,33,7.843333,1
134,136,139,7.211583,1
134,137,31,7.876451,1
134,138,25,8.3964,1
134,139,41,7.736341,1
134,140,34,7.937647,1
134,141,31,8.402904,1
134,142,34,8.283529,1
134,143,73,7.283151,1
134,144,22,8.740909,1
134,145,27,8.598148,1
134,146,22,8.542727,1
134,147,26,8.631538,1
134,148,75,8.318533,1
134,149,40,8.405,1
134,150,26,8.805385,0
134,151,24,8.373333,1
134,152,29,8.552069,1
134,153,20,8.685,0
134,154,79,8.178608,1
134,155,32,8.513437,0
134,156,21,8.569048,1
134,157,132,8.071212,1
134,158,70,8.125571,1
134,159,28,8.778571,1
134,160,17,8.671177,1
134,161,856,7.008388,1
134,162,16,8.904375,1
134,163,17,8.797059,1
134,164,16,8.904375,1
134,165,18,9.081667,0
134,166,11,8.931818,1
134,167,28,8.485714,1
134,168,14,7.99,1
134,169,38,8.176842,1
134,170,16,7.89,1
134,171,20,7.999,1
134,172,23,7.984783,1
134,173,17,8.018235,1
134,174,84,7.967857,0
134,175,33,8.022121,0
134,176,11,8.286364,1
134,177,15,8.035334,1
134,178,512,7.002031,1
134,179,100,7.1243,1
134,180,11,8.286364,0
134,181,13,8.393077,1
134,182,16,8.29875,1
134,183,13,8.393077,1
134,184,21,8.201428,1
134,185,17,7.171176,1
134,186,98,6.073265,1
134,187,15,8.326,1
134,190,553,6.99557,1
134,191,33,7.525758,1
134,192,26,8.057693,1
136,106,178,6.183259,1
136,107,591,6.176464,1
136,108,54,8.492778,1
136,109,72,8.528194,0
136,110,134,6.810895,1
136,111,54,8.451482,1
136,112,212,8.030094,1
136,113,117,8.171624,1
136,114,76,8.613685,1
136,115,44,8.553637,1
136,116,57,8.405789,1
136,117,68,8.316618,1
136,118,57,8.382631,1
136,119,59,8.582204,1
136,120,70,7.996,1
136,121,198,7.060202,1
136,122,59,7.302373,1
136,123,31,8.857097,1
136,124,33,8.531212,1
136,125,47,7.378724,1
136,126,260,6.275384,1
136,127,66,7.260606,1
136,128,43,8.515581,1
136,129,25,8.478,1
136,130,36,8.570556,1
136,131,36,8.359445,1
136,133,37,8.379189,1
136,134,38,8.453157,1
136,135,62,8.115161,1
136,136,109,7.340459,1
136,137,37,7.79,1
136,138,33,8.51394,1
136,139,84,7.857857,1
136,140,63,8.159206,1
136,141,50,8.296,1
136,142,49,8.342449,1
136,143,126,7.251111,1
136,144,40,8.5595,1
136,145,71,8.486056,1
136,146,49,8.539796,1
136,147,57,8.475965,1
136,148,85,8.274236,1
136,149,50,8.41,1
136,150,45,8.47,0
136,151,45,8.667778,1
136,152,49,8.54102,1
136,153,46,8.57913,0
136,154,88,8.1275,1
136,155,54,8.517407,0
136,156,49,8.467755,1
136,157,171,8.100701,1
136,158,106,8.167925,1
136,159,52,8.574231,1
136,160,50,8.5352,1
136,161,715,7.003398,1
136,162,51,8.67549,1
136,163,29,8.886896,1
136,164,45,8.679556,1
136,165,16,8.5275,0
136,166,35,8.863143,1
136,167,32,8.627812,1
136,168,46,7.984783,1
136,169,77,7.974935,1
136,170,30,7.962667,1
136,171,35,8.076858,1
136,172,24,8.071667,1
136,173,50,8.0644,1
136,174,115,7.927913,0
136,175,73,7.89,0
136,176,28,8.045714,1
136,177,32,8.094375,1
136,178,500,6.99616,1
136,179,149,7.139329,1
136,180,39,8.001795,0
136,181,43,7.89,1
136,182,47,7.936383,1
136,183,29,7.965172,1
136,184,23,7.984783,1
136,185,41,6.99,1
136,186,109,6.102293,1
136,187,42,7.99381,1
136,188,26,7.973846,0
137,61,374,7.006043,1
137,62,174,7.150919,1
137,63,75,8.162,1
137,64,86,8.336395,0
137,65,68,8.382206,1
137,66,81,8.702346,1
137,67,94,9.007021,1
137,68,123,9.132277,1
137,69,197,8.520965,1
137,70,154,9.230909,1
137,71,191,9.195131,1
137,72,137,9.160803,1
137,73,628,6.99,1
137,74,146,7.004247,1
137,75,70,9.157429,1
137,76,87,9.15138,1
137,77,76,9.142368,1
137,78,110,10.21818,1
137,79,361,7.31831,1
137,80,169,7.815325,1
137,81,114,9.613685,1
137,82,137,8.938613,1
137,83,109,8.912569,1
137,84,434,7.042534,1
137,85,109,9.752569,1
137,86,139,9.184676,1
137,87,123,8.03065,1
137,88,300,7.311,1
137,89,96,8.808541,1
137,90,120,8.269,1
137,91,74,8.982973,1
137,92,115,8.980174,1
137,93,115,8.982,1
137,94,83,9.012409,1
137,95,81,9.277037,1
137,96,52,9.417308,1
137,97,53,9.386415,1
137,98,73,9.282055,0
137,99,57,9.341578,0
137,100,48,9.23125,1
137,101,60,9.414,0
137,102,62,9.319677,1
137,103,80,9.279625,0
137,104,52,9.442116,1
137,105,420,8.083928,1
137,106,237,8.170127,0
137,107,85,8.349529,1
137,108,143,8.988182,1
137,109,47,9.187447,1
137,110,70,8.874143,0
137,111,165,7.681273,1
137,112,62,8.496451,1
137,113,405,8.006,1
137,114,133,8.488271,1
137,115,103,8.570582,1
137,116,97,8.561134,1
137,117,78,8.448077,1
137,118,86,8.346279,1
137,119,78,8.487436,1
137,120,99,8.755555,1
137,121,95,8.065895,1
137,122,383,7.033446,1
137,123,102,7.343137,1
137,124,48,9.188125,1
137,125,49,9.082245,1
137,126,72,7.8475,1
137,127,329,6.260517,1
137,128,99,6.843939,1
137,129,50,9.1052,1
137,130,45,9.137555,1
137,131,47,9.115957,1
137,132,52,9.051538,1
137,133,52,9.101539,1
137,134,63,9.391111,1
137,135,87,8.340344,1
137,136,278,7.19687,1
137,137,119,7.870168,1
137,138,78,8.979102,1
137,139,175,7.7164,1
137,140,130,8.210231,1
137,141,112,8.285,1
137,142,126,8.693571,1
137,143,349,7.097507,1
137,144,47,9.431064,1
137,145,80,9.16225,1
137,146,85,9.186471,1
137,147,81,9.266666,1
137,148,191,8.968377,1
137,149,99,8.854141,1
137,150,56,9.470893,0
137,151,72,9.404722,1
137,152,63,9.306508,1
137,153,71,9.327183,0
137,154,142,8.265141,1
137,155,83,9.289639,0
137,156,75,9.1988,1
137,157,439,8.030137,1
137,158,259,8.137181,1
137,159,87,9.368621,1
137,160,61,9.12459,1
137,161,1829,7.004489,1
137,162,81,8.69321,1
137,163,67,8.941791,1
137,164,62,9.290807,1
137,165,52,9.102307,0
137,166,65,9.023847,1
137,167,72,8.861111,1
137,168,49,8.717551,1
137,169,118,8.632373,1
137,170,46,8.698695,1
137,171,55,8.703636,1
137,172,48,8.74625,1
137,173,72,8.728889,1
137,174,333,8.176997,1
137,175,128,8.170547,1
137,176,55,8.579091,1
137,177,49,8.757347,1
137,178,1126,7.000124,1
137,179,226,7.113097,1
137,180,47,8.317234,0
137,181,53,8.592831,1
137,182,42,8.73881,1
137,183,54,8.752037,1
137,184,54,8.705741,1
137,185,101,7.106139,1
137,186,248,6.021049,1
137,187,58,8.654655,1
137,188,36,8.798333,0
139,157,2193,5.041021,1
139,158,221,8.076878,1
139,159,45,8.765555,1
139,160,38,8.754474,1
139,161,1849,6.998437,1
139,162,51,8.792549,1
139,163,22,8.763637,1
139,164,21,8.863334,1
139,165,28,8.825,0
139,166,25,8.822,1
139,167,41,8.305122,1
139,168,26,7.89,1
139,169,54,7.921482,1
139,170,32,7.99625,1
139,171,50,8.162,1
139,172,30,8.003333,1
139,173,29,8.007241,1
139,174,120,7.904167,0
139,175,77,7.912078,0
139,176,34,8.19,1
139,177,22,8.121819,1
139,178,754,7.000345,1
139,179,211,7.063128,1
139,180,27,8.015926,0
139,181,25,8.094,1
139,182,19,8.068948,1
139,183,17,7.99,1
139,184,22,8.276363,1
139,185,33,7.147576,1
139,186,147,6.01449,1
139,187,26,8.020769,1
139,188,24,7.89,0
